<html>
<body>
<pre>
<h1>�Vision Build Log</h1>
<h2>Tool Versions:</h2>
IDE-Version: ��Vision V5.37.0.0
Copyright (C) 2022 ARM Ltd and ARM Germany GmbH. All rights reserved.
License Information:  ,  , LIC=CZLZX-HKUUH-WFLI7-E7UNR-JJCCZ-LV6W4
 
Tool Versions:
Toolchain:       MDK-ARM Plus  Version: 5.37.0.0
Toolchain Path:  D:\Keil_v5\ARM\ARMCC\Bin
C Compiler:      Armcc.exe V5.06 update 6 (build 750)
Assembler:       Armasm.exe V5.06 update 6 (build 750)
Linker/Locator:  ArmLink.exe V5.06 update 6 (build 750)
Library Manager: ArmAr.exe V5.06 update 6 (build 750)
Hex Converter:   FromElf.exe V5.06 update 6 (build 750)
CPU DLL:         SARMCM3.DLL V5.37.0.0
Dialog DLL:      DCM.DLL V1.17.5.0
Target DLL:      CMSIS_AGDI.dll V1.33.12.0
Dialog DLL:      TCM.DLL V1.56.1.0
 
<h2>Project:</h2>
G:\STM32F4\f4_repository\HAL_STM32F429_RTOS\Project\F429_Template.uvprojx
Project File Date:  04/24/2024

<h2>Output:</h2>
*** Using Compiler 'V5.06 update 6 (build 750)', folder: 'D:\Keil_v5\ARM\ARMCC\Bin'
Build target 'APP1'
compiling bsp_eth.c...
compiling main.c...
..\User\main.c(80): warning:  #223-D: function "httpd_init" declared implicitly
      httpd_init();       /* httpd服务器初始化 */
..\User\main.c(81): warning:  #223-D: function "httpd_ssi_init" declared implicitly
      httpd_ssi_init();
..\User\main.c(82): warning:  #223-D: function "httpd_cgi_init" declared implicitly
      httpd_cgi_init();
..\User\main.c: 3 warnings, 0 errors
compiling sys_arch.c...
..\User\Module\lwip\arch\sys_arch.c(521): warning:  #870-D: invalid multibyte character sequence
      printf("本地IP地址�?:%d.%d.%d.%d\n\n",  \
..\User\Module\lwip\arch\sys_arch.c: 1 warning, 0 errors
linking...
Program Size: Code=64452 RO-data=473916 RW-data=480 ZI-data=166496  
FromELF: creating hex file...
After Build - User command #1: fromelf --bin -o .\Objects/STM32F429.bin .\Objects\STM32F429.axf
".\Objects\STM32F429.axf" - 0 Error(s), 4 Warning(s).

<h2>Software Packages used:</h2>

Package Vendor: Keil
                http://www.keil.com/pack/Keil.STM32F4xx_DFP.2.14.0.pack
                Keil.STM32F4xx_DFP.2.14.0
                STMicroelectronics STM32F4 Series Device Support, Drivers and Examples

<h2>Collection of Component include folders:</h2>
  D:/Keil_v5/Packs/Keil/STM32F4xx_DFP/2.14.0/Drivers/CMSIS/Device/ST/STM32F4xx/Include

<h2>Collection of Component Files used:</h2>
Build Time Elapsed:  00:00:02
</pre>
</body>
</html>
