<html>
<body>
<pre>
<h1>礦ision Build Log</h1>
<h2>Tool Versions:</h2>
IDE-Version: μVision V5.35.0.0
Copyright (C) 2021 ARM Ltd and ARM Germany GmbH. All rights reserved.
License Information:  ,   , LIC=TIVNB-2Q4TL-2ZWW4-FL0BT-I4FUC-8SSJT
 
Tool Versions:
Toolchain:       MDK-ARM Plus  Version: 5.35.0.2
Toolchain Path:  C:\Keil_v5\ARM\ARMCC\Bin
C Compiler:      Armcc.exe V5.06 update 7 (build 960)
Assembler:       Armasm.exe V5.06 update 7 (build 960)
Linker/Locator:  ArmLink.exe V5.06 update 7 (build 960)
Library Manager: ArmAr.exe V5.06 update 7 (build 960)
Hex Converter:   FromElf.exe V5.06 update 7 (build 960)
CPU DLL:         SARMCM3.DLL V5.35.0.2
Dialog DLL:      DCM.DLL V1.17.3.0
Target DLL:      Segger\JL2CM3.dll V2.99.40.0
Dialog DLL:      TCM.DLL V1.53.0.0
 
<h2>Project:</h2>
E:\f4_repository\FreeRTOS\HAL_STM32F429\Project\F429_Template.uvprojx
Project File Date:  10/19/2023

<h2>Output:</h2>
*** Using Compiler 'V5.06 update 7 (build 960)', folder: 'C:\Keil_v5\ARM\ARMCC\Bin'
Build target 'APP1'
compiling bsp_timer.c...
compiling bsp_uart_debug.c...
compiling common.c...
compiling bsp_button.c...
compiling bsp_rtc.c...
compiling stm32f4xx_hal_eth.c...
compiling bsp_fmc_sdram.c...
compiling bsp_eth.c...
compiling multi_timer_user.c...
..\User\Module\MultiTimer\multi_timer_user.c(34): warning:  #940-D: missing return statement at end of non-void function "MultiTimer_DebugUart_CallBack" 
  }
..\User\Module\MultiTimer\multi_timer_user.c(45): warning:  #940-D: missing return statement at end of non-void function "Timer_MPU6050_CallBack" 
  }
..\User\Module\MultiTimer\multi_timer_user.c: 2 warnings, 0 errors
compiling multi_button_user.c...
..\User\Module\MultiButton\multi_button_user.c(22): warning:  #111-D: statement is unreachable
  			break;
..\User\Module\MultiButton\multi_button_user.c: 1 warning, 0 errors
compiling stm32f4xx_it.c...
compiling main.c...
..\User\main.c(82): warning:  #223-D: function "httpd_init" declared implicitly
      httpd_init();       /* httpd服务器初始化 */
..\User\main.c(83): warning:  #223-D: function "httpd_ssi_init" declared implicitly
      httpd_ssi_init();
..\User\main.c(84): warning:  #223-D: function "httpd_cgi_init" declared implicitly
      httpd_cgi_init();
..\User\main.c: 3 warnings, 0 errors
compiling board.c...
..\User\board.c(89): warning:  #223-D: function "sys_check_timeouts" declared implicitly
          sys_check_timeouts();
..\User\board.c: 1 warning, 0 errors
compiling err.c...
compiling api_lib.c...
compiling api_msg.c...
compiling if_api.c...
compiling netbuf.c...
compiling netifapi.c...
compiling netdb.c...
compiling altcp.c...
compiling tcpip.c...
compiling altcp_alloc.c...
compiling altcp_tcp.c...
compiling def.c...
compiling sockets.c...
compiling dns.c...
compiling inet_chksum.c...
compiling ip.c...
compiling init.c...
compiling mem.c...
compiling memp.c...
compiling raw.c...
compiling stats.c...
compiling netif.c...
compiling pbuf.c...
compiling sys.c...
compiling tcp.c...
compiling tcp_in.c...
compiling autoip.c...
compiling dhcp.c...
compiling udp.c...
compiling timeouts.c...
compiling tcp_out.c...
compiling etharp.c...
compiling icmp.c...
compiling igmp.c...
compiling ip4.c...
compiling ip4_addr.c...
compiling bridgeif.c...
compiling ip4_frag.c...
compiling bridgeif_fdb.c...
compiling ethernet.c...
compiling lowpan6.c...
compiling lowpan6_ble.c...
compiling lowpan6_common.c...
compiling zepif.c...
compiling ethernetif.c...
..\User\Module\lwip\arch\ethernetif\ethernetif.c(118): warning:  #223-D: function "Bsp_Eth_Init" declared implicitly
      hal_eth_init_status = Bsp_Eth_Init();
..\User\Module\lwip\arch\ethernetif\ethernetif.c(118): warning:  #188-D: enumerated type mixed with another type
      hal_eth_init_status = Bsp_Eth_Init();
..\User\Module\lwip\arch\ethernetif\ethernetif.c: 2 warnings, 0 errors
compiling lwip_eth_user.c...
..\User\Module\lwip\arch\./lwip_eth_user.h(20): warning:  #1295-D: Deprecated declaration http_server_socket_init - give arg types
  void http_server_socket_init();
..\User\Module\lwip\arch\lwip_eth_user.c(633): warning:  #111-D: statement is unreachable
          if (connected >= 0)
..\User\Module\lwip\arch\lwip_eth_user.c(569): warning:  #177-D: variable "client_addr"  was declared but never referenced
      struct sockaddr_in server_addr, client_addr;
..\User\Module\lwip\arch\lwip_eth_user.c(570): warning:  #550-D: variable "sin_size"  was set but never used
      socklen_t sin_size;
..\User\Module\lwip\arch\lwip_eth_user.c(571): warning:  #177-D: variable "recv_data_len"  was declared but never referenced
      int recv_data_len;
..\User\Module\lwip\arch\lwip_eth_user.c(800): warning:  #177-D: variable "file"  was declared but never referenced
      struct fs_file file;
..\User\Module\lwip\arch\lwip_eth_user.c(528): warning:  #177-D: function "Http_Server_Socket"  was declared but never referenced
  static void Http_Server_Socket(struct netconn *conn)
..\User\Module\lwip\arch\lwip_eth_user.c: 7 warnings, 0 errors
compiling sys_arch.c...
compiling httpd_cgi_ssi.c...
..\User\Module\lwip\arch\lwip_app\httpd_cgi_ssi.c(310): warning:  #940-D: missing return statement at end of non-void function "BEEP_CGI_Handler" 
  }
..\User\Module\lwip\arch\lwip_app\httpd_cgi_ssi.c(268): warning:  #550-D: parameter "iIndex"  was set but never used
  const char *BEEP_CGI_Handler(int iIndex, int iNumParams, char *pcParam[], char *pcValue[])
..\User\Module\lwip\arch\lwip_app\httpd_cgi_ssi.c(270): warning:  #177-D: variable "i"  was declared but never referenced
      uint8_t i = 0;
..\User\Module\lwip\arch\lwip_app\httpd_cgi_ssi.c: 3 warnings, 0 errors
compiling httpd.c...
compiling croutine.c...
compiling event_groups.c...
compiling list.c...
compiling fs.c...
compiling timers.c...
compiling queue.c...
compiling tasks.c...
compiling port.c...
compiling heap_4.c...
linking...
Program Size: Code=57032 RO-data=473832 RW-data=464 ZI-data=166440  
FromELF: creating hex file...
After Build - User command #1: fromelf --bin -o .\Objects/STM32F429.bin .\Objects\STM32F429.axf
".\Objects\STM32F429.axf" - 0 Error(s), 19 Warning(s).

<h2>Software Packages used:</h2>

Package Vendor: Keil
                https://www.keil.com/pack/Keil.STM32F4xx_DFP.2.17.1.pack
                Keil.STM32F4xx_DFP.2.17.1
                STMicroelectronics STM32F4 Series Device Support, Drivers and Examples

<h2>Collection of Component include folders:</h2>
  C:\Users\Administrator\AppData\Local\Arm\Packs\Keil\STM32F4xx_DFP\2.17.1\Drivers\CMSIS\Device\ST\STM32F4xx\Include

<h2>Collection of Component Files used:</h2>
Build Time Elapsed:  00:00:06
</pre>
</body>
</html>
