Component: ARM Compiler 5.06 update 7 (build 960) Tool: armlink [4d3601]

==============================================================================

Section Cross References

    startup_stm32f429xx.o(STACK) refers (Special) to board.o(.constdata) for version
    startup_stm32f429xx.o(HEAP) refers (Special) to board.o(.constdata) for version
    startup_stm32f429xx.o(RESET) refers (Special) to board.o(.constdata) for version
    startup_stm32f429xx.o(RESET) refers to startup_stm32f429xx.o(STACK) for __initial_sp
    startup_stm32f429xx.o(RESET) refers to startup_stm32f429xx.o(.text) for Reset_Handler
    startup_stm32f429xx.o(RESET) refers to stm32f4xx_it.o(i.NMI_Handler) for NMI_Handler
    startup_stm32f429xx.o(RESET) refers to stm32f4xx_it.o(i.HardFault_Handler) for HardFault_Handler
    startup_stm32f429xx.o(RESET) refers to stm32f4xx_it.o(i.MemManage_Handler) for MemManage_Handler
    startup_stm32f429xx.o(RESET) refers to stm32f4xx_it.o(i.BusFault_Handler) for BusFault_Handler
    startup_stm32f429xx.o(RESET) refers to stm32f4xx_it.o(i.UsageFault_Handler) for UsageFault_Handler
    startup_stm32f429xx.o(RESET) refers to port.o(.emb_text) for SVC_Handler
    startup_stm32f429xx.o(RESET) refers to stm32f4xx_it.o(i.DebugMon_Handler) for DebugMon_Handler
    startup_stm32f429xx.o(RESET) refers to stm32f4xx_it.o(i.SysTick_Handler) for SysTick_Handler
    startup_stm32f429xx.o(RESET) refers to stm32f4xx_it.o(i.EXTI0_IRQHandler) for EXTI0_IRQHandler
    startup_stm32f429xx.o(RESET) refers to bsp_uart_debug.o(i.USART1_IRQHandler) for USART1_IRQHandler
    startup_stm32f429xx.o(RESET) refers to stm32f4xx_it.o(i.SDIO_IRQHandler) for SDIO_IRQHandler
    startup_stm32f429xx.o(RESET) refers to bsp_timer.o(i.TIM6_DAC_IRQHandler) for TIM6_DAC_IRQHandler
    startup_stm32f429xx.o(RESET) refers to bsp_timer.o(i.TIM7_IRQHandler) for TIM7_IRQHandler
    startup_stm32f429xx.o(RESET) refers to stm32f4xx_it.o(i.DMA2_Stream3_IRQHandler) for DMA2_Stream3_IRQHandler
    startup_stm32f429xx.o(RESET) refers to bsp_eth.o(i.ETH_IRQHandler) for ETH_IRQHandler
    startup_stm32f429xx.o(RESET) refers to stm32f4xx_it.o(i.DMA2_Stream6_IRQHandler) for DMA2_Stream6_IRQHandler
    startup_stm32f429xx.o(.text) refers (Special) to board.o(.constdata) for version
    startup_stm32f429xx.o(.text) refers to system_stm32f4xx.o(i.SystemInit) for SystemInit
    startup_stm32f429xx.o(.text) refers to entry.o(.ARM.Collect$$$$00000000) for __main
    system_stm32f4xx.o(i.SystemCoreClockUpdate) refers to system_stm32f4xx.o(.data) for .data
    system_stm32f4xx.o(i.SystemCoreClockUpdate) refers to system_stm32f4xx.o(.constdata) for .constdata
    stm32f4xx_hal.o(i.HAL_DeInit) refers to stm32f4xx_hal.o(i.HAL_MspDeInit) for HAL_MspDeInit
    stm32f4xx_hal.o(i.HAL_Delay) refers to stm32f4xx_hal.o(i.HAL_GetTick) for HAL_GetTick
    stm32f4xx_hal.o(i.HAL_Delay) refers to stm32f4xx_hal.o(.data) for .data
    stm32f4xx_hal.o(i.HAL_GetTick) refers to stm32f4xx_hal.o(.data) for .data
    stm32f4xx_hal.o(i.HAL_GetTickFreq) refers to stm32f4xx_hal.o(.data) for .data
    stm32f4xx_hal.o(i.HAL_GetTickPrio) refers to stm32f4xx_hal.o(.data) for .data
    stm32f4xx_hal.o(i.HAL_IncTick) refers to stm32f4xx_hal.o(.data) for .data
    stm32f4xx_hal.o(i.HAL_Init) refers to stm32f4xx_hal_cortex.o(i.HAL_NVIC_SetPriorityGrouping) for HAL_NVIC_SetPriorityGrouping
    stm32f4xx_hal.o(i.HAL_Init) refers to stm32f4xx_hal.o(i.HAL_InitTick) for HAL_InitTick
    stm32f4xx_hal.o(i.HAL_Init) refers to stm32f4xx_hal.o(i.HAL_MspInit) for HAL_MspInit
    stm32f4xx_hal.o(i.HAL_InitTick) refers to stm32f4xx_hal_cortex.o(i.HAL_SYSTICK_Config) for HAL_SYSTICK_Config
    stm32f4xx_hal.o(i.HAL_InitTick) refers to stm32f4xx_hal_cortex.o(i.HAL_NVIC_SetPriority) for HAL_NVIC_SetPriority
    stm32f4xx_hal.o(i.HAL_InitTick) refers to stm32f4xx_hal.o(.data) for .data
    stm32f4xx_hal.o(i.HAL_InitTick) refers to system_stm32f4xx.o(.data) for SystemCoreClock
    stm32f4xx_hal.o(i.HAL_SetTickFreq) refers to stm32f4xx_hal.o(i.HAL_InitTick) for HAL_InitTick
    stm32f4xx_hal.o(i.HAL_SetTickFreq) refers to stm32f4xx_hal.o(.data) for .data
    stm32f4xx_hal_adc.o(i.ADC_DMAConvCplt) refers to stm32f4xx_hal_adc.o(i.HAL_ADC_ConvCpltCallback) for HAL_ADC_ConvCpltCallback
    stm32f4xx_hal_adc.o(i.ADC_DMAError) refers to stm32f4xx_hal_adc.o(i.HAL_ADC_ErrorCallback) for HAL_ADC_ErrorCallback
    stm32f4xx_hal_adc.o(i.ADC_DMAHalfConvCplt) refers to stm32f4xx_hal_adc.o(i.HAL_ADC_ConvHalfCpltCallback) for HAL_ADC_ConvHalfCpltCallback
    stm32f4xx_hal_adc.o(i.HAL_ADC_ConfigChannel) refers to system_stm32f4xx.o(.data) for SystemCoreClock
    stm32f4xx_hal_adc.o(i.HAL_ADC_DeInit) refers to stm32f4xx_hal_adc.o(i.HAL_ADC_MspDeInit) for HAL_ADC_MspDeInit
    stm32f4xx_hal_adc.o(i.HAL_ADC_IRQHandler) refers to stm32f4xx_hal_adc.o(i.HAL_ADC_ConvCpltCallback) for HAL_ADC_ConvCpltCallback
[...]
    pbuf_take_at                             0x08007be5   Thumb Code   100  pbuf.o(i.pbuf_take_at)
    pvPortMalloc                             0x080082b9   Thumb Code   206  heap_4.o(i.pvPortMalloc)
    pvTaskIncrementMutexHeldCount            0x080083c1   Thumb Code    20  tasks.o(i.pvTaskIncrementMutexHeldCount)
    pxPortInitialiseStack                    0x080083d9   Thumb Code    30  port.o(i.pxPortInitialiseStack)
    sys_arch_mbox_fetch                      0x080083fd   Thumb Code    66  sys_arch.o(i.sys_arch_mbox_fetch)
    sys_arch_protect                         0x0800843f   Thumb Code    10  sys_arch.o(i.sys_arch_protect)
    sys_arch_sem_wait                        0x08008449   Thumb Code    64  sys_arch.o(i.sys_arch_sem_wait)
    sys_arch_unprotect                       0x08008489   Thumb Code     4  sys_arch.o(i.sys_arch_unprotect)
    sys_check_timeouts                       0x0800848d   Thumb Code    62  timeouts.o(i.sys_check_timeouts)
    sys_init                                 0x080084d1   Thumb Code    28  sys_arch.o(i.sys_init)
    sys_mbox_new                             0x080084f5   Thumb Code    28  sys_arch.o(i.sys_mbox_new)
    sys_mbox_trypost                         0x08008511   Thumb Code    28  sys_arch.o(i.sys_mbox_trypost)
    sys_mbox_valid                           0x0800852d   Thumb Code    14  sys_arch.o(i.sys_mbox_valid)
    sys_mutex_lock                           0x0800853b   Thumb Code    12  sys_arch.o(i.sys_mutex_lock)
    sys_mutex_new                            0x08008549   Thumb Code    30  sys_arch.o(i.sys_mutex_new)
    sys_mutex_unlock                         0x08008585   Thumb Code    12  sys_arch.o(i.sys_mutex_unlock)
    sys_now                                  0x08008591   Thumb Code    12  sys_arch.o(i.sys_now)
    sys_sem_new                              0x080085a1   Thumb Code    62  sys_arch.o(i.sys_sem_new)
    sys_sem_signal                           0x080085fd   Thumb Code    30  sys_arch.o(i.sys_sem_signal)
    sys_thread_new                           0x0800863d   Thumb Code    52  sys_arch.o(i.sys_thread_new)
    sys_timeout                              0x08008699   Thumb Code    38  timeouts.o(i.sys_timeout)
    sys_timeouts_init                        0x08008799   Thumb Code    28  timeouts.o(i.sys_timeouts_init)
    sys_timeouts_sleeptime                   0x080087bd   Thumb Code    36  timeouts.o(i.sys_timeouts_sleeptime)
    tcp_abandon                              0x080087e5   Thumb Code   218  tcp.o(i.tcp_abandon)
    tcp_abort                                0x080088f9   Thumb Code     6  tcp.o(i.tcp_abort)
    tcp_accept                               0x080088ff   Thumb Code    14  tcp.o(i.tcp_accept)
    tcp_alloc                                0x08008949   Thumb Code   156  tcp.o(i.tcp_alloc)
    tcp_arg                                  0x080089f1   Thumb Code     8  tcp.o(i.tcp_arg)
    tcp_bind                                 0x080089f9   Thumb Code   134  tcp.o(i.tcp_bind)
    tcp_close                                0x08008a8d   Thumb Code    30  tcp.o(i.tcp_close)
    tcp_eff_send_mss_netif                   0x08008d91   Thumb Code    50  tcp.o(i.tcp_eff_send_mss_netif)
    tcp_enqueue_flags                        0x08008ded   Thumb Code   240  tcp_out.o(i.tcp_enqueue_flags)
    tcp_err                                  0x08008fa9   Thumb Code    28  tcp.o(i.tcp_err)
    tcp_fasttmr                              0x08008fed   Thumb Code   102  tcp.o(i.tcp_fasttmr)
    tcp_free                                 0x08009059   Thumb Code    28  tcp.o(i.tcp_free)
    tcp_init                                 0x080091e9   Thumb Code    20  tcp.o(i.tcp_init)
    tcp_input                                0x08009201   Thumb Code  1528  tcp_in.o(i.tcp_input)
    tcp_keepalive                            0x0800986d   Thumb Code    74  tcp_out.o(i.tcp_keepalive)
    tcp_listen_with_backlog                  0x08009b45   Thumb Code     6  tcp.o(i.tcp_listen_with_backlog)
    tcp_listen_with_backlog_and_err          0x08009b4d   Thumb Code   156  tcp.o(i.tcp_listen_with_backlog_and_err)
    tcp_netif_ip_addr_changed                0x08009bf1   Thumb Code    72  tcp.o(i.tcp_netif_ip_addr_changed)
    tcp_new_ip_type                          0x08009ca1   Thumb Code     6  tcp.o(i.tcp_new_ip_type)
    tcp_next_iss                             0x08009d01   Thumb Code    24  tcp.o(i.tcp_next_iss)
    tcp_output                               0x08009d39   Thumb Code   552  tcp_out.o(i.tcp_output)
    tcp_pcb_purge                            0x0800a4e9   Thumb Code    62  tcp.o(i.tcp_pcb_purge)
    tcp_pcb_remove                           0x0800a529   Thumb Code   124  tcp.o(i.tcp_pcb_remove)
    tcp_poll                                 0x0800a615   Thumb Code    32  tcp.o(i.tcp_poll)
    tcp_process_refused_data                 0x0800ab5f   Thumb Code   124  tcp.o(i.tcp_process_refused_data)
    tcp_recv                                 0x0800b14d   Thumb Code    28  tcp.o(i.tcp_recv)
    tcp_recv_null                            0x0800b191   Thumb Code    46  tcp.o(i.tcp_recv_null)
    tcp_recved                               0x0800b1c1   Thumb Code    80  tcp.o(i.tcp_recved)
    tcp_rexmit                               0x0800b285   Thumb Code   116  tcp_out.o(i.tcp_rexmit)
    tcp_rexmit_fast                          0x0800b311   Thumb Code   102  tcp_out.o(i.tcp_rexmit_fast)
    tcp_rexmit_rto                           0x0800b399   Thumb Code    36  tcp_out.o(i.tcp_rexmit_rto)
    tcp_rexmit_rto_commit                    0x0800b3d9   Thumb Code    38  tcp_out.o(i.tcp_rexmit_rto_commit)
    tcp_rexmit_rto_prepare                   0x0800b425   Thumb Code   124  tcp_out.o(i.tcp_rexmit_rto_prepare)
    tcp_rst                                  0x0800b4d9   Thumb Code   112  tcp_out.o(i.tcp_rst)
    tcp_seg_free                             0x0800b581   Thumb Code    30  tcp.o(i.tcp_seg_free)
    tcp_segs_free                            0x0800b59f   Thumb Code    18  tcp.o(i.tcp_segs_free)
    tcp_send_empty_ack                       0x0800b5b1   Thumb Code   106  tcp_out.o(i.tcp_send_empty_ack)
    tcp_send_fin                             0x0800b63d   Thumb Code    80  tcp_out.o(i.tcp_send_fin)
    tcp_sent                                 0x0800b6a9   Thumb Code    26  tcp.o(i.tcp_sent)
    tcp_setprio                              0x0800b6ed   Thumb Code     8  tcp.o(i.tcp_setprio)
    tcp_slowtmr                              0x0800b6f5   Thumb Code   834  tcp.o(i.tcp_slowtmr)
    tcp_split_unsent_seg                     0x0800bc15   Thumb Code   344  tcp_out.o(i.tcp_split_unsent_seg)
    tcp_timer_needed                         0x0800bdd5   Thumb Code    36  timeouts.o(i.tcp_timer_needed)
    tcp_tmr                                  0x0800bea1   Thumb Code    28  tcp.o(i.tcp_tmr)
    tcp_trigger_input_pcb_close              0x0800bec1   Thumb Code    12  tcp_in.o(i.tcp_trigger_input_pcb_close)
    tcp_update_rcv_ann_wnd                   0x0800bed1   Thumb Code    78  tcp.o(i.tcp_update_rcv_ann_wnd)
    tcp_write                                0x0800bf61   Thumb Code  1020  tcp_out.o(i.tcp_write)
    tcp_zero_window_probe                    0x0800c615   Thumb Code   196  tcp_out.o(i.tcp_zero_window_probe)
    tcpip_init                               0x0800c6fd   Thumb Code    66  tcpip.o(i.tcpip_init)
    tcpip_inpkt                              0x0800c799   Thumb Code    80  tcpip.o(i.tcpip_inpkt)
    tcpip_input                              0x0800c7fd   Thumb Code    22  tcpip.o(i.tcpip_input)
    udp_bind                                 0x0800c97d   Thumb Code   130  udp.o(i.udp_bind)
    udp_init                                 0x0800ca09   Thumb Code    20  udp.o(i.udp_init)
    udp_input                                0x0800ca21   Thumb Code   342  udp.o(i.udp_input)
    udp_netif_ip_addr_changed                0x0800cc85   Thumb Code    48  udp.o(i.udp_netif_ip_addr_changed)
    udp_remove                               0x0800cd01   Thumb Code    48  udp.o(i.udp_remove)
    udp_sendto                               0x0800cd35   Thumb Code   116  udp.o(i.udp_sendto)
    udp_sendto_if                            0x0800cdad   Thumb Code    74  udp.o(i.udp_sendto_if)
    udp_sendto_if_src                        0x0800cdf9   Thumb Code   254  udp.o(i.udp_sendto_if_src)
    uxListRemove                             0x0800cf29   Thumb Code    36  list.o(i.uxListRemove)
    vListInitialise                          0x0800cf4d   Thumb Code    22  list.o(i.vListInitialise)
    vListInitialiseItem                      0x0800cf63   Thumb Code     6  list.o(i.vListInitialiseItem)
    vListInsert                              0x0800cf69   Thumb Code    48  list.o(i.vListInsert)
    vListInsertEnd                           0x0800cf99   Thumb Code    24  list.o(i.vListInsertEnd)
    vPortEnterCritical                       0x0800cfb1   Thumb Code    50  port.o(i.vPortEnterCritical)
    vPortExitCritical                        0x0800d025   Thumb Code    38  port.o(i.vPortExitCritical)
    vPortFree                                0x0800d089   Thumb Code    94  heap_4.o(i.vPortFree)
    vPortSetupTimerInterrupt                 0x0800d121   Thumb Code    26  port.o(i.vPortSetupTimerInterrupt)
    vPortValidateInterruptPriority           0x0800d141   Thumb Code    70  port.o(i.vPortValidateInterruptPriority)
    vTaskDelay                               0x0800d1c9   Thumb Code    66  tasks.o(i.vTaskDelay)
    vTaskDelete                              0x0800d23d   Thumb Code   152  tasks.o(i.vTaskDelete)
    vTaskMissedYield                         0x0800d30d   Thumb Code     8  tasks.o(i.vTaskMissedYield)
    vTaskPlaceOnEventList                    0x0800d319   Thumb Code    46  tasks.o(i.vTaskPlaceOnEventList)
    vTaskPriorityInherit                     0x0800d375   Thumb Code   126  tasks.o(i.vTaskPriorityInherit)
    vTaskSetTimeOutState                     0x0800d3fd   Thumb Code    32  tasks.o(i.vTaskSetTimeOutState)
    vTaskStartScheduler                      0x0800d449   Thumb Code    88  tasks.o(i.vTaskStartScheduler)
    vTaskSuspendAll                          0x0800d4d9   Thumb Code    10  tasks.o(i.vTaskSuspendAll)
    vTaskSwitchContext                       0x0800d4e9   Thumb Code    84  tasks.o(i.vTaskSwitchContext)
    xPortStartScheduler                      0x0800d56d   Thumb Code   192  port.o(i.xPortStartScheduler)
    xPortSysTickHandler                      0x0800d679   Thumb Code    38  port.o(i.xPortSysTickHandler)
    xQueueCreateCountingSemaphore            0x0800d6a5   Thumb Code    56  queue.o(i.xQueueCreateCountingSemaphore)
    xQueueCreateMutex                        0x0800d705   Thumb Code    24  queue.o(i.xQueueCreateMutex)
    xQueueGenericCreate                      0x0800d71d   Thumb Code    72  queue.o(i.xQueueGenericCreate)
    xQueueGenericReceive                     0x0800d795   Thumb Code   374  queue.o(i.xQueueGenericReceive)
    xQueueGenericReset                       0x0800d939   Thumb Code   130  queue.o(i.xQueueGenericReset)
    xQueueGenericSend                        0x0800d9e9   Thumb Code   334  queue.o(i.xQueueGenericSend)
    xQueueGiveFromISR                        0x0800db65   Thumb Code   146  queue.o(i.xQueueGiveFromISR)
    xTaskCheckForTimeOut                     0x0800dc21   Thumb Code   104  tasks.o(i.xTaskCheckForTimeOut)
    xTaskCreate                              0x0800dcb5   Thumb Code    96  tasks.o(i.xTaskCreate)
    xTaskGetSchedulerState                   0x0800dd15   Thumb Code    24  tasks.o(i.xTaskGetSchedulerState)
    xTaskGetTickCount                        0x0800dd31   Thumb Code     6  tasks.o(i.xTaskGetTickCount)
    xTaskIncrementTick                       0x0800dd3d   Thumb Code   192  tasks.o(i.xTaskIncrementTick)
    xTaskPriorityDisinherit                  0x0800de2d   Thumb Code   136  tasks.o(i.xTaskPriorityDisinherit)
    xTaskRemoveFromEventList                 0x0800dee5   Thumb Code   108  tasks.o(i.xTaskRemoveFromEventList)
    xTaskResumeAll                           0x0800df85   Thumb Code   184  tasks.o(i.xTaskResumeAll)
    AHBPrescTable                            0x0800e074   Data          16  system_stm32f4xx.o(.constdata)
    APBPrescTable                            0x0800e084   Data           8  system_stm32f4xx.o(.constdata)
    version                                  0x0800e08c   Data           4  board.o(.constdata)
    memp_UDP_PCB                             0x0800e090   Data          12  memp.o(.constdata)
    memp_TCP_PCB                             0x0800e09c   Data          12  memp.o(.constdata)
    memp_TCP_PCB_LISTEN                      0x0800e0a8   Data          12  memp.o(.constdata)
    memp_TCP_SEG                             0x0800e0b4   Data          12  memp.o(.constdata)
    memp_REASSDATA                           0x0800e0c0   Data          12  memp.o(.constdata)
    memp_FRAG_PBUF                           0x0800e0cc   Data          12  memp.o(.constdata)
    memp_NETBUF                              0x0800e0d8   Data          12  memp.o(.constdata)
    memp_NETCONN                             0x0800e0e4   Data          12  memp.o(.constdata)
    memp_TCPIP_MSG_API                       0x0800e0f0   Data          12  memp.o(.constdata)
    memp_TCPIP_MSG_INPKT                     0x0800e0fc   Data          12  memp.o(.constdata)
    memp_IGMP_GROUP                          0x0800e108   Data          12  memp.o(.constdata)
    memp_SYS_TIMEOUT                         0x0800e114   Data          12  memp.o(.constdata)
    memp_NETDB                               0x0800e120   Data          12  memp.o(.constdata)
    memp_PBUF                                0x0800e12c   Data          12  memp.o(.constdata)
    memp_PBUF_POOL                           0x0800e138   Data          12  memp.o(.constdata)
    memp_pools                               0x0800e144   Data          60  memp.o(.constdata)
    tcp_pcb_lists                            0x0800e1c4   Data          16  tcp.o(.constdata)
    lwip_cyclic_timers                       0x0800e1d4   Data          40  timeouts.o(.constdata)
    ip_addr_any                              0x0800e1fc   Data           4  ip4_addr.o(.constdata)
    ip_addr_broadcast                        0x0800e200   Data           4  ip4_addr.o(.constdata)
    ethbroadcast                             0x0800e204   Data           6  ethernet.o(.constdata)
    ethzero                                  0x0800e20a   Data           6  ethernet.o(.constdata)
    file__image_head_jpg                     0x080815c0   Data          20  fs.o(.constdata)
    file__image_LOGO_png                     0x080815d4   Data          20  fs.o(.constdata)
    file__image_stm32_png                    0x080815e8   Data          20  fs.o(.constdata)
    file__image_tab_jpg                      0x080815fc   Data          20  fs.o(.constdata)
    file__404_html                           0x08081610   Data          20  fs.o(.constdata)
    file__index_html                         0x08081624   Data          20  fs.o(.constdata)
    file__STM32F407ADC_TEMPERATE_shtml       0x08081638   Data          20  fs.o(.constdata)
    file__STM32F407LED_OFF_BEEP_OFF_shtml    0x0808164c   Data          20  fs.o(.constdata)
    file__STM32F407LED_OFF_BEEP_ON_shtml     0x08081660   Data          20  fs.o(.constdata)
    file__STM32F407LED_ON_BEEP_OFF_shtml     0x08081674   Data          20  fs.o(.constdata)
    file__STM32F407LED_ON_BEEP_ON_shtml      0x08081688   Data          20  fs.o(.constdata)
    file__STM32F407RTC_shtml                 0x0808169c   Data          20  fs.o(.constdata)
    http_ssi_tag_desc                        0x080816ec   Data          16  httpd.o(.constdata)
    __ctype_table                            0x0808170c   Data         129  ctype_o.o(.constdata)
    Region$$Table$$Base                      0x08081990   Number         0  anon$$obj.o(Region$$Table)
    Region$$Table$$Limit                     0x080819b0   Number         0  anon$$obj.o(Region$$Table)
    SystemCoreClock                          0x20000000   Data           4  system_stm32f4xx.o(.data)
    uwTickFreq                               0x20000004   Data           1  stm32f4xx_hal.o(.data)
    uwTickPrio                               0x20000008   Data           4  stm32f4xx_hal.o(.data)
    uwTick                                   0x2000000c   Data           4  stm32f4xx_hal.o(.data)
    DebugUartReveiveData                     0x20000010   Data           8  bsp_uart_debug.o(.data)
    MultiTimer_ticks                         0x20000018   Data           8  bsp_timer.o(.data)
    lock_tcpip_core                          0x20000040   Data           4  tcpip.o(.data)
    netif_list                               0x200000a0   Data           4  netif.o(.data)
    netif_default                            0x200000a4   Data           4  netif.o(.data)
    tcp_active_pcbs_changed                  0x200000a8   Data           1  tcp.o(.data)
    tcp_ticks                                0x200000b4   Data           4  tcp.o(.data)
    tcp_bound_pcbs                           0x200000b8   Data           4  tcp.o(.data)
    tcp_listen_pcbs                          0x200000bc   Data           4  tcp.o(.data)
    tcp_active_pcbs                          0x200000c0   Data           4  tcp.o(.data)
    tcp_tw_pcbs                              0x200000c4   Data           4  tcp.o(.data)
    tcp_input_pcb                            0x200000e8   Data           4  tcp_in.o(.data)
    udp_pcbs                                 0x200000fc   Data           4  udp.o(.data)
    s_xSemaphore                             0x2000011c   Data           4  ethernetif.o(.data)
    tx_sem                                   0x20000120   Data           4  ethernetif.o(.data)
    eth_tx_mb                                0x20000124   Data           4  ethernetif.o(.data)
    lwip_sys_now                             0x20000130   Data           4  sys_arch.o(.data)
    ipaddr                                   0x20000134   Data           4  sys_arch.o(.data)
    netmask                                  0x20000138   Data           4  sys_arch.o(.data)
    gw                                       0x2000013c   Data           4  sys_arch.o(.data)
    pxCurrentTCB                             0x20000168   Data           4  tasks.o(.data)
    __stdout                                 0x200001cc   Data           4  stdout.o(.data)
    DebugUartHandler                         0x200001d0   Data          64  bsp_uart_debug.o(.bss)
    DebugUartReceiveBuffer                   0x20000210   Data         128  bsp_uart_debug.o(.bss)
    SdramHandler                             0x20000290   Data          52  bsp_fmc_sdram.o(.bss)
    TIM_TimeBaseStructure                    0x200002d4   Data          60  bsp_timer.o(.bss)
    TIM_MultiTimerStructure                  0x20000310   Data          60  bsp_timer.o(.bss)
    heth                                     0x2000034c   Data          72  bsp_eth.o(.bss)
    DMARxDscrTab                             0x20000394   Data         256  bsp_eth.o(.bss)
    DMATxDscrTab                             0x20000494   Data         256  bsp_eth.o(.bss)
    Rx_Buff                                  0x20000594   Data       12192  bsp_eth.o(.bss)
    Tx_Buff                                  0x20003534   Data       12192  bsp_eth.o(.bss)
    Timer_DebugUart_Handler                  0x200064d8   Data          24  multi_timer_user.o(.bss)
    ip_data                                  0x20006970   Data          24  ip.o(.bss)
    ram_heap                                 0x20006988   Data       25619  mem.o(.bss)
    memp_memory_UDP_PCB_base                 0x2000cd9b   Data         163  memp.o(.bss)
    memp_memory_TCP_PCB_base                 0x2000ce3e   Data         915  memp.o(.bss)
    memp_memory_TCP_PCB_LISTEN_base          0x2000d1d1   Data         171  memp.o(.bss)
    memp_memory_TCP_SEG_base                 0x2000d27c   Data        1923  memp.o(.bss)
    memp_memory_REASSDATA_base               0x2000d9ff   Data         163  memp.o(.bss)
    memp_memory_FRAG_PBUF_base               0x2000daa2   Data         363  memp.o(.bss)
    memp_memory_NETBUF_base                  0x2000dc0d   Data          35  memp.o(.bss)
    memp_memory_NETCONN_base                 0x2000dc30   Data         179  memp.o(.bss)
    memp_memory_TCPIP_MSG_API_base           0x2000dce3   Data         131  memp.o(.bss)
    memp_memory_TCPIP_MSG_INPKT_base         0x2000dd66   Data         131  memp.o(.bss)
    memp_memory_IGMP_GROUP_base              0x2000dde9   Data         131  memp.o(.bss)
    memp_memory_SYS_TIMEOUT_base             0x2000de6c   Data         243  memp.o(.bss)
    memp_memory_NETDB_base                   0x2000df5f   Data         311  memp.o(.bss)
    memp_memory_PBUF_base                    0x2000e096   Data         403  memp.o(.bss)
    memp_memory_PBUF_POOL_base               0x2000e229   Data       68943  memp.o(.bss)
    gnetif                                   0x2001f098   Data          56  sys_arch.o(.bss)
    __initial_sp                             0x20028bf8   Data           0  startup_stm32f429xx.o(STACK)



==============================================================================

Memory Map of the image

  Image Entry point : 0x080001ad

  Load Region LR_IROM1 (Base: 0x08000000, Size: 0x00081b80, Max: 0x00100000, ABSOLUTE, COMPRESSED[0x000819d8])

    Execution Region ER_IROM1 (Exec base: 0x08000000, Load base: 0x08000000, Size: 0x000819b0, Max: 0x00100000, ABSOLUTE)

    Exec Addr    Load Addr    Size         Type   Attr      Idx    E Section Name        Object

    0x08000000   0x08000000   0x000001ac   Data   RO            3    RESET               startup_stm32f429xx.o
    0x080001ac   0x080001ac   0x00000000   Code   RO        13070  * .ARM.Collect$$$$00000000  mc_w.l(entry.o)
    0x080001ac   0x080001ac   0x00000004   Code   RO        13425    .ARM.Collect$$$$00000001  mc_w.l(entry2.o)
    0x080001b0   0x080001b0   0x00000004   Code   RO        13428    .ARM.Collect$$$$00000004  mc_w.l(entry5.o)
    0x080001b4   0x080001b4   0x00000000   Code   RO        13430    .ARM.Collect$$$$00000008  mc_w.l(entry7b.o)
    0x080001b4   0x080001b4   0x00000000   Code   RO        13432    .ARM.Collect$$$$0000000A  mc_w.l(entry8b.o)
    0x080001b4   0x080001b4   0x00000008   Code   RO        13433    .ARM.Collect$$$$0000000B  mc_w.l(entry9a.o)
    0x080001bc   0x080001bc   0x00000004   Code   RO        13440    .ARM.Collect$$$$0000000E  mc_w.l(entry12b.o)
    0x080001c0   0x080001c0   0x00000000   Code   RO        13435    .ARM.Collect$$$$0000000F  mc_w.l(entry10a.o)
    0x080001c0   0x080001c0   0x00000000   Code   RO        13437    .ARM.Collect$$$$00000011  mc_w.l(entry11a.o)
    0x080001c0   0x080001c0   0x00000004   Code   RO        13426    .ARM.Collect$$$$00002712  mc_w.l(entry2.o)
    0x080001c4   0x080001c4   0x000000b6   Code   RO        12923    .emb_text           port.o
    0x0800027a   0x0800027a   0x00000002   PAD
    0x0800027c   0x0800027c   0x00000024   Code   RO            4    .text               startup_stm32f429xx.o
    0x080002a0   0x080002a0   0x00000062   Code   RO        13073    .text               mc_w.l(uldiv.o)
    0x08000302   0x08000302   0x00000002   PAD
    0x08000304   0x08000304   0x00000008   Code   RO        13075    .text               mc_w.l(ctype_o.o)
    0x0800030c   0x0800030c   0x00000024   Code   RO        13105    .text               mc_w.l(rand.o)
    0x08000330   0x08000330   0x00000040   Code   RO        13110    .text               mc_w.l(memmovea.o)
    0x08000370   0x08000370   0x00000024   Code   RO        13112    .text               mc_w.l(memseta.o)
    0x08000394   0x08000394   0x00000024   Code   RO        13116    .text               mc_w.l(strstr.o)
    0x080003b8   0x080003b8   0x00000014   Code   RO        13120    .text               mc_w.l(strchr.o)
    0x080003cc   0x080003cc   0x0000000e   Code   RO        13122    .text               mc_w.l(strlen.o)
    0x080003da   0x080003da   0x0000001c   Code   RO        13124    .text               mc_w.l(strcmp.o)
    0x080003f6   0x080003f6   0x0000001a   Code   RO        13126    .text               mc_w.l(memcmp.o)
    0x08000410   0x08000410   0x0000001e   Code   RO        13128    .text               mc_w.l(strncmp.o)
    0x0800042e   0x0800042e   0x0000001e   Code   RO        13444    .text               mc_w.l(llshl.o)
    0x0800044c   0x0800044c   0x00000020   Code   RO        13446    .text               mc_w.l(llushr.o)
    0x0800046c   0x0800046c   0x00000024   Code   RO        13470    .text               mc_w.l(init.o)
    0x08000490   0x08000490   0x00000056   Code   RO        13488    .text               mc_w.l(__dczerorl2.o)
    0x080004e6   0x080004e6   0x00000002   Code   RO        12144    i.ADC_Handler       httpd_cgi_ssi.o
    0x080004e8   0x080004e8   0x000000cc   Code   RO         7161    i.AppTaskCreate     main.o
    0x080005b4   0x080005b4   0x00000014   Code   RO        12145    i.BEEP_CGI_Handler  httpd_cgi_ssi.o
    0x080005c8   0x080005c8   0x00000038   Code   RO         7332    i.BSP_Init          board.o
    0x08000600   0x08000600   0x000000dc   Code   RO         6764    i.Bsp_Eth_Init      bsp_eth.o
    0x080006dc   0x080006dc   0x00000004   Code   RO         7214    i.BusFault_Handler  stm32f4xx_it.o
    0x080006e0   0x080006e0   0x00000002   Code   RO         7215    i.DMA2_Stream3_IRQHandler  stm32f4xx_it.o
    0x080006e2   0x080006e2   0x00000002   Code   RO         7216    i.DMA2_Stream6_IRQHandler  stm32f4xx_it.o
    0x080006e4   0x080006e4   0x00000002   Code   RO         7217    i.DebugMon_Handler  stm32f4xx_it.o
    0x080006e6   0x080006e6   0x00000002   PAD
    0x080006e8   0x080006e8   0x00000038   Code   RO         6507    i.Debug_Uart_Config  bsp_uart_debug.o
    0x08000720   0x08000720   0x00000088   Code   RO         6508    i.Debug_Uart_Init   bsp_uart_debug.o
    0x080007a8   0x080007a8   0x00000024   Code   RO         6509    i.Debug_Uart_SendString  bsp_uart_debug.o
    0x080007cc   0x080007cc   0x00000010   Code   RO         1215    i.ETH_DMAReceptionEnable  stm32f4xx_hal_eth.o
    0x080007dc   0x080007dc   0x00000010   Code   RO         1217    i.ETH_DMATransmissionEnable  stm32f4xx_hal_eth.o
    0x080007ec   0x080007ec   0x00000024   Code   RO         1218    i.ETH_Delay         stm32f4xx_hal_eth.o
    0x08000810   0x08000810   0x0000002e   Code   RO         1219    i.ETH_FlushTransmitFIFO  stm32f4xx_hal_eth.o
    0x0800083e   0x0800083e   0x00000002   PAD
    0x08000840   0x08000840   0x00000024   Code   RO         6765    i.ETH_IRQHandler    bsp_eth.o
    0x08000864   0x08000864   0x0000002c   Code   RO         1220    i.ETH_MACAddressConfig  stm32f4xx_hal_eth.o
    0x08000890   0x08000890   0x00000190   Code   RO         1221    i.ETH_MACDMAConfig  stm32f4xx_hal_eth.o
    0x08000a20   0x08000a20   0x00000022   Code   RO         1223    i.ETH_MACReceptionEnable  stm32f4xx_hal_eth.o
    0x08000a42   0x08000a42   0x00000022   Code   RO         1225    i.ETH_MACTransmissionEnable  stm32f4xx_hal_eth.o
    0x08000a64   0x08000a64   0x00000002   Code   RO         7218    i.EXTI0_IRQHandler  stm32f4xx_it.o
    0x08000a66   0x08000a66   0x00000002   PAD
    0x08000a68   0x08000a68   0x00000058   Code   RO         6766    i.Eth_Reset         bsp_eth.o
    0x08000ac0   0x08000ac0   0x00000052   Code   RO         5537    i.FMC_SDRAM_Init    stm32f4xx_ll_fmc.o
    0x08000b12   0x08000b12   0x0000000c   Code   RO         5538    i.FMC_SDRAM_ProgramRefreshRate  stm32f4xx_ll_fmc.o
    0x08000b1e   0x08000b1e   0x00000046   Code   RO         5539    i.FMC_SDRAM_SendCommand  stm32f4xx_ll_fmc.o
    0x08000b64   0x08000b64   0x00000070   Code   RO         5541    i.FMC_SDRAM_Timing_Init  stm32f4xx_ll_fmc.o
    0x08000bd4   0x08000bd4   0x0000002c   Code   RO        12146    i.FindCGIParameter  httpd_cgi_ssi.o
    0x08000c00   0x08000c00   0x0000006c   Code   RO         7333    i.GPIO_CLK_Init     board.o
    0x08000c6c   0x08000c6c   0x00000024   Code   RO          262    i.HAL_Delay         stm32f4xx_hal.o
    0x08000c90   0x08000c90   0x0000006e   Code   RO         1228    i.HAL_ETH_DMARxDescListInit  stm32f4xx_hal_eth.o
    0x08000cfe   0x08000cfe   0x0000007a   Code   RO         1229    i.HAL_ETH_DMATxDescListInit  stm32f4xx_hal_eth.o
    0x08000d78   0x08000d78   0x0000001a   Code   RO         1230    i.HAL_ETH_DeInit    stm32f4xx_hal_eth.o
    0x08000d92   0x08000d92   0x00000002   PAD
    0x08000d94   0x08000d94   0x00000014   Code   RO         6767    i.HAL_ETH_ErrorCallback  bsp_eth.o
    0x08000da8   0x08000da8   0x0000007e   Code   RO         1232    i.HAL_ETH_GetReceivedFrame  stm32f4xx_hal_eth.o
    0x08000e26   0x08000e26   0x00000082   Code   RO         1235    i.HAL_ETH_IRQHandler  stm32f4xx_hal_eth.o
    0x08000ea8   0x08000ea8   0x00000238   Code   RO         1236    i.HAL_ETH_Init      stm32f4xx_hal_eth.o
    0x080010e0   0x080010e0   0x00000068   Code   RO         6768    i.HAL_ETH_MspDeInit  bsp_eth.o
    0x08001148   0x08001148   0x000000c4   Code   RO         6769    i.HAL_ETH_MspInit   bsp_eth.o
    0x0800120c   0x0800120c   0x00000082   Code   RO         1238    i.HAL_ETH_ReadPHYRegister  stm32f4xx_hal_eth.o
    0x0800128e   0x0800128e   0x00000002   PAD
    0x08001290   0x08001290   0x00000030   Code   RO         6770    i.HAL_ETH_RxCpltCallback  bsp_eth.o
    0x080012c0   0x080012c0   0x00000044   Code   RO         1240    i.HAL_ETH_Start     stm32f4xx_hal_eth.o
    0x08001304   0x08001304   0x00000112   Code   RO         1242    i.HAL_ETH_TransmitFrame  stm32f4xx_hal_eth.o
    0x08001416   0x08001416   0x00000002   Code   RO         6771    i.HAL_ETH_TxCpltCallback  bsp_eth.o
    0x08001418   0x08001418   0x0000007a   Code   RO         1244    i.HAL_ETH_WritePHYRegister  stm32f4xx_hal_eth.o
    0x08001492   0x08001492   0x00000002   PAD
    0x08001494   0x08001494   0x0000015c   Code   RO         1692    i.HAL_GPIO_DeInit   stm32f4xx_hal_gpio.o
    0x080015f0   0x080015f0   0x000001e0   Code   RO         1695    i.HAL_GPIO_Init     stm32f4xx_hal_gpio.o
    0x080017d0   0x080017d0   0x0000000e   Code   RO         1697    i.HAL_GPIO_ReadPin  stm32f4xx_hal_gpio.o
    0x080017de   0x080017de   0x0000000e   Code   RO         1699    i.HAL_GPIO_WritePin  stm32f4xx_hal_gpio.o
    0x080017ec   0x080017ec   0x0000000c   Code   RO          270    i.HAL_GetTick       stm32f4xx_hal.o
    0x080017f8   0x080017f8   0x00000010   Code   RO          274    i.HAL_IncTick       stm32f4xx_hal.o
    0x08001808   0x08001808   0x00000044   Code   RO          276    i.HAL_InitTick      stm32f4xx_hal.o
    0x0800184c   0x0800184c   0x00000016   Code   RO          740    i.HAL_NVIC_EnableIRQ  stm32f4xx_hal_cortex.o
    0x08001862   0x08001862   0x00000002   PAD
    0x08001864   0x08001864   0x00000040   Code   RO          746    i.HAL_NVIC_SetPriority  stm32f4xx_hal_cortex.o
    0x080018a4   0x080018a4   0x00000074   Code   RO         2724    i.HAL_PWREx_EnableOverDrive  stm32f4xx_hal_pwr_ex.o
    0x08001918   0x08001918   0x00000144   Code   RO         2791    i.HAL_RCC_ClockConfig  stm32f4xx_hal_rcc.o
    0x08001a5c   0x08001a5c   0x0000000c   Code   RO         2796    i.HAL_RCC_GetHCLKFreq  stm32f4xx_hal_rcc.o
    0x08001a68   0x08001a68   0x00000020   Code   RO         2798    i.HAL_RCC_GetPCLK1Freq  stm32f4xx_hal_rcc.o
    0x08001a88   0x08001a88   0x00000020   Code   RO         2799    i.HAL_RCC_GetPCLK2Freq  stm32f4xx_hal_rcc.o
    0x08001aa8   0x08001aa8   0x0000006c   Code   RO         2800    i.HAL_RCC_GetSysClockFreq  stm32f4xx_hal_rcc.o
    0x08001b14   0x08001b14   0x00000390   Code   RO         2803    i.HAL_RCC_OscConfig  stm32f4xx_hal_rcc.o
    0x08001ea4   0x08001ea4   0x00000044   Code   RO         3681    i.HAL_SDRAM_Init    stm32f4xx_hal_sdram.o
    0x08001ee8   0x08001ee8   0x00000002   Code   RO         3683    i.HAL_SDRAM_MspInit  stm32f4xx_hal_sdram.o
    0x08001eea   0x08001eea   0x00000026   Code   RO         3684    i.HAL_SDRAM_ProgramRefreshRate  stm32f4xx_hal_sdram.o
    0x08001f10   0x08001f10   0x00000038   Code   RO         3690    i.HAL_SDRAM_SendCommand  stm32f4xx_hal_sdram.o
    0x08001f48   0x08001f48   0x00000028   Code   RO          751    i.HAL_SYSTICK_Config  stm32f4xx_hal_cortex.o
    0x08001f70   0x08001f70   0x00000002   Code   RO         4947    i.HAL_TIMEx_BreakCallback  stm32f4xx_hal_tim_ex.o
    0x08001f72   0x08001f72   0x00000002   Code   RO         4948    i.HAL_TIMEx_CommutationCallback  stm32f4xx_hal_tim_ex.o
    0x08001f74   0x08001f74   0x00000002   Code   RO         4337    i.HAL_TIM_IC_CaptureCallback  stm32f4xx_hal_tim.o
    0x08001f76   0x08001f76   0x0000016e   Code   RO         4350    i.HAL_TIM_IRQHandler  stm32f4xx_hal_tim.o
    0x080020e4   0x080020e4   0x00000002   Code   RO         4353    i.HAL_TIM_OC_DelayElapsedCallback  stm32f4xx_hal_tim.o
    0x080020e6   0x080020e6   0x00000002   Code   RO         4380    i.HAL_TIM_PWM_PulseFinishedCallback  stm32f4xx_hal_tim.o
    0x080020e8   0x080020e8   0x00000034   Code   RO         6635    i.HAL_TIM_PeriodElapsedCallback  bsp_timer.o
    0x0800211c   0x0800211c   0x00000002   Code   RO         4391    i.HAL_TIM_TriggerCallback  stm32f4xx_hal_tim.o
    0x0800211e   0x0800211e   0x00000064   Code   RO         5211    i.HAL_UART_Init     stm32f4xx_hal_uart.o
    0x08002182   0x08002182   0x00000002   Code   RO         5213    i.HAL_UART_MspInit  stm32f4xx_hal_uart.o
    0x08002184   0x08002184   0x000000cc   Code   RO         5219    i.HAL_UART_Transmit  stm32f4xx_hal_uart.o
    0x08002250   0x08002250   0x00000004   Code   RO         7219    i.HardFault_Handler  stm32f4xx_it.o
    0x08002254   0x08002254   0x0000013c   Code   RO        12147    i.LEDS_CGI_Handler  httpd_cgi_ssi.o
    0x08002390   0x08002390   0x00000080   Code   RO         6207    i.LED_GPIO_Config   bsp_led.o
    0x08002410   0x08002410   0x00000004   Code   RO         7220    i.MemManage_Handler  stm32f4xx_it.o
    0x08002414   0x08002414   0x00000010   Code   RO         7001    i.MultiTimer_DebugUart_CallBack  multi_timer_user.o
    0x08002424   0x08002424   0x00000004   Code   RO         7221    i.NMI_Handler       stm32f4xx_it.o
    0x08002428   0x08002428   0x00000020   Code   RO          753    i.NVIC_SetPriority  stm32f4xx_hal_cortex.o
    0x08002448   0x08002448   0x00000002   Code   RO        12148    i.RTCTime_Handler   httpd_cgi_ssi.o
    0x0800244a   0x0800244a   0x00000002   Code   RO        12149    i.RTCdate_Handler   httpd_cgi_ssi.o
    0x0800244c   0x0800244c   0x00000002   Code   RO         7222    i.SDIO_IRQHandler   stm32f4xx_it.o
    0x0800244e   0x0800244e   0x00000002   PAD
    0x08002450   0x08002450   0x00000474   Code   RO         6571    i.SDRAM_GPIO_Config  bsp_fmc_sdram.o
    0x080028c4   0x080028c4   0x00000074   Code   RO         6572    i.SDRAM_Init        bsp_fmc_sdram.o
    0x08002938   0x08002938   0x0000008c   Code   RO         6573    i.SDRAM_InitSequence  bsp_fmc_sdram.o
    0x080029c4   0x080029c4   0x00000020   Code   RO         6577    i.SDRAM_delay       bsp_fmc_sdram.o
    0x080029e4   0x080029e4   0x0000003c   Code   RO        12150    i.SSIHandler        httpd_cgi_ssi.o
    0x08002a20   0x08002a20   0x0000002a   Code   RO         7223    i.SysTick_Handler   stm32f4xx_it.o
    0x08002a4a   0x08002a4a   0x0000005e   Code   RO         6455    i.SystemClock_Config  bsp_rcc.o
    0x08002aa8   0x08002aa8   0x00000054   Code   RO           14    i.SystemInit        system_stm32f4xx.o
    0x08002afc   0x08002afc   0x000000a4   Code   RO        11656    i.TCPIP_Init        sys_arch.o
    0x08002ba0   0x08002ba0   0x0000000c   Code   RO         6639    i.TIM6_DAC_IRQHandler  bsp_timer.o
    0x08002bac   0x08002bac   0x0000000c   Code   RO         6640    i.TIM7_IRQHandler   bsp_timer.o
    0x08002bb8   0x08002bb8   0x00000002   Code   RO        12151    i.Temperate_Handler  httpd_cgi_ssi.o
    0x08002bba   0x08002bba   0x00000002   PAD
    0x08002bbc   0x08002bbc   0x0000001c   Code   RO         7162    i.Test1_Task        main.o
    0x08002bd8   0x08002bd8   0x0000001c   Code   RO         7163    i.Test2_Task        main.o
    0x08002bf4   0x08002bf4   0x00000314   Code   RO         5238    i.UART_SetConfig    stm32f4xx_hal_uart.o
    0x08002f08   0x08002f08   0x00000064   Code   RO         5240    i.UART_WaitOnFlagUntilTimeout  stm32f4xx_hal_uart.o
    0x08002f6c   0x08002f6c   0x00000048   Code   RO         6510    i.USART1_IRQHandler  bsp_uart_debug.o
    0x08002fb4   0x08002fb4   0x00000004   Code   RO         7224    i.UsageFault_Handler  stm32f4xx_it.o
    0x08002fb8   0x08002fb8   0x00000020   Code   RO        13267    i.__0printf$5       mc_w.l(printf5.o)
    0x08002fd8   0x08002fd8   0x0000000e   Code   RO        13482    i.__scatterload_copy  mc_w.l(handlers.o)
    0x08002fe6   0x08002fe6   0x00000002   Code   RO        13483    i.__scatterload_null  mc_w.l(handlers.o)
    0x08002fe8   0x08002fe8   0x0000000e   Code   RO        13484    i.__scatterload_zeroinit  mc_w.l(handlers.o)
    0x08002ff6   0x08002ff6   0x00000002   PAD
    0x08002ff8   0x08002ff8   0x000002c0   Code   RO        13274    i._printf_core      mc_w.l(printf5.o)
    0x080032b8   0x080032b8   0x00000024   Code   RO         8865    i.dns_backupserver_available  dns.o
    0x080032dc   0x080032dc   0x00000094   Code   RO         8866    i.dns_call_found    dns.o
    0x08003370   0x08003370   0x00000014   Code   RO         8867    i.dns_check_entries  dns.o
    0x08003384   0x08003384   0x000000e8   Code   RO         8868    i.dns_check_entry   dns.o
    0x0800346c   0x0800346c   0x00000030   Code   RO         8871    i.dns_create_txid   dns.o
    0x0800349c   0x0800349c   0x00000020   Code   RO         8876    i.dns_init          dns.o
    0x080034bc   0x080034bc   0x0000014c   Code   RO         8879    i.dns_send          dns.o
    0x08003608   0x08003608   0x00000024   Code   RO         8880    i.dns_setserver     dns.o
    0x0800362c   0x0800362c   0x00000004   Code   RO         8882    i.dns_tmr           dns.o
    0x08003630   0x08003630   0x00000048   Code   RO         9248    i.do_memp_free_pool  memp.o
    0x08003678   0x08003678   0x00000058   Code   RO         9249    i.do_memp_malloc_pool  memp.o
    0x080036d0   0x080036d0   0x0000002c   Code   RO        10684    i.etharp_cleanup_netif  etharp.o
    0x080036fc   0x080036fc   0x000001e0   Code   RO        10686    i.etharp_find_entry  etharp.o
    0x080038dc   0x080038dc   0x00000028   Code   RO        10687    i.etharp_free_entry  etharp.o
    0x08003904   0x08003904   0x00000096   Code   RO        10689    i.etharp_input      etharp.o
    0x0800399a   0x0800399a   0x00000002   PAD
    0x0800399c   0x0800399c   0x00000144   Code   RO        10690    i.etharp_output     etharp.o
    0x08003ae0   0x08003ae0   0x000000b0   Code   RO        10691    i.etharp_output_to_arp_index  etharp.o
    0x08003b90   0x08003b90   0x00000190   Code   RO        10692    i.etharp_query      etharp.o
    0x08003d20   0x08003d20   0x000000fc   Code   RO        10693    i.etharp_raw        etharp.o
    0x08003e1c   0x08003e1c   0x0000000c   Code   RO        10694    i.etharp_request    etharp.o
    0x08003e28   0x08003e28   0x00000020   Code   RO        10695    i.etharp_request_dst  etharp.o
    0x08003e48   0x08003e48   0x00000060   Code   RO        10696    i.etharp_tmr        etharp.o
    0x08003ea8   0x08003ea8   0x000000b4   Code   RO        10697    i.etharp_update_arp_entry  etharp.o
    0x08003f5c   0x08003f5c   0x000000a8   Code   RO        11288    i.ethernet_input    ethernet.o
    0x08004004   0x08004004   0x0000008c   Code   RO        11289    i.ethernet_output   ethernet.o
    0x08004090   0x08004090   0x00000080   Code   RO        11418    i.ethernetif_init   ethernetif.o
    0x08004110   0x08004110   0x0000004c   Code   RO        11419    i.ethernetif_input  ethernetif.o
    0x0800415c   0x0800415c   0x00000066   Code   RO        11946    i.extract_uri_parameters  httpd.o
    0x080041c2   0x080041c2   0x00000002   PAD
    0x080041c4   0x080041c4   0x00000018   Code   RO         6512    i.fputc             bsp_uart_debug.o
    0x080041dc   0x080041dc   0x00000008   Code   RO        11866    i.fs_bytes_left     fs.o
    0x080041e4   0x080041e4   0x00000002   Code   RO        11867    i.fs_close          fs.o
    0x080041e6   0x080041e6   0x00000002   PAD
    0x080041e8   0x080041e8   0x00000048   Code   RO        11868    i.fs_open           fs.o
    0x08004230   0x08004230   0x0000011c   Code   RO        11947    i.get_tag_insert    httpd.o
    0x0800434c   0x0800434c   0x00000064   Code   RO        11948    i.http_accept       httpd.o
    0x080043b0   0x080043b0   0x00000070   Code   RO        11949    i.http_check_eof    httpd.o
    0x08004420   0x08004420   0x00000006   Code   RO        11950    i.http_close_conn   httpd.o
    0x08004426   0x08004426   0x00000002   PAD
    0x08004428   0x08004428   0x00000064   Code   RO        11951    i.http_close_or_abort_conn  httpd.o
    0x0800448c   0x0800448c   0x00000004   Code   RO        11952    i.http_eof          httpd.o
    0x08004490   0x08004490   0x0000000a   Code   RO        11953    i.http_err          httpd.o
    0x0800449a   0x0800449a   0x00000002   PAD
    0x0800449c   0x0800449c   0x00000174   Code   RO        11954    i.http_find_file    httpd.o
    0x08004610   0x08004610   0x00000058   Code   RO        11955    i.http_get_404_file  httpd.o
    0x08004668   0x08004668   0x00000108   Code   RO        11956    i.http_init_file    httpd.o
    0x08004770   0x08004770   0x00000134   Code   RO        11957    i.http_parse_request  httpd.o
    0x080048a4   0x080048a4   0x00000046   Code   RO        11958    i.http_poll         httpd.o
    0x080048ea   0x080048ea   0x00000002   PAD
    0x080048ec   0x080048ec   0x000000c8   Code   RO        11959    i.http_recv         httpd.o
    0x080049b4   0x080049b4   0x0000005a   Code   RO        11960    i.http_send         httpd.o
    0x08004a0e   0x08004a0e   0x0000003a   Code   RO        11961    i.http_send_data_nonssi  httpd.o
    0x08004a48   0x08004a48   0x00000330   Code   RO        11962    i.http_send_data_ssi  httpd.o
    0x08004d78   0x08004d78   0x0000001e   Code   RO        11963    i.http_sent         httpd.o
    0x08004d96   0x08004d96   0x00000002   PAD
    0x08004d98   0x08004d98   0x00000054   Code   RO        11964    i.http_set_cgi_handlers  httpd.o
    0x08004dec   0x08004dec   0x00000078   Code   RO        11965    i.http_set_ssi_handler  httpd.o
    0x08004e64   0x08004e64   0x00000018   Code   RO        11966    i.http_ssi_state_alloc  httpd.o
    0x08004e7c   0x08004e7c   0x0000000a   Code   RO        11967    i.http_ssi_state_free  httpd.o
    0x08004e86   0x08004e86   0x00000016   Code   RO        11968    i.http_state_alloc  httpd.o
    0x08004e9c   0x08004e9c   0x0000002a   Code   RO        11969    i.http_state_eof    httpd.o
    0x08004ec6   0x08004ec6   0x0000001a   Code   RO        11970    i.http_state_free   httpd.o
    0x08004ee0   0x08004ee0   0x00000006   Code   RO        11971    i.http_state_init   httpd.o
    0x08004ee6   0x08004ee6   0x00000002   PAD
    0x08004ee8   0x08004ee8   0x0000006c   Code   RO        11972    i.http_uri_is_ssi   httpd.o
    0x08004f54   0x08004f54   0x00000084   Code   RO        11973    i.http_write        httpd.o
    0x08004fd8   0x08004fd8   0x0000000c   Code   RO        12152    i.httpd_cgi_init    httpd_cgi_ssi.o
    0x08004fe4   0x08004fe4   0x0000003c   Code   RO        11974    i.httpd_init        httpd.o
    0x08005020   0x08005020   0x00000088   Code   RO        11975    i.httpd_init_pcb    httpd.o
    0x080050a8   0x080050a8   0x00000014   Code   RO        12153    i.httpd_ssi_init    httpd_cgi_ssi.o
    0x080050bc   0x080050bc   0x00000008   Code   RO        10793    i.icmp_dest_unreach  icmp.o
    0x080050c4   0x080050c4   0x000001b4   Code   RO        10794    i.icmp_input        icmp.o
    0x08005278   0x08005278   0x000000bc   Code   RO        10795    i.icmp_send_response  icmp.o
    0x08005334   0x08005334   0x00000008   Code   RO        10796    i.icmp_time_exceeded  icmp.o
    0x0800533c   0x0800533c   0x00000022   Code   RO        10837    i.igmp_delaying_member  igmp.o
    0x0800535e   0x0800535e   0x00000002   PAD
    0x08005360   0x08005360   0x0000001c   Code   RO        10838    i.igmp_init         igmp.o
    0x0800537c   0x0800537c   0x000000c0   Code   RO        10839    i.igmp_input        igmp.o
    0x0800543c   0x0800543c   0x0000002c   Code   RO        10840    i.igmp_ip_output_if  igmp.o
    0x08005468   0x08005468   0x00000014   Code   RO        10845    i.igmp_lookfor_group  igmp.o
    0x0800547c   0x0800547c   0x000000a8   Code   RO        10846    i.igmp_lookup_group  igmp.o
    0x08005524   0x08005524   0x0000001c   Code   RO        10848    i.igmp_report_groups  igmp.o
    0x08005540   0x08005540   0x000000d0   Code   RO        10849    i.igmp_send         igmp.o
    0x08005610   0x08005610   0x00000034   Code   RO        10850    i.igmp_start        igmp.o
    0x08005644   0x08005644   0x00000028   Code   RO        10851    i.igmp_start_timer  igmp.o
    0x0800566c   0x0800566c   0x00000020   Code   RO        10853    i.igmp_timeout      igmp.o
    0x0800568c   0x0800568c   0x00000034   Code   RO        10854    i.igmp_tmr          igmp.o
    0x080056c0   0x080056c0   0x0000000c   Code   RO         9010    i.inet_chksum       inet_chksum.o
    0x080056cc   0x080056cc   0x0000004a   Code   RO         9011    i.inet_chksum_pbuf  inet_chksum.o
    0x08005716   0x08005716   0x00000040   Code   RO        11052    i.ip4_addr_isbroadcast_u32  ip4_addr.o
    0x08005756   0x08005756   0x00000002   PAD
    0x08005758   0x08005758   0x000001d4   Code   RO        11121    i.ip4_frag          ip4_frag.o
    0x0800592c   0x0800592c   0x000001dc   Code   RO        10965    i.ip4_input         ip4.o
    0x08005b08   0x08005b08   0x0000002c   Code   RO        10966    i.ip4_input_accept  ip4.o
    0x08005b34   0x08005b34   0x0000001e   Code   RO        10968    i.ip4_output_if     ip4.o
    0x08005b52   0x08005b52   0x0000003a   Code   RO        10969    i.ip4_output_if_opt  ip4.o
    0x08005b8c   0x08005b8c   0x0000015c   Code   RO        10970    i.ip4_output_if_opt_src  ip4.o
    0x08005ce8   0x08005ce8   0x0000001e   Code   RO        10971    i.ip4_output_if_src  ip4.o
    0x08005d06   0x08005d06   0x00000002   PAD
    0x08005d08   0x08005d08   0x000001e0   Code   RO        11122    i.ip4_reass         ip4_frag.o
    0x08005ee8   0x08005ee8   0x00000074   Code   RO        10972    i.ip4_route         ip4.o
    0x08005f5c   0x08005f5c   0x00000160   Code   RO        11054    i.ip4addr_aton      ip4_addr.o
    0x080060bc   0x080060bc   0x00000006   Code   RO        11123    i.ip_frag_alloc_pbuf_custom_ref  ip4_frag.o
    0x080060c2   0x080060c2   0x00000002   PAD
    0x080060c4   0x080060c4   0x00000028   Code   RO        11124    i.ip_frag_free_pbuf_custom_ref  ip4_frag.o
    0x080060ec   0x080060ec   0x000001dc   Code   RO        11125    i.ip_reass_chain_frag_into_datagram_and_validate  ip4_frag.o
    0x080062c8   0x080062c8   0x0000004c   Code   RO        11126    i.ip_reass_dequeue_datagram  ip4_frag.o
    0x08006314   0x08006314   0x00000054   Code   RO        11127    i.ip_reass_enqueue_new_datagram  ip4_frag.o
    0x08006368   0x08006368   0x00000118   Code   RO        11128    i.ip_reass_free_complete_datagram  ip4_frag.o
    0x08006480   0x08006480   0x00000088   Code   RO        11129    i.ip_reass_remove_oldest_datagram  ip4_frag.o
    0x08006508   0x08006508   0x0000002c   Code   RO        11130    i.ip_reass_tmr      ip4_frag.o
    0x08006534   0x08006534   0x00000014   Code   RO        11057    i.ipaddr_addr       ip4_addr.o
    0x08006548   0x08006548   0x0000002c   Code   RO        11131    i.ipfrag_free_pbuf_custom  ip4_frag.o
    0x08006574   0x08006574   0x00000120   Code   RO        11420    i.low_level_init    ethernetif.o
    0x08006694   0x08006694   0x000000c4   Code   RO        11421    i.low_level_input   ethernetif.o
    0x08006758   0x08006758   0x000000e0   Code   RO        11422    i.low_level_output  ethernetif.o
    0x08006838   0x08006838   0x00000040   Code   RO        10426    i.lwip_cyclic_timer  timeouts.o
    0x08006878   0x08006878   0x00000018   Code   RO         8809    i.lwip_htonl        def.o
    0x08006890   0x08006890   0x0000000a   Code   RO         8810    i.lwip_htons        def.o
    0x0800689a   0x0800689a   0x0000002a   Code   RO         9083    i.lwip_init         init.o
    0x080068c4   0x080068c4   0x00000056   Code   RO         9018    i.lwip_standard_chksum  inet_chksum.o
    0x0800691a   0x0800691a   0x00000032   Code   RO         8812    i.lwip_stricmp      def.o
    0x0800694c   0x0800694c   0x00000044   Code   RO         8814    i.lwip_strnstr      def.o
    0x08006990   0x08006990   0x00000044   Code   RO         7164    i.main              main.o
    0x080069d4   0x080069d4   0x0000014c   Code   RO         9177    i.mem_free          mem.o
    0x08006b20   0x08006b20   0x00000068   Code   RO         9178    i.mem_init          mem.o
    0x08006b88   0x08006b88   0x00000050   Code   RO         9179    i.mem_link_valid    mem.o
    0x08006bd8   0x08006bd8   0x000001e0   Code   RO         9180    i.mem_malloc        mem.o
    0x08006db8   0x08006db8   0x00000010   Code   RO         9181    i.mem_to_ptr        mem.o
    0x08006dc8   0x08006dc8   0x0000018c   Code   RO         9182    i.mem_trim          mem.o
    0x08006f54   0x08006f54   0x00000018   Code   RO         9250    i.memp_free         memp.o
    0x08006f6c   0x08006f6c   0x0000001c   Code   RO         9252    i.memp_init         memp.o
    0x08006f88   0x08006f88   0x0000002a   Code   RO         9253    i.memp_init_pool    memp.o
    0x08006fb2   0x08006fb2   0x00000002   PAD
    0x08006fb4   0x08006fb4   0x00000018   Code   RO         9254    i.memp_malloc       memp.o
    0x08006fcc   0x08006fcc   0x00000080   Code   RO         6964    i.multi_timer_start  multi_timer.o
    0x0800704c   0x0800704c   0x00000130   Code   RO         9394    i.netif_add         netif.o
    0x0800717c   0x0800717c   0x0000001a   Code   RO         9396    i.netif_do_ip_addr_changed  netif.o
    0x08007196   0x08007196   0x00000016   Code   RO         9397    i.netif_do_set_gw   netif.o
    0x080071ac   0x080071ac   0x0000005c   Code   RO         9398    i.netif_do_set_ipaddr  netif.o
    0x08007208   0x08007208   0x00000016   Code   RO         9399    i.netif_do_set_netmask  netif.o
    0x0800721e   0x0800721e   0x00000002   PAD
    0x08007220   0x08007220   0x00000028   Code   RO         9401    i.netif_get_by_index  netif.o
    0x08007248   0x08007248   0x00000002   Code   RO         9403    i.netif_init        netif.o
    0x0800724a   0x0800724a   0x00000002   PAD
    0x0800724c   0x0800724c   0x0000006c   Code   RO         9405    i.netif_issue_reports  netif.o
    0x080072b8   0x080072b8   0x00000006   Code   RO         9407    i.netif_null_output_ip4  netif.o
    0x080072be   0x080072be   0x00000002   PAD
    0x080072c0   0x080072c0   0x00000064   Code   RO         9409    i.netif_set_addr    netif.o
    0x08007324   0x08007324   0x0000000c   Code   RO         9410    i.netif_set_default  netif.o
    0x08007330   0x08007330   0x0000001e   Code   RO         9411    i.netif_set_down    netif.o
    0x0800734e   0x0800734e   0x0000001c   Code   RO         9417    i.netif_set_up      netif.o
    0x0800736a   0x0800736a   0x00000006   Code   RO         9573    i.pbuf_add_header   pbuf.o
    0x08007370   0x08007370   0x00000070   Code   RO         9575    i.pbuf_add_header_impl  pbuf.o
    0x080073e0   0x080073e0   0x000001c4   Code   RO         9576    i.pbuf_alloc        pbuf.o
    0x080075a4   0x080075a4   0x00000054   Code   RO         9577    i.pbuf_alloc_reference  pbuf.o
    0x080075f8   0x080075f8   0x00000036   Code   RO         9578    i.pbuf_alloced_custom  pbuf.o
    0x0800762e   0x0800762e   0x00000002   PAD
    0x08007630   0x08007630   0x00000084   Code   RO         9579    i.pbuf_cat          pbuf.o
    0x080076b4   0x080076b4   0x00000014   Code   RO         9580    i.pbuf_chain        pbuf.o
    0x080076c8   0x080076c8   0x00000012   Code   RO         9581    i.pbuf_clen         pbuf.o
    0x080076da   0x080076da   0x00000002   PAD
    0x080076dc   0x080076dc   0x00000040   Code   RO         9582    i.pbuf_clone        pbuf.o
    0x0800771c   0x0800771c   0x00000012   Code   RO         9584    i.pbuf_copy         pbuf.o
    0x0800772e   0x0800772e   0x0000006a   Code   RO         9585    i.pbuf_copy_partial  pbuf.o
    0x08007798   0x08007798   0x00000108   Code   RO         9586    i.pbuf_copy_partial_pbuf  pbuf.o
    0x080078a0   0x080078a0   0x000000f4   Code   RO         9588    i.pbuf_free         pbuf.o
    0x08007994   0x08007994   0x00000006   Code   RO         9593    i.pbuf_header_force  pbuf.o
    0x0800799a   0x0800799a   0x0000000e   Code   RO         9594    i.pbuf_header_impl  pbuf.o
    0x080079a8   0x080079a8   0x0000001c   Code   RO         9595    i.pbuf_init_alloced_pbuf  pbuf.o
    0x080079c4   0x080079c4   0x0000001e   Code   RO         9598    i.pbuf_put_at       pbuf.o
    0x080079e2   0x080079e2   0x00000002   PAD
    0x080079e4   0x080079e4   0x000000c0   Code   RO         9599    i.pbuf_realloc      pbuf.o
    0x08007aa4   0x08007aa4   0x0000003c   Code   RO         9600    i.pbuf_ref          pbuf.o
    0x08007ae0   0x08007ae0   0x00000050   Code   RO         9601    i.pbuf_remove_header  pbuf.o
    0x08007b30   0x08007b30   0x00000004   Code   RO         9602    i.pbuf_skip         pbuf.o
    0x08007b34   0x08007b34   0x00000018   Code   RO         9603    i.pbuf_skip_const   pbuf.o
    0x08007b4c   0x08007b4c   0x00000098   Code   RO         9605    i.pbuf_take         pbuf.o
    0x08007be4   0x08007be4   0x0000007c   Code   RO         9606    i.pbuf_take_at      pbuf.o
    0x08007c60   0x08007c60   0x00000128   Code   RO         9183    i.plug_holes        mem.o
    0x08007d88   0x08007d88   0x00000070   Code   RO        12585    i.prvAddCurrentTaskToDelayedList  tasks.o
    0x08007df8   0x08007df8   0x00000088   Code   RO        12586    i.prvAddNewTaskToReadyList  tasks.o
    0x08007e80   0x08007e80   0x00000054   Code   RO        12587    i.prvCheckTasksWaitingTermination  tasks.o
    0x08007ed4   0x08007ed4   0x00000028   Code   RO        12402    i.prvCopyDataFromQueue  queue.o
    0x08007efc   0x08007efc   0x0000006e   Code   RO        12403    i.prvCopyDataToQueue  queue.o
    0x08007f6a   0x08007f6a   0x00000014   Code   RO        12588    i.prvDeleteTCB      tasks.o
    0x08007f7e   0x08007f7e   0x00000002   PAD
    0x08007f80   0x08007f80   0x0000004c   Code   RO        13012    i.prvHeapInit       heap_4.o
    0x08007fcc   0x08007fcc   0x00000028   Code   RO        12589    i.prvIdleTask       tasks.o
    0x08007ff4   0x08007ff4   0x00000018   Code   RO        12404    i.prvInitialiseMutex  queue.o
    0x0800800c   0x0800800c   0x00000018   Code   RO        12405    i.prvInitialiseNewQueue  queue.o
    0x08008024   0x08008024   0x000000b4   Code   RO        12590    i.prvInitialiseNewTask  tasks.o
    0x080080d8   0x080080d8   0x00000058   Code   RO        12591    i.prvInitialiseTaskLists  tasks.o
    0x08008130   0x08008130   0x00000054   Code   RO        13013    i.prvInsertBlockIntoFreeList  heap_4.o
    0x08008184   0x08008184   0x0000001a   Code   RO        12406    i.prvIsQueueEmpty   queue.o
    0x0800819e   0x0800819e   0x0000001e   Code   RO        12407    i.prvIsQueueFull    queue.o
    0x080081bc   0x080081bc   0x00000024   Code   RO        12592    i.prvResetNextTaskUnblockTime  tasks.o
    0x080081e0   0x080081e0   0x00000060   Code   RO        12924    i.prvTaskExitError  port.o
    0x08008240   0x08008240   0x0000006a   Code   RO        12408    i.prvUnlockQueue    queue.o
    0x080082aa   0x080082aa   0x00000002   PAD
    0x080082ac   0x080082ac   0x0000000c   Code   RO         9184    i.ptr_to_mem        mem.o
    0x080082b8   0x080082b8   0x00000108   Code   RO        13014    i.pvPortMalloc      heap_4.o
    0x080083c0   0x080083c0   0x00000018   Code   RO        12594    i.pvTaskIncrementMutexHeldCount  tasks.o
    0x080083d8   0x080083d8   0x00000024   Code   RO        12925    i.pxPortInitialiseStack  port.o
    0x080083fc   0x080083fc   0x00000042   Code   RO        11657    i.sys_arch_mbox_fetch  sys_arch.o
    0x0800843e   0x0800843e   0x0000000a   Code   RO        11659    i.sys_arch_protect  sys_arch.o
    0x08008448   0x08008448   0x00000040   Code   RO        11660    i.sys_arch_sem_wait  sys_arch.o
    0x08008488   0x08008488   0x00000004   Code   RO        11662    i.sys_arch_unprotect  sys_arch.o
    0x0800848c   0x0800848c   0x00000044   Code   RO        10427    i.sys_check_timeouts  timeouts.o
    0x080084d0   0x080084d0   0x00000024   Code   RO        11663    i.sys_init          sys_arch.o
    0x080084f4   0x080084f4   0x0000001c   Code   RO        11666    i.sys_mbox_new      sys_arch.o
    0x08008510   0x08008510   0x0000001c   Code   RO        11669    i.sys_mbox_trypost  sys_arch.o
    0x0800852c   0x0800852c   0x0000000e   Code   RO        11671    i.sys_mbox_valid    sys_arch.o
    0x0800853a   0x0800853a   0x0000000c   Code   RO        11673    i.sys_mutex_lock    sys_arch.o
    0x08008546   0x08008546   0x00000002   PAD
    0x08008548   0x08008548   0x0000003c   Code   RO        11674    i.sys_mutex_new     sys_arch.o
    0x08008584   0x08008584   0x0000000c   Code   RO        11676    i.sys_mutex_unlock  sys_arch.o
    0x08008590   0x08008590   0x00000010   Code   RO        11677    i.sys_now           sys_arch.o
    0x080085a0   0x080085a0   0x0000005c   Code   RO        11679    i.sys_sem_new       sys_arch.o
    0x080085fc   0x080085fc   0x00000040   Code   RO        11681    i.sys_sem_signal    sys_arch.o
    0x0800863c   0x0800863c   0x0000005c   Code   RO        11683    i.sys_thread_new    sys_arch.o
    0x08008698   0x08008698   0x00000060   Code   RO        10429    i.sys_timeout       timeouts.o
    0x080086f8   0x080086f8   0x000000a0   Code   RO        10430    i.sys_timeout_abs   timeouts.o
    0x08008798   0x08008798   0x00000024   Code   RO        10431    i.sys_timeouts_init  timeouts.o
    0x080087bc   0x080087bc   0x00000028   Code   RO        10432    i.sys_timeouts_sleeptime  timeouts.o
    0x080087e4   0x080087e4   0x00000114   Code   RO         9857    i.tcp_abandon       tcp.o
    0x080088f8   0x080088f8   0x00000006   Code   RO         9858    i.tcp_abort         tcp.o
    0x080088fe   0x080088fe   0x0000000e   Code   RO         9859    i.tcp_accept        tcp.o
    0x0800890c   0x0800890c   0x0000003c   Code   RO         9860    i.tcp_accept_null   tcp.o
    0x08008948   0x08008948   0x000000a8   Code   RO         9861    i.tcp_alloc         tcp.o
    0x080089f0   0x080089f0   0x00000008   Code   RO         9862    i.tcp_arg           tcp.o
    0x080089f8   0x080089f8   0x00000094   Code   RO         9863    i.tcp_bind          tcp.o
    0x08008a8c   0x08008a8c   0x0000001e   Code   RO         9865    i.tcp_close         tcp.o
    0x08008aaa   0x08008aaa   0x00000002   PAD
    0x08008aac   0x08008aac   0x00000150   Code   RO         9866    i.tcp_close_shutdown  tcp.o
    0x08008bfc   0x08008bfc   0x00000078   Code   RO         9867    i.tcp_close_shutdown_fin  tcp.o
    0x08008c74   0x08008c74   0x0000011c   Code   RO        10266    i.tcp_create_segment  tcp_out.o
    0x08008d90   0x08008d90   0x0000005c   Code   RO         9870    i.tcp_eff_send_mss_netif  tcp.o
    0x08008dec   0x08008dec   0x000001bc   Code   RO        10267    i.tcp_enqueue_flags  tcp_out.o
    0x08008fa8   0x08008fa8   0x00000044   Code   RO         9871    i.tcp_err           tcp.o
    0x08008fec   0x08008fec   0x0000006c   Code   RO         9872    i.tcp_fasttmr       tcp.o
    0x08009058   0x08009058   0x00000030   Code   RO         9873    i.tcp_free          tcp.o
    0x08009088   0x08009088   0x000000d8   Code   RO        10182    i.tcp_free_acked_segments  tcp_in.o
    0x08009160   0x08009160   0x00000038   Code   RO         9874    i.tcp_free_listen   tcp.o
    0x08009198   0x08009198   0x00000028   Code   RO        10183    i.tcp_get_next_optbyte  tcp_in.o
    0x080091c0   0x080091c0   0x00000028   Code   RO         9875    i.tcp_handle_closepend  tcp.o
    0x080091e8   0x080091e8   0x00000018   Code   RO         9876    i.tcp_init          tcp.o
    0x08009200   0x08009200   0x000005fc   Code   RO        10184    i.tcp_input         tcp_in.o
    0x080097fc   0x080097fc   0x00000070   Code   RO        10185    i.tcp_input_delayed_close  tcp_in.o
    0x0800986c   0x0800986c   0x00000068   Code   RO        10268    i.tcp_keepalive     tcp_out.o
    0x080098d4   0x080098d4   0x00000050   Code   RO         9877    i.tcp_kill_prio     tcp.o
    0x08009924   0x08009924   0x0000005c   Code   RO         9878    i.tcp_kill_state    tcp.o
    0x08009980   0x08009980   0x00000034   Code   RO         9879    i.tcp_kill_timewait  tcp.o
    0x080099b4   0x080099b4   0x0000005c   Code   RO         9880    i.tcp_listen_closed  tcp.o
    0x08009a10   0x08009a10   0x00000134   Code   RO        10186    i.tcp_listen_input  tcp_in.o
    0x08009b44   0x08009b44   0x00000006   Code   RO         9881    i.tcp_listen_with_backlog  tcp.o
    0x08009b4a   0x08009b4a   0x00000002   PAD
    0x08009b4c   0x08009b4c   0x000000a4   Code   RO         9882    i.tcp_listen_with_backlog_and_err  tcp.o
    0x08009bf0   0x08009bf0   0x0000004c   Code   RO         9883    i.tcp_netif_ip_addr_changed  tcp.o
    0x08009c3c   0x08009c3c   0x00000064   Code   RO         9884    i.tcp_netif_ip_addr_changed_pcblist  tcp.o
    0x08009ca0   0x08009ca0   0x00000006   Code   RO         9886    i.tcp_new_ip_type   tcp.o
    0x08009ca6   0x08009ca6   0x00000002   PAD
    0x08009ca8   0x08009ca8   0x00000058   Code   RO         9887    i.tcp_new_port      tcp.o
    0x08009d00   0x08009d00   0x00000038   Code   RO         9888    i.tcp_next_iss      tcp.o
    0x08009d38   0x08009d38   0x00000284   Code   RO        10269    i.tcp_output        tcp_out.o
    0x08009fbc   0x08009fbc   0x0000006c   Code   RO        10270    i.tcp_output_alloc_header  tcp_out.o
    0x0800a028   0x0800a028   0x000000b0   Code   RO        10271    i.tcp_output_alloc_header_common  tcp_out.o
    0x0800a0d8   0x0800a0d8   0x0000007c   Code   RO        10272    i.tcp_output_control_segment  tcp_out.o
    0x0800a154   0x0800a154   0x00000070   Code   RO        10273    i.tcp_output_fill_options  tcp_out.o
    0x0800a1c4   0x0800a1c4   0x00000164   Code   RO        10274    i.tcp_output_segment  tcp_out.o
    0x0800a328   0x0800a328   0x00000048   Code   RO        10275    i.tcp_output_segment_busy  tcp_out.o
    0x0800a370   0x0800a370   0x00000098   Code   RO        10187    i.tcp_parseopt      tcp_in.o
    0x0800a408   0x0800a408   0x000000e0   Code   RO        10276    i.tcp_pbuf_prealloc  tcp_out.o
    0x0800a4e8   0x0800a4e8   0x0000003e   Code   RO         9889    i.tcp_pcb_purge     tcp.o
    0x0800a526   0x0800a526   0x00000002   PAD
    0x0800a528   0x0800a528   0x000000ec   Code   RO         9890    i.tcp_pcb_remove    tcp.o
    0x0800a614   0x0800a614   0x00000040   Code   RO         9891    i.tcp_poll          tcp.o
    0x0800a654   0x0800a654   0x0000050a   Code   RO        10188    i.tcp_process       tcp_in.o
    0x0800ab5e   0x0800ab5e   0x0000007c   Code   RO         9892    i.tcp_process_refused_data  tcp.o
    0x0800abda   0x0800abda   0x00000002   PAD
    0x0800abdc   0x0800abdc   0x00000570   Code   RO        10189    i.tcp_receive       tcp_in.o
    0x0800b14c   0x0800b14c   0x00000044   Code   RO         9893    i.tcp_recv          tcp.o
    0x0800b190   0x0800b190   0x0000002e   Code   RO         9894    i.tcp_recv_null     tcp.o
    0x0800b1be   0x0800b1be   0x00000002   PAD
    0x0800b1c0   0x0800b1c0   0x00000078   Code   RO         9895    i.tcp_recved        tcp.o
    0x0800b238   0x0800b238   0x0000004c   Code   RO         9896    i.tcp_remove_listener  tcp.o
    0x0800b284   0x0800b284   0x0000008c   Code   RO        10277    i.tcp_rexmit        tcp_out.o
    0x0800b310   0x0800b310   0x00000088   Code   RO        10278    i.tcp_rexmit_fast   tcp_out.o
    0x0800b398   0x0800b398   0x00000040   Code   RO        10279    i.tcp_rexmit_rto    tcp_out.o
    0x0800b3d8   0x0800b3d8   0x0000004c   Code   RO        10280    i.tcp_rexmit_rto_commit  tcp_out.o
    0x0800b424   0x0800b424   0x000000a0   Code   RO        10281    i.tcp_rexmit_rto_prepare  tcp_out.o
    0x0800b4c4   0x0800b4c4   0x00000012   Code   RO        10282    i.tcp_route         tcp_out.o
    0x0800b4d6   0x0800b4d6   0x00000002   PAD
    0x0800b4d8   0x0800b4d8   0x000000a8   Code   RO        10283    i.tcp_rst           tcp_out.o
    0x0800b580   0x0800b580   0x0000001e   Code   RO         9897    i.tcp_seg_free      tcp.o
    0x0800b59e   0x0800b59e   0x00000012   Code   RO         9898    i.tcp_segs_free     tcp.o
    0x0800b5b0   0x0800b5b0   0x0000008c   Code   RO        10284    i.tcp_send_empty_ack  tcp_out.o
    0x0800b63c   0x0800b63c   0x0000006c   Code   RO        10285    i.tcp_send_fin      tcp_out.o
    0x0800b6a8   0x0800b6a8   0x00000044   Code   RO         9899    i.tcp_sent          tcp.o
    0x0800b6ec   0x0800b6ec   0x00000008   Code   RO         9900    i.tcp_setprio       tcp.o
    0x0800b6f4   0x0800b6f4   0x00000520   Code   RO         9902    i.tcp_slowtmr       tcp.o
    0x0800bc14   0x0800bc14   0x000001c0   Code   RO        10286    i.tcp_split_unsent_seg  tcp_out.o
    0x0800bdd4   0x0800bdd4   0x00000034   Code   RO        10434    i.tcp_timer_needed  timeouts.o
    0x0800be08   0x0800be08   0x00000098   Code   RO        10190    i.tcp_timewait_input  tcp_in.o
    0x0800bea0   0x0800bea0   0x00000020   Code   RO         9904    i.tcp_tmr           tcp.o
    0x0800bec0   0x0800bec0   0x00000010   Code   RO        10191    i.tcp_trigger_input_pcb_close  tcp_in.o
    0x0800bed0   0x0800bed0   0x00000090   Code   RO         9906    i.tcp_update_rcv_ann_wnd  tcp.o
    0x0800bf60   0x0800bf60   0x000005a4   Code   RO        10287    i.tcp_write         tcp_out.o
    0x0800c504   0x0800c504   0x00000110   Code   RO        10288    i.tcp_write_checks  tcp_out.o
    0x0800c614   0x0800c614   0x000000e8   Code   RO        10289    i.tcp_zero_window_probe  tcp_out.o
    0x0800c6fc   0x0800c6fc   0x0000009c   Code   RO         8610    i.tcpip_init        tcpip.o
    0x0800c798   0x0800c798   0x00000064   Code   RO         8611    i.tcpip_inpkt       tcpip.o
    0x0800c7fc   0x0800c7fc   0x00000020   Code   RO         8612    i.tcpip_input       tcpip.o
    0x0800c81c   0x0800c81c   0x00000038   Code   RO        10435    i.tcpip_tcp_timer   timeouts.o
    0x0800c854   0x0800c854   0x00000058   Code   RO         8614    i.tcpip_thread      tcpip.o
    0x0800c8ac   0x0800c8ac   0x00000074   Code   RO         8615    i.tcpip_thread_handle_msg  tcpip.o
    0x0800c920   0x0800c920   0x0000005c   Code   RO         8616    i.tcpip_timeouts_mbox_fetch  tcpip.o
    0x0800c97c   0x0800c97c   0x0000008c   Code   RO        10518    i.udp_bind          udp.o
    0x0800ca08   0x0800ca08   0x00000018   Code   RO        10522    i.udp_init          udp.o
    0x0800ca20   0x0800ca20   0x000001b0   Code   RO        10523    i.udp_input         udp.o
    0x0800cbd0   0x0800cbd0   0x000000b4   Code   RO        10524    i.udp_input_local_match  udp.o
    0x0800cc84   0x0800cc84   0x00000034   Code   RO        10525    i.udp_netif_ip_addr_changed  udp.o
    0x0800ccb8   0x0800ccb8   0x00000048   Code   RO        10528    i.udp_new_port      udp.o
    0x0800cd00   0x0800cd00   0x00000034   Code   RO        10530    i.udp_remove        udp.o
    0x0800cd34   0x0800cd34   0x00000078   Code   RO        10532    i.udp_sendto        udp.o
    0x0800cdac   0x0800cdac   0x0000004a   Code   RO        10533    i.udp_sendto_if     udp.o
    0x0800cdf6   0x0800cdf6   0x00000002   PAD
    0x0800cdf8   0x0800cdf8   0x00000130   Code   RO        10534    i.udp_sendto_if_src  udp.o
    0x0800cf28   0x0800cf28   0x00000024   Code   RO        12353    i.uxListRemove      list.o
    0x0800cf4c   0x0800cf4c   0x00000016   Code   RO        12354    i.vListInitialise   list.o
    0x0800cf62   0x0800cf62   0x00000006   Code   RO        12355    i.vListInitialiseItem  list.o
    0x0800cf68   0x0800cf68   0x00000030   Code   RO        12356    i.vListInsert       list.o
    0x0800cf98   0x0800cf98   0x00000018   Code   RO        12357    i.vListInsertEnd    list.o
    0x0800cfb0   0x0800cfb0   0x00000074   Code   RO        12927    i.vPortEnterCritical  port.o
    0x0800d024   0x0800d024   0x00000064   Code   RO        12928    i.vPortExitCritical  port.o
    0x0800d088   0x0800d088   0x00000098   Code   RO        13015    i.vPortFree         heap_4.o
    0x0800d120   0x0800d120   0x00000020   Code   RO        12929    i.vPortSetupTimerInterrupt  port.o
    0x0800d140   0x0800d140   0x00000088   Code   RO        12930    i.vPortValidateInterruptPriority  port.o
    0x0800d1c8   0x0800d1c8   0x00000074   Code   RO        12600    i.vTaskDelay        tasks.o
    0x0800d23c   0x0800d23c   0x000000d0   Code   RO        12602    i.vTaskDelete       tasks.o
    0x0800d30c   0x0800d30c   0x0000000c   Code   RO        12604    i.vTaskMissedYield  tasks.o
    0x0800d318   0x0800d318   0x0000005c   Code   RO        12606    i.vTaskPlaceOnEventList  tasks.o
    0x0800d374   0x0800d374   0x00000088   Code   RO        12608    i.vTaskPriorityInherit  tasks.o
    0x0800d3fc   0x0800d3fc   0x0000004c   Code   RO        12611    i.vTaskSetTimeOutState  tasks.o
    0x0800d448   0x0800d448   0x00000090   Code   RO        12612    i.vTaskStartScheduler  tasks.o
    0x0800d4d8   0x0800d4d8   0x00000010   Code   RO        12614    i.vTaskSuspendAll   tasks.o
    0x0800d4e8   0x0800d4e8   0x00000084   Code   RO        12615    i.vTaskSwitchContext  tasks.o
    0x0800d56c   0x0800d56c   0x0000010c   Code   RO        12931    i.xPortStartScheduler  port.o
    0x0800d678   0x0800d678   0x0000002c   Code   RO        12932    i.xPortSysTickHandler  port.o
    0x0800d6a4   0x0800d6a4   0x00000060   Code   RO        12415    i.xQueueCreateCountingSemaphore  queue.o
    0x0800d704   0x0800d704   0x00000018   Code   RO        12416    i.xQueueCreateMutex  queue.o
    0x0800d71c   0x0800d71c   0x00000078   Code   RO        12417    i.xQueueGenericCreate  queue.o
    0x0800d794   0x0800d794   0x000001a4   Code   RO        12418    i.xQueueGenericReceive  queue.o
    0x0800d938   0x0800d938   0x000000b0   Code   RO        12419    i.xQueueGenericReset  queue.o
    0x0800d9e8   0x0800d9e8   0x0000017c   Code   RO        12420    i.xQueueGenericSend  queue.o
    0x0800db64   0x0800db64   0x000000bc   Code   RO        12422    i.xQueueGiveFromISR  queue.o
    0x0800dc20   0x0800dc20   0x00000094   Code   RO        12616    i.xTaskCheckForTimeOut  tasks.o
    0x0800dcb4   0x0800dcb4   0x00000060   Code   RO        12617    i.xTaskCreate       tasks.o
    0x0800dd14   0x0800dd14   0x0000001c   Code   RO        12621    i.xTaskGetSchedulerState  tasks.o
    0x0800dd30   0x0800dd30   0x0000000c   Code   RO        12622    i.xTaskGetTickCount  tasks.o
    0x0800dd3c   0x0800dd3c   0x000000f0   Code   RO        12624    i.xTaskIncrementTick  tasks.o
    0x0800de2c   0x0800de2c   0x000000b8   Code   RO        12627    i.xTaskPriorityDisinherit  tasks.o
    0x0800dee4   0x0800dee4   0x000000a0   Code   RO        12628    i.xTaskRemoveFromEventList  tasks.o
    0x0800df84   0x0800df84   0x000000f0   Code   RO        12630    i.xTaskResumeAll    tasks.o
    0x0800e074   0x0800e074   0x00000010   Data   RO           15    .constdata          system_stm32f4xx.o
    0x0800e084   0x0800e084   0x00000008   Data   RO           16    .constdata          system_stm32f4xx.o
    0x0800e08c   0x0800e08c   0x00000004   Data   RO         7334    .constdata          board.o
    0x0800e090   0x0800e090   0x0000000c   Data   RO         9271    .constdata          memp.o
    0x0800e09c   0x0800e09c   0x0000000c   Data   RO         9272    .constdata          memp.o
    0x0800e0a8   0x0800e0a8   0x0000000c   Data   RO         9273    .constdata          memp.o
    0x0800e0b4   0x0800e0b4   0x0000000c   Data   RO         9274    .constdata          memp.o
    0x0800e0c0   0x0800e0c0   0x0000000c   Data   RO         9275    .constdata          memp.o
    0x0800e0cc   0x0800e0cc   0x0000000c   Data   RO         9276    .constdata          memp.o
    0x0800e0d8   0x0800e0d8   0x0000000c   Data   RO         9277    .constdata          memp.o
    0x0800e0e4   0x0800e0e4   0x0000000c   Data   RO         9278    .constdata          memp.o
    0x0800e0f0   0x0800e0f0   0x0000000c   Data   RO         9279    .constdata          memp.o
    0x0800e0fc   0x0800e0fc   0x0000000c   Data   RO         9280    .constdata          memp.o
    0x0800e108   0x0800e108   0x0000000c   Data   RO         9281    .constdata          memp.o
    0x0800e114   0x0800e114   0x0000000c   Data   RO         9282    .constdata          memp.o
    0x0800e120   0x0800e120   0x0000000c   Data   RO         9283    .constdata          memp.o
    0x0800e12c   0x0800e12c   0x0000000c   Data   RO         9284    .constdata          memp.o
    0x0800e138   0x0800e138   0x0000000c   Data   RO         9285    .constdata          memp.o
    0x0800e144   0x0800e144   0x0000003c   Data   RO         9286    .constdata          memp.o
    0x0800e180   0x0800e180   0x00000054   Data   RO         9907    .constdata          tcp.o
    0x0800e1d4   0x0800e1d4   0x00000028   Data   RO        10436    .constdata          timeouts.o
    0x0800e1fc   0x0800e1fc   0x00000004   Data   RO        11059    .constdata          ip4_addr.o
    0x0800e200   0x0800e200   0x00000004   Data   RO        11060    .constdata          ip4_addr.o
    0x0800e204   0x0800e204   0x00000006   Data   RO        11290    .constdata          ethernet.o
    0x0800e20a   0x0800e20a   0x00000006   Data   RO        11291    .constdata          ethernet.o
    0x0800e210   0x0800e210   0x00004dad   Data   RO        11869    .constdata          fs.o
    0x08012fbd   0x08012fbd   0x00023001   Data   RO        11870    .constdata          fs.o
    0x08035fbe   0x08035fbe   0x00043e67   Data   RO        11871    .constdata          fs.o
    0x08079e25   0x08079e25   0x000005df   Data   RO        11872    .constdata          fs.o
    0x0807a404   0x0807a404   0x000009b1   Data   RO        11873    .constdata          fs.o
    0x0807adb5   0x0807adb5   0x0000155b   Data   RO        11874    .constdata          fs.o
    0x0807c310   0x0807c310   0x00000c2c   Data   RO        11875    .constdata          fs.o
    0x0807cf3c   0x0807cf3c   0x00000ea4   Data   RO        11876    .constdata          fs.o
    0x0807dde0   0x0807dde0   0x00000ea0   Data   RO        11877    .constdata          fs.o
    0x0807ec80   0x0807ec80   0x00000ea0   Data   RO        11878    .constdata          fs.o
    0x0807fb20   0x0807fb20   0x00000ea1   Data   RO        11879    .constdata          fs.o
    0x080809c1   0x080809c1   0x00000bfd   Data   RO        11880    .constdata          fs.o
    0x080815be   0x080815be   0x00000002   PAD
    0x080815c0   0x080815c0   0x00000014   Data   RO        11881    .constdata          fs.o
    0x080815d4   0x080815d4   0x00000014   Data   RO        11882    .constdata          fs.o
    0x080815e8   0x080815e8   0x00000014   Data   RO        11883    .constdata          fs.o
    0x080815fc   0x080815fc   0x00000014   Data   RO        11884    .constdata          fs.o
    0x08081610   0x08081610   0x00000014   Data   RO        11885    .constdata          fs.o
    0x08081624   0x08081624   0x00000014   Data   RO        11886    .constdata          fs.o
    0x08081638   0x08081638   0x00000014   Data   RO        11887    .constdata          fs.o
    0x0808164c   0x0808164c   0x00000014   Data   RO        11888    .constdata          fs.o
    0x08081660   0x08081660   0x00000014   Data   RO        11889    .constdata          fs.o
    0x08081674   0x08081674   0x00000014   Data   RO        11890    .constdata          fs.o
    0x08081688   0x08081688   0x00000014   Data   RO        11891    .constdata          fs.o
    0x0808169c   0x0808169c   0x00000014   Data   RO        11892    .constdata          fs.o
    0x080816b0   0x080816b0   0x0000004c   Data   RO        11977    .constdata          httpd.o
    0x080816fc   0x080816fc   0x00000010   Data   RO        12154    .constdata          httpd_cgi_ssi.o
    0x0808170c   0x0808170c   0x00000081   Data   RO        13076    .constdata          mc_w.l(ctype_o.o)
    0x0808178d   0x0808178d   0x00000003   PAD
    0x08081790   0x08081790   0x00000004   Data   RO        13077    .constdata          mc_w.l(ctype_o.o)
    0x08081794   0x08081794   0x00000075   Data   RO         9908    .conststring        tcp.o
    0x08081809   0x08081809   0x00000003   PAD
    0x0808180c   0x0808180c   0x00000055   Data   RO        10290    .conststring        tcp_out.o
    0x08081861   0x08081861   0x00000003   PAD
    0x08081864   0x08081864   0x00000041   Data   RO        10699    .conststring        etharp.o
    0x080818a5   0x080818a5   0x00000003   PAD
    0x080818a8   0x080818a8   0x00000041   Data   RO        10855    .conststring        igmp.o
    0x080818e9   0x080818e9   0x00000003   PAD
    0x080818ec   0x080818ec   0x0000007a   Data   RO        11978    .conststring        httpd.o
    0x08081966   0x08081966   0x00000002   PAD
    0x08081968   0x08081968   0x00000026   Data   RO        12155    .conststring        httpd_cgi_ssi.o
    0x0808198e   0x0808198e   0x00000002   PAD
    0x08081990   0x08081990   0x00000020   Data   RO        13480    Region$$Table       anon$$obj.o


    Execution Region RW_IRAM1 (Exec base: 0x20000000, Load base: 0x080819b0, Size: 0x00028bf8, Max: 0x00030000, ABSOLUTE, COMPRESSED[0x00000028])

    Exec Addr    Load Addr    Size         Type   Attr      Idx    E Section Name        Object

    0x20000000   COMPRESSED   0x00000004   Data   RW           17    .data               system_stm32f4xx.o
    0x20000004   COMPRESSED   0x0000000c   Data   RW          282    .data               stm32f4xx_hal.o
    0x20000010   COMPRESSED   0x00000008   Data   RW         6514    .data               bsp_uart_debug.o
    0x20000018   COMPRESSED   0x00000008   Data   RW         6645    .data               bsp_timer.o
    0x20000020   COMPRESSED   0x00000008   Data   RW         6967    .data               multi_timer.o
    0x20000028   COMPRESSED   0x0000000c   Data   RW         7165    .data               main.o
    0x20000034   COMPRESSED   0x00000010   Data   RW         8618    .data               tcpip.o
    0x20000044   COMPRESSED   0x0000000c   Data   RW         8885    .data               dns.o
    0x20000050   COMPRESSED   0x00000010   Data   RW         9186    .data               mem.o
    0x20000060   COMPRESSED   0x00000004   Data   RW         9287    .data               memp.o
    0x20000064   COMPRESSED   0x00000004   Data   RW         9288    .data               memp.o
    0x20000068   COMPRESSED   0x00000004   Data   RW         9289    .data               memp.o
    0x2000006c   COMPRESSED   0x00000004   Data   RW         9290    .data               memp.o
    0x20000070   COMPRESSED   0x00000004   Data   RW         9291    .data               memp.o
    0x20000074   COMPRESSED   0x00000004   Data   RW         9292    .data               memp.o
    0x20000078   COMPRESSED   0x00000004   Data   RW         9293    .data               memp.o
    0x2000007c   COMPRESSED   0x00000004   Data   RW         9294    .data               memp.o
    0x20000080   COMPRESSED   0x00000004   Data   RW         9295    .data               memp.o
    0x20000084   COMPRESSED   0x00000004   Data   RW         9296    .data               memp.o
    0x20000088   COMPRESSED   0x00000004   Data   RW         9297    .data               memp.o
    0x2000008c   COMPRESSED   0x00000004   Data   RW         9298    .data               memp.o
    0x20000090   COMPRESSED   0x00000004   Data   RW         9299    .data               memp.o
    0x20000094   COMPRESSED   0x00000004   Data   RW         9300    .data               memp.o
    0x20000098   COMPRESSED   0x00000004   Data   RW         9301    .data               memp.o
    0x2000009c   COMPRESSED   0x0000000c   Data   RW         9418    .data               netif.o
    0x200000a8   COMPRESSED   0x00000020   Data   RW         9909    .data               tcp.o
    0x200000c8   COMPRESSED   0x00000024   Data   RW        10193    .data               tcp_in.o
    0x200000ec   COMPRESSED   0x0000000c   Data   RW        10438    .data               timeouts.o
    0x200000f8   COMPRESSED   0x00000008   Data   RW        10535    .data               udp.o
    0x20000100   COMPRESSED   0x00000001   Data   RW        10700    .data               etharp.o
    0x20000101   COMPRESSED   0x00000003   PAD
    0x20000104   COMPRESSED   0x00000008   Data   RW        10856    .data               igmp.o
    0x2000010c   COMPRESSED   0x00000008   Data   RW        10974    .data               ip4.o
    0x20000114   COMPRESSED   0x00000008   Data   RW        11132    .data               ip4_frag.o
    0x2000011c   COMPRESSED   0x00000010   Data   RW        11423    .data               ethernetif.o
    0x2000012c   COMPRESSED   0x00000014   Data   RW        11685    .data               sys_arch.o
    0x20000140   COMPRESSED   0x00000018   Data   RW        11979    .data               httpd.o
    0x20000158   COMPRESSED   0x00000010   Data   RW        12156    .data               httpd_cgi_ssi.o
    0x20000168   COMPRESSED   0x0000003c   Data   RW        12633    .data               tasks.o
    0x200001a4   COMPRESSED   0x0000000c   Data   RW        12933    .data               port.o
    0x200001b0   COMPRESSED   0x00000018   Data   RW        13020    .data               heap_4.o
    0x200001c8   COMPRESSED   0x00000004   Data   RW        13106    .data               mc_w.l(rand.o)
    0x200001cc   COMPRESSED   0x00000004   Data   RW        13441    .data               mc_w.l(stdout.o)
    0x200001d0        -       0x000000c0   Zero   RW         6513    .bss                bsp_uart_debug.o
    0x20000290        -       0x00000044   Zero   RW         6578    .bss                bsp_fmc_sdram.o
    0x200002d4        -       0x00000078   Zero   RW         6644    .bss                bsp_timer.o
    0x2000034c        -       0x00006188   Zero   RW         6772    .bss                bsp_eth.o
    0x200064d4   COMPRESSED   0x00000004   PAD
    0x200064d8        -       0x00000018   Zero   RW         7007    .bss                multi_timer_user.o
    0x200064f0        -       0x00000480   Zero   RW         8883    .bss                dns.o
    0x20006970        -       0x00000018   Zero   RW         9152    .bss                ip.o
    0x20006988        -       0x00006413   Zero   RW         9185    .bss                mem.o
    0x2000cd9b        -       0x000000a3   Zero   RW         9256    .bss                memp.o
    0x2000ce3e        -       0x00000393   Zero   RW         9257    .bss                memp.o
    0x2000d1d1        -       0x000000ab   Zero   RW         9258    .bss                memp.o
    0x2000d27c        -       0x00000783   Zero   RW         9259    .bss                memp.o
    0x2000d9ff        -       0x000000a3   Zero   RW         9260    .bss                memp.o
    0x2000daa2        -       0x0000016b   Zero   RW         9261    .bss                memp.o
    0x2000dc0d        -       0x00000023   Zero   RW         9262    .bss                memp.o
    0x2000dc30        -       0x000000b3   Zero   RW         9263    .bss                memp.o
    0x2000dce3        -       0x00000083   Zero   RW         9264    .bss                memp.o
    0x2000dd66        -       0x00000083   Zero   RW         9265    .bss                memp.o
    0x2000dde9        -       0x00000083   Zero   RW         9266    .bss                memp.o
    0x2000de6c        -       0x000000f3   Zero   RW         9267    .bss                memp.o
    0x2000df5f        -       0x00000137   Zero   RW         9268    .bss                memp.o
    0x2000e096        -       0x00000193   Zero   RW         9269    .bss                memp.o
    0x2000e229        -       0x00010d4f   Zero   RW         9270    .bss                memp.o
    0x2001ef78        -       0x00000010   Zero   RW        10192    .bss                tcp_in.o
    0x2001ef88        -       0x000000f0   Zero   RW        10698    .bss                etharp.o
    0x2001f078        -       0x00000058   Zero   RW        11684    .bss                sys_arch.o
    0x2001f0d0        -       0x00000440   Zero   RW        11976    .bss                httpd.o
    0x2001f510        -       0x000002e4   Zero   RW        12632    .bss                tasks.o
    0x2001f7f4        -       0x00009000   Zero   RW        13019    .bss                heap_4.o
    0x200287f4   COMPRESSED   0x00000004   PAD
    0x200287f8        -       0x00000400   Zero   RW            1    STACK               startup_stm32f429xx.o


==============================================================================

Image component sizes


      Code (inc. data)   RO Data    RW Data    ZI Data      Debug   Object Name

         0          0          0          0          0      22443   api_lib.o
         0          0          0          0          0       6839   api_msg.o
       164         30          4          0          0       1642   board.o
         0          0          0          0          0      17963   bsp_button.o
       714        172          0          0      24968      20376   bsp_eth.o
      1428         62          0          0         68       4656   bsp_fmc_sdram.o
       128         10          0          0          0        986   bsp_led.o
        94          0          0          0          0        725   bsp_rcc.o
        76         24          0          8        120       2169   bsp_timer.o
       324         44          0          8        192       4421   bsp_uart_debug.o
       152          0          0          0          0       2800   def.o
       888        140          0         12       1152      16380   dns.o
         0          0          0          0          0       2700   err.o
      2186        496         65          1        240      12315   etharp.o
       308         56         12          0          0       2658   ethernet.o
       912        136          0         16          0      12735   ethernetif.o
        82          6     472222          0          0       6535   fs.o
       576        130          0         24      36864       4063   heap_4.o
      3784        702        198         24       1088      32400   httpd.o
       480        184         54         16          0       7970   httpd_cgi_ssi.o
       640        160          0          0          0       4586   icmp.o
         0          0          0          0          0       4367   if_api.o
       898        168         65          8          0      10703   igmp.o
       172          0          0          0          0       2864   inet_chksum.o
        42          0          0          0          0       1668   init.o
         0          0          0          0         24       3162   ip.o
      1102        100          0          8          0       7784   ip4.o
       436         20          8          0          0      12619   ip4_addr.o
      2134        432          0          8          0      12738   ip4_frag.o
       136          0          0          0          0       3218   list.o
       328        138          0         12          0      10167   main.o
      1716        604          0         16      25619       8317   mem.o
       278         86        240         60      74205      11062   memp.o
       128          4          0          8          0       2152   multi_timer.o
        16          4          0          0         24        992   multi_timer_user.o
         0          0          0          0          0       7916   netbuf.o
       792        154          0         12          0      14130   netif.o
      2288        622          0          0          0      19894   pbuf.o
      1010        364          0         12          0      10685   port.o
      1764        268          0          0          0      13142   queue.o
        36          8        428          0       1024        964   startup_stm32f429xx.o
       132         24          0         12          0       4050   stm32f4xx_hal.o
       158          4          0          0          0      29772   stm32f4xx_hal_cortex.o
      2302         72          0          0          0      15181   stm32f4xx_hal_eth.o
       856        102          0          0          0       4229   stm32f4xx_hal_gpio.o
       116         12          0          0          0       1336   stm32f4xx_hal_pwr_ex.o
      1420         72          0          0          0       6260   stm32f4xx_hal_rcc.o
       164          0          0          0          0       3392   stm32f4xx_hal_sdram.o
       374          0          0          0          0       3714   stm32f4xx_hal_tim.o
         4          0          0          0          0       1594   stm32f4xx_hal_tim_ex.o
      1194          8          0          0          0       4579   stm32f4xx_hal_uart.o
        72          0          0          0          0       5400   stm32f4xx_it.o
       276          4          0          0          0       3680   stm32f4xx_ll_fmc.o
       762        198          0         20         88      11676   sys_arch.o
        84         18         24          4          0     792967   system_stm32f4xx.o
      2760        684          0         60        740      29357   tasks.o
      4822       1378        201         32          0      42233   tcp.o
      5210       1050          0         36         16      21267   tcp_in.o
      6054       1856         85          0          0      33722   tcp_out.o
       584        196          0         16          0      10267   tcpip.o
       572        186         40         12          0       7227   timeouts.o
      1450        254          0          8          0      11535   udp.o

    ----------------------------------------------------------------------
     55658      11442     473696        456     166440    1389344   Object Totals
         0          0         32          0          0          0   (incl. Generated)
        80          0         18          3          8          0   (incl. Padding)

    ----------------------------------------------------------------------

      Code (inc. data)   RO Data    RW Data    ZI Data      Debug   Library Member Name

        86          0          0          0          0          0   __dczerorl2.o
         8          4        133          0          0         68   ctype_o.o
         0          0          0          0          0          0   entry.o
         0          0          0          0          0          0   entry10a.o
         0          0          0          0          0          0   entry11a.o
         4          0          0          0          0          0   entry12b.o
         8          4          0          0          0          0   entry2.o
         4          0          0          0          0          0   entry5.o
         0          0          0          0          0          0   entry7b.o
         0          0          0          0          0          0   entry8b.o
         8          4          0          0          0          0   entry9a.o
        30          0          0          0          0          0   handlers.o
        36          8          0          0          0         68   init.o
        30          0          0          0          0         68   llshl.o
        32          0          0          0          0         68   llushr.o
        26          0          0          0          0         80   memcmp.o
        64          0          0          0          0         76   memmovea.o
        36          0          0          0          0        108   memseta.o
       736         54          0          0          0        184   printf5.o
        36         10          0          4          0        136   rand.o
         0          0          0          4          0          0   stdout.o
        20          0          0          0          0         68   strchr.o
        28          0          0          0          0         76   strcmp.o
        14          0          0          0          0         68   strlen.o
        30          0          0          0          0         80   strncmp.o
        36          0          0          0          0         80   strstr.o
        98          0          0          0          0         92   uldiv.o

    ----------------------------------------------------------------------
      1374         84        136          8          0       1320   Library Totals
         4          0          3          0          0          0   (incl. Padding)

    ----------------------------------------------------------------------

      Code (inc. data)   RO Data    RW Data    ZI Data      Debug   Library Name

      1370         84        133          8          0       1320   mc_w.l

    ----------------------------------------------------------------------
      1374         84        136          8          0       1320   Library Totals

    ----------------------------------------------------------------------

==============================================================================


      Code (inc. data)   RO Data    RW Data    ZI Data      Debug   

     57032      11526     473832        464     166440    1346876   Grand Totals
     57032      11526     473832         40     166440    1346876   ELF Image Totals (compressed)
     57032      11526     473832         40          0          0   ROM Totals

==============================================================================

    Total RO  Size (Code + RO Data)               530864 ( 518.42kB)
    Total RW  Size (RW Data + ZI Data)            166904 ( 162.99kB)
    Total ROM Size (Code + RO Data + RW Data)     530904 ( 518.46kB)

==============================================================================

