Component: ARM Compiler 5.06 update 4 (build 422) Tool: armlink [4d35d2]

==============================================================================

Section Cross References

    startup_stm32f429xx.o(STACK) refers (Special) to board.o(.constdata) for version
    startup_stm32f429xx.o(HEAP) refers (Special) to board.o(.constdata) for version
    startup_stm32f429xx.o(RESET) refers (Special) to board.o(.constdata) for version
    startup_stm32f429xx.o(RESET) refers to startup_stm32f429xx.o(STACK) for __initial_sp
    startup_stm32f429xx.o(RESET) refers to startup_stm32f429xx.o(.text) for Reset_Handler
    startup_stm32f429xx.o(RESET) refers to stm32f4xx_it.o(i.NMI_Handler) for NMI_Handler
    startup_stm32f429xx.o(RESET) refers to stm32f4xx_it.o(i.HardFault_Handler) for HardFault_Handler
    startup_stm32f429xx.o(RESET) refers to stm32f4xx_it.o(i.MemManage_Handler) for MemManage_Handler
    startup_stm32f429xx.o(RESET) refers to stm32f4xx_it.o(i.BusFault_Handler) for BusFault_Handler
    startup_stm32f429xx.o(RESET) refers to stm32f4xx_it.o(i.UsageFault_Handler) for UsageFault_Handler
    startup_stm32f429xx.o(RESET) refers to stm32f4xx_it.o(i.SVC_Handler) for SVC_Handler
    startup_stm32f429xx.o(RESET) refers to stm32f4xx_it.o(i.DebugMon_Handler) for DebugMon_Handler
    startup_stm32f429xx.o(RESET) refers to stm32f4xx_it.o(i.PendSV_Handler) for PendSV_Handler
    startup_stm32f429xx.o(RESET) refers to stm32f4xx_it.o(i.SysTick_Handler) for SysTick_Handler
    startup_stm32f429xx.o(RESET) refers to stm32f4xx_it.o(i.EXTI0_IRQHandler) for EXTI0_IRQHandler
    startup_stm32f429xx.o(RESET) refers to bsp_uart_debug.o(i.USART1_IRQHandler) for USART1_IRQHandler
    startup_stm32f429xx.o(RESET) refers to stm32f4xx_it.o(i.SDIO_IRQHandler) for SDIO_IRQHandler
    startup_stm32f429xx.o(RESET) refers to bsp_timer.o(i.TIM6_DAC_IRQHandler) for TIM6_DAC_IRQHandler
    startup_stm32f429xx.o(RESET) refers to bsp_timer.o(i.TIM7_IRQHandler) for TIM7_IRQHandler
    startup_stm32f429xx.o(RESET) refers to stm32f4xx_it.o(i.DMA2_Stream3_IRQHandler) for DMA2_Stream3_IRQHandler
    startup_stm32f429xx.o(RESET) refers to stm32f4xx_it.o(i.DMA2_Stream6_IRQHandler) for DMA2_Stream6_IRQHandler
    startup_stm32f429xx.o(.text) refers (Special) to board.o(.constdata) for version
    startup_stm32f429xx.o(.text) refers to system_stm32f4xx.o(i.SystemInit) for SystemInit
    startup_stm32f429xx.o(.text) refers to entry.o(.ARM.Collect$$$$00000000) for __main
    system_stm32f4xx.o(i.SystemCoreClockUpdate) refers to system_stm32f4xx.o(.data) for SystemCoreClock
    system_stm32f4xx.o(i.SystemCoreClockUpdate) refers to system_stm32f4xx.o(.constdata) for AHBPrescTable
    stm32f4xx_hal.o(i.HAL_DeInit) refers to stm32f4xx_hal.o(i.HAL_MspDeInit) for HAL_MspDeInit
    stm32f4xx_hal.o(i.HAL_Delay) refers to stm32f4xx_hal.o(i.HAL_GetTick) for HAL_GetTick
    stm32f4xx_hal.o(i.HAL_Delay) refers to stm32f4xx_hal.o(.data) for uwTickFreq
    stm32f4xx_hal.o(i.HAL_GetTick) refers to stm32f4xx_hal.o(.data) for uwTick
    stm32f4xx_hal.o(i.HAL_GetTickFreq) refers to stm32f4xx_hal.o(.data) for uwTickFreq
    stm32f4xx_hal.o(i.HAL_GetTickPrio) refers to stm32f4xx_hal.o(.data) for uwTickPrio
    stm32f4xx_hal.o(i.HAL_IncTick) refers to stm32f4xx_hal.o(.data) for uwTick
    stm32f4xx_hal.o(i.HAL_Init) refers to stm32f4xx_hal_cortex.o(i.HAL_NVIC_SetPriorityGrouping) for HAL_NVIC_SetPriorityGrouping
    stm32f4xx_hal.o(i.HAL_Init) refers to stm32f4xx_hal.o(i.HAL_InitTick) for HAL_InitTick
    stm32f4xx_hal.o(i.HAL_Init) refers to stm32f4xx_hal.o(i.HAL_MspInit) for HAL_MspInit
    stm32f4xx_hal.o(i.HAL_InitTick) refers to stm32f4xx_hal_cortex.o(i.HAL_SYSTICK_Config) for HAL_SYSTICK_Config
    stm32f4xx_hal.o(i.HAL_InitTick) refers to stm32f4xx_hal_cortex.o(i.HAL_NVIC_SetPriority) for HAL_NVIC_SetPriority
    stm32f4xx_hal.o(i.HAL_InitTick) refers to stm32f4xx_hal.o(.data) for uwTickFreq
    stm32f4xx_hal.o(i.HAL_InitTick) refers to system_stm32f4xx.o(.data) for SystemCoreClock
    stm32f4xx_hal.o(i.HAL_SetTickFreq) refers to stm32f4xx_hal.o(i.HAL_InitTick) for HAL_InitTick
    stm32f4xx_hal.o(i.HAL_SetTickFreq) refers to stm32f4xx_hal.o(.data) for uwTickFreq
    stm32f4xx_hal_adc.o(i.ADC_DMAConvCplt) refers to stm32f4xx_hal_adc.o(i.HAL_ADC_ConvCpltCallback) for HAL_ADC_ConvCpltCallback
    stm32f4xx_hal_adc.o(i.ADC_DMAError) refers to stm32f4xx_hal_adc.o(i.HAL_ADC_ErrorCallback) for HAL_ADC_ErrorCallback
    stm32f4xx_hal_adc.o(i.ADC_DMAHalfConvCplt) refers to stm32f4xx_hal_adc.o(i.HAL_ADC_ConvHalfCpltCallback) for HAL_ADC_ConvHalfCpltCallback
    stm32f4xx_hal_adc.o(i.HAL_ADC_ConfigChannel) refers to system_stm32f4xx.o(.data) for SystemCoreClock
    stm32f4xx_hal_adc.o(i.HAL_ADC_DeInit) refers to stm32f4xx_hal_adc.o(i.HAL_ADC_MspDeInit) for HAL_ADC_MspDeInit
    stm32f4xx_hal_adc.o(i.HAL_ADC_IRQHandler) refers to stm32f4xx_hal_adc.o(i.HAL_ADC_ConvCpltCallback) for HAL_ADC_ConvCpltCallback
[...]
    Removing stm32f4xx_hal_tim_ex.o(i.HAL_TIMEx_HallSensor_GetState), (8 bytes).
    Removing stm32f4xx_hal_tim_ex.o(i.HAL_TIMEx_HallSensor_Init), (196 bytes).
    Removing stm32f4xx_hal_tim_ex.o(i.HAL_TIMEx_HallSensor_MspDeInit), (2 bytes).
    Removing stm32f4xx_hal_tim_ex.o(i.HAL_TIMEx_HallSensor_MspInit), (2 bytes).
    Removing stm32f4xx_hal_tim_ex.o(i.HAL_TIMEx_HallSensor_Start), (30 bytes).
    Removing stm32f4xx_hal_tim_ex.o(i.HAL_TIMEx_HallSensor_Start_DMA), (116 bytes).
    Removing stm32f4xx_hal_tim_ex.o(i.HAL_TIMEx_HallSensor_Start_IT), (42 bytes).
    Removing stm32f4xx_hal_tim_ex.o(i.HAL_TIMEx_HallSensor_Stop), (56 bytes).
    Removing stm32f4xx_hal_tim_ex.o(i.HAL_TIMEx_HallSensor_Stop_DMA), (68 bytes).
    Removing stm32f4xx_hal_tim_ex.o(i.HAL_TIMEx_HallSensor_Stop_IT), (68 bytes).
    Removing stm32f4xx_hal_tim_ex.o(i.HAL_TIMEx_MasterConfigSynchronization), (98 bytes).
    Removing stm32f4xx_hal_tim_ex.o(i.HAL_TIMEx_OCN_Start), (44 bytes).
    Removing stm32f4xx_hal_tim_ex.o(i.HAL_TIMEx_OCN_Start_DMA), (280 bytes).
    Removing stm32f4xx_hal_tim_ex.o(i.HAL_TIMEx_OCN_Start_IT), (132 bytes).
    Removing stm32f4xx_hal_tim_ex.o(i.HAL_TIMEx_OCN_Stop), (96 bytes).
    Removing stm32f4xx_hal_tim_ex.o(i.HAL_TIMEx_OCN_Stop_DMA), (178 bytes).
    Removing stm32f4xx_hal_tim_ex.o(i.HAL_TIMEx_OCN_Stop_IT), (196 bytes).
    Removing stm32f4xx_hal_tim_ex.o(i.HAL_TIMEx_OnePulseN_Start), (32 bytes).
    Removing stm32f4xx_hal_tim_ex.o(i.HAL_TIMEx_OnePulseN_Start_IT), (56 bytes).
    Removing stm32f4xx_hal_tim_ex.o(i.HAL_TIMEx_OnePulseN_Stop), (96 bytes).
    Removing stm32f4xx_hal_tim_ex.o(i.HAL_TIMEx_OnePulseN_Stop_IT), (120 bytes).
    Removing stm32f4xx_hal_tim_ex.o(i.HAL_TIMEx_PWMN_Start), (44 bytes).
    Removing stm32f4xx_hal_tim_ex.o(i.HAL_TIMEx_PWMN_Start_DMA), (280 bytes).
    Removing stm32f4xx_hal_tim_ex.o(i.HAL_TIMEx_PWMN_Start_IT), (132 bytes).
    Removing stm32f4xx_hal_tim_ex.o(i.HAL_TIMEx_PWMN_Stop), (96 bytes).
    Removing stm32f4xx_hal_tim_ex.o(i.HAL_TIMEx_PWMN_Stop_DMA), (178 bytes).
    Removing stm32f4xx_hal_tim_ex.o(i.HAL_TIMEx_PWMN_Stop_IT), (196 bytes).
    Removing stm32f4xx_hal_tim_ex.o(i.HAL_TIMEx_RemapConfig), (48 bytes).
    Removing stm32f4xx_hal_tim_ex.o(i.TIMEx_DMACommutationCplt), (20 bytes).
    Removing stm32f4xx_hal_tim_ex.o(i.TIM_CCxNChannelCmd), (28 bytes).
    Removing stm32f4xx_hal_uart.o(.rev16_text), (4 bytes).
    Removing stm32f4xx_hal_uart.o(.revsh_text), (4 bytes).
    Removing stm32f4xx_hal_uart.o(.rrx_text), (6 bytes).
    Removing stm32f4xx_hal_uart.o(i.HAL_HalfDuplex_EnableReceiver), (68 bytes).
    Removing stm32f4xx_hal_uart.o(i.HAL_HalfDuplex_EnableTransmitter), (68 bytes).
    Removing stm32f4xx_hal_uart.o(i.HAL_HalfDuplex_Init), (118 bytes).
    Removing stm32f4xx_hal_uart.o(i.HAL_LIN_Init), (142 bytes).
    Removing stm32f4xx_hal_uart.o(i.HAL_LIN_SendBreak), (62 bytes).
    Removing stm32f4xx_hal_uart.o(i.HAL_MultiProcessor_EnterMuteMode), (62 bytes).
    Removing stm32f4xx_hal_uart.o(i.HAL_MultiProcessor_ExitMuteMode), (62 bytes).
    Removing stm32f4xx_hal_uart.o(i.HAL_MultiProcessor_Init), (154 bytes).
    Removing stm32f4xx_hal_uart.o(i.HAL_UART_Abort), (126 bytes).
    Removing stm32f4xx_hal_uart.o(i.HAL_UART_AbortCpltCallback), (2 bytes).
    Removing stm32f4xx_hal_uart.o(i.HAL_UART_AbortReceive), (80 bytes).
    Removing stm32f4xx_hal_uart.o(i.HAL_UART_AbortReceiveCpltCallback), (2 bytes).
    Removing stm32f4xx_hal_uart.o(i.HAL_UART_AbortReceive_IT), (120 bytes).
    Removing stm32f4xx_hal_uart.o(i.HAL_UART_AbortTransmit), (68 bytes).
    Removing stm32f4xx_hal_uart.o(i.HAL_UART_AbortTransmitCpltCallback), (2 bytes).
    Removing stm32f4xx_hal_uart.o(i.HAL_UART_AbortTransmit_IT), (108 bytes).
    Removing stm32f4xx_hal_uart.o(i.HAL_UART_Abort_IT), (216 bytes).
    Removing stm32f4xx_hal_uart.o(i.HAL_UART_DMAPause), (124 bytes).
    Removing stm32f4xx_hal_uart.o(i.HAL_UART_DMAResume), (126 bytes).
    Removing stm32f4xx_hal_uart.o(i.HAL_UART_DMAStop), (102 bytes).
    Removing stm32f4xx_hal_uart.o(i.HAL_UART_DeInit), (46 bytes).
    Removing stm32f4xx_hal_uart.o(i.HAL_UART_ErrorCallback), (2 bytes).
    Removing stm32f4xx_hal_uart.o(i.HAL_UART_GetError), (6 bytes).
    Removing stm32f4xx_hal_uart.o(i.HAL_UART_GetState), (20 bytes).
    Removing stm32f4xx_hal_uart.o(i.HAL_UART_IRQHandler), (332 bytes).
    Removing stm32f4xx_hal_uart.o(i.HAL_UART_MspDeInit), (2 bytes).
    Removing stm32f4xx_hal_uart.o(i.HAL_UART_Receive), (222 bytes).
    Removing stm32f4xx_hal_uart.o(i.HAL_UART_Receive_DMA), (196 bytes).
    Removing stm32f4xx_hal_uart.o(i.HAL_UART_Receive_IT), (100 bytes).
    Removing stm32f4xx_hal_uart.o(i.HAL_UART_RxCpltCallback), (2 bytes).
    Removing stm32f4xx_hal_uart.o(i.HAL_UART_RxHalfCpltCallback), (2 bytes).
    Removing stm32f4xx_hal_uart.o(i.HAL_UART_Transmit), (214 bytes).
    Removing stm32f4xx_hal_uart.o(i.HAL_UART_Transmit_DMA), (156 bytes).
    Removing stm32f4xx_hal_uart.o(i.HAL_UART_Transmit_IT), (88 bytes).
    Removing stm32f4xx_hal_uart.o(i.HAL_UART_TxCpltCallback), (2 bytes).
    Removing stm32f4xx_hal_uart.o(i.HAL_UART_TxHalfCpltCallback), (2 bytes).
    Removing stm32f4xx_hal_uart.o(i.UART_DMAAbortOnError), (20 bytes).
    Removing stm32f4xx_hal_uart.o(i.UART_DMAError), (80 bytes).
    Removing stm32f4xx_hal_uart.o(i.UART_DMAReceiveCplt), (70 bytes).
    Removing stm32f4xx_hal_uart.o(i.UART_DMARxAbortCallback), (52 bytes).
    Removing stm32f4xx_hal_uart.o(i.UART_DMARxHalfCplt), (14 bytes).
    Removing stm32f4xx_hal_uart.o(i.UART_DMARxOnlyAbortCallback), (24 bytes).
    Removing stm32f4xx_hal_uart.o(i.UART_DMATransmitCplt), (54 bytes).
    Removing stm32f4xx_hal_uart.o(i.UART_DMATxAbortCallback), (52 bytes).
    Removing stm32f4xx_hal_uart.o(i.UART_DMATxHalfCplt), (14 bytes).
    Removing stm32f4xx_hal_uart.o(i.UART_DMATxOnlyAbortCallback), (24 bytes).
    Removing stm32f4xx_hal_uart.o(i.UART_EndRxTransfer), (32 bytes).
    Removing stm32f4xx_hal_uart.o(i.UART_EndTransmit_IT), (32 bytes).
    Removing stm32f4xx_hal_uart.o(i.UART_EndTxTransfer), (20 bytes).
    Removing stm32f4xx_hal_uart.o(i.UART_Receive_IT), (154 bytes).
    Removing stm32f4xx_hal_uart.o(i.UART_Transmit_IT), (104 bytes).
    Removing stm32f4xx_hal_uart.o(i.UART_WaitOnFlagUntilTimeout), (108 bytes).
    Removing stm32f4xx_ll_fmc.o(.rev16_text), (4 bytes).
    Removing stm32f4xx_ll_fmc.o(.revsh_text), (4 bytes).
    Removing stm32f4xx_ll_fmc.o(.rrx_text), (6 bytes).
    Removing stm32f4xx_ll_fmc.o(i.FMC_NAND_AttributeSpace_Timing_Init), (54 bytes).
    Removing stm32f4xx_ll_fmc.o(i.FMC_NAND_CommonSpace_Timing_Init), (54 bytes).
    Removing stm32f4xx_ll_fmc.o(i.FMC_NAND_DeInit), (66 bytes).
    Removing stm32f4xx_ll_fmc.o(i.FMC_NAND_ECC_Disable), (28 bytes).
    Removing stm32f4xx_ll_fmc.o(i.FMC_NAND_ECC_Enable), (28 bytes).
    Removing stm32f4xx_ll_fmc.o(i.FMC_NAND_GetECC), (88 bytes).
    Removing stm32f4xx_ll_fmc.o(i.FMC_NAND_Init), (76 bytes).
    Removing stm32f4xx_ll_fmc.o(i.FMC_NORSRAM_DeInit), (56 bytes).
    Removing stm32f4xx_ll_fmc.o(i.FMC_NORSRAM_Extended_Timing_Init), (72 bytes).
    Removing stm32f4xx_ll_fmc.o(i.FMC_NORSRAM_Init), (116 bytes).
    Removing stm32f4xx_ll_fmc.o(i.FMC_NORSRAM_Timing_Init), (94 bytes).
    Removing stm32f4xx_ll_fmc.o(i.FMC_NORSRAM_WriteOperation_Disable), (18 bytes).
    Removing stm32f4xx_ll_fmc.o(i.FMC_NORSRAM_WriteOperation_Enable), (18 bytes).
    Removing stm32f4xx_ll_fmc.o(i.FMC_PCCARD_AttributeSpace_Timing_Init), (38 bytes).
    Removing stm32f4xx_ll_fmc.o(i.FMC_PCCARD_CommonSpace_Timing_Init), (38 bytes).
    Removing stm32f4xx_ll_fmc.o(i.FMC_PCCARD_DeInit), (32 bytes).
    Removing stm32f4xx_ll_fmc.o(i.FMC_PCCARD_IOSpace_Timing_Init), (38 bytes).
    Removing stm32f4xx_ll_fmc.o(i.FMC_PCCARD_Init), (44 bytes).
    Removing stm32f4xx_ll_fmc.o(i.FMC_SDRAM_DeInit), (32 bytes).
    Removing stm32f4xx_ll_fmc.o(i.FMC_SDRAM_GetModeStatus), (24 bytes).
    Removing stm32f4xx_ll_fmc.o(i.FMC_SDRAM_Init), (116 bytes).
    Removing stm32f4xx_ll_fmc.o(i.FMC_SDRAM_ProgramRefreshRate), (14 bytes).
    Removing stm32f4xx_ll_fmc.o(i.FMC_SDRAM_SendCommand), (82 bytes).
    Removing stm32f4xx_ll_fmc.o(i.FMC_SDRAM_SetAutoRefreshNumber), (14 bytes).
    Removing stm32f4xx_ll_fmc.o(i.FMC_SDRAM_Timing_Init), (156 bytes).
    Removing stm32f4xx_ll_fmc.o(i.FMC_SDRAM_WriteProtection_Disable), (18 bytes).
    Removing stm32f4xx_ll_fmc.o(i.FMC_SDRAM_WriteProtection_Enable), (18 bytes).
    Removing stm32f4xx_ll_sdmmc.o(.rev16_text), (4 bytes).
    Removing stm32f4xx_ll_sdmmc.o(.revsh_text), (4 bytes).
    Removing stm32f4xx_ll_sdmmc.o(.rrx_text), (6 bytes).
    Removing stm32f4xx_ll_sdmmc.o(i.SDIO_ConfigData), (44 bytes).
    Removing stm32f4xx_ll_sdmmc.o(i.SDIO_GetCommandResponse), (8 bytes).
    Removing stm32f4xx_ll_sdmmc.o(i.SDIO_GetDataCounter), (6 bytes).
    Removing stm32f4xx_ll_sdmmc.o(i.SDIO_GetFIFOCount), (8 bytes).
    Removing stm32f4xx_ll_sdmmc.o(i.SDIO_GetPowerState), (10 bytes).
    Removing stm32f4xx_ll_sdmmc.o(i.SDIO_GetResponse), (22 bytes).
    Removing stm32f4xx_ll_sdmmc.o(i.SDIO_Init), (52 bytes).
    Removing stm32f4xx_ll_sdmmc.o(i.SDIO_PowerState_OFF), (8 bytes).
    Removing stm32f4xx_ll_sdmmc.o(i.SDIO_PowerState_ON), (10 bytes).
    Removing stm32f4xx_ll_sdmmc.o(i.SDIO_ReadFIFO), (8 bytes).
    Removing stm32f4xx_ll_sdmmc.o(i.SDIO_SendCommand), (40 bytes).
    Removing stm32f4xx_ll_sdmmc.o(i.SDIO_SetSDMMCReadWaitMode), (16 bytes).
    Removing stm32f4xx_ll_sdmmc.o(i.SDIO_WriteFIFO), (12 bytes).
    Removing stm32f4xx_ll_sdmmc.o(i.SDMMC_CmdAppCommand), (58 bytes).
    Removing stm32f4xx_ll_sdmmc.o(i.SDMMC_CmdAppOperCommand), (60 bytes).
    Removing stm32f4xx_ll_sdmmc.o(i.SDMMC_CmdBlockLength), (58 bytes).
    Removing stm32f4xx_ll_sdmmc.o(i.SDMMC_CmdBusWidth), (58 bytes).
    Removing stm32f4xx_ll_sdmmc.o(i.SDMMC_CmdErase), (58 bytes).
    Removing stm32f4xx_ll_sdmmc.o(i.SDMMC_CmdEraseEndAdd), (58 bytes).
    Removing stm32f4xx_ll_sdmmc.o(i.SDMMC_CmdEraseStartAdd), (58 bytes).
    Removing stm32f4xx_ll_sdmmc.o(i.SDMMC_CmdGoIdleState), (46 bytes).
    Removing stm32f4xx_ll_sdmmc.o(i.SDMMC_CmdOpCondition), (52 bytes).
    Removing stm32f4xx_ll_sdmmc.o(i.SDMMC_CmdOperCond), (54 bytes).
    Removing stm32f4xx_ll_sdmmc.o(i.SDMMC_CmdReadMultiBlock), (58 bytes).
    Removing stm32f4xx_ll_sdmmc.o(i.SDMMC_CmdReadSingleBlock), (58 bytes).
    Removing stm32f4xx_ll_sdmmc.o(i.SDMMC_CmdSDEraseEndAdd), (58 bytes).
    Removing stm32f4xx_ll_sdmmc.o(i.SDMMC_CmdSDEraseStartAdd), (58 bytes).
    Removing stm32f4xx_ll_sdmmc.o(i.SDMMC_CmdSelDesel), (60 bytes).
    Removing stm32f4xx_ll_sdmmc.o(i.SDMMC_CmdSendCID), (52 bytes).
    Removing stm32f4xx_ll_sdmmc.o(i.SDMMC_CmdSendCSD), (52 bytes).
    Removing stm32f4xx_ll_sdmmc.o(i.SDMMC_CmdSendSCR), (58 bytes).
    Removing stm32f4xx_ll_sdmmc.o(i.SDMMC_CmdSendStatus), (58 bytes).
    Removing stm32f4xx_ll_sdmmc.o(i.SDMMC_CmdSetRelAdd), (58 bytes).
    Removing stm32f4xx_ll_sdmmc.o(i.SDMMC_CmdStatusRegister), (58 bytes).
    Removing stm32f4xx_ll_sdmmc.o(i.SDMMC_CmdStopTransfer), (60 bytes).
    Removing stm32f4xx_ll_sdmmc.o(i.SDMMC_CmdSwitch), (58 bytes).
    Removing stm32f4xx_ll_sdmmc.o(i.SDMMC_CmdWriteMultiBlock), (58 bytes).
    Removing stm32f4xx_ll_sdmmc.o(i.SDMMC_CmdWriteSingleBlock), (58 bytes).
    Removing stm32f4xx_ll_sdmmc.o(i.SDMMC_GetCmdError), (64 bytes).
    Removing stm32f4xx_ll_sdmmc.o(i.SDMMC_GetCmdResp1), (420 bytes).
    Removing stm32f4xx_ll_sdmmc.o(i.SDMMC_GetCmdResp2), (92 bytes).
    Removing stm32f4xx_ll_sdmmc.o(i.SDMMC_GetCmdResp3), (80 bytes).
    Removing stm32f4xx_ll_sdmmc.o(i.SDMMC_GetCmdResp6), (176 bytes).
    Removing stm32f4xx_ll_sdmmc.o(i.SDMMC_GetCmdResp7), (88 bytes).
    Removing stm32f4xx_hal_can.o(.rev16_text), (4 bytes).
    Removing stm32f4xx_hal_can.o(.revsh_text), (4 bytes).
    Removing stm32f4xx_hal_can.o(.rrx_text), (6 bytes).
    Removing stm32f4xx_hal_can.o(i.HAL_CAN_AbortTxRequest), (88 bytes).
    Removing stm32f4xx_hal_can.o(i.HAL_CAN_ActivateNotification), (44 bytes).
    Removing stm32f4xx_hal_can.o(i.HAL_CAN_AddTxMessage), (298 bytes).
    Removing stm32f4xx_hal_can.o(i.HAL_CAN_ConfigFilter), (292 bytes).
    Removing stm32f4xx_hal_can.o(i.HAL_CAN_DeInit), (46 bytes).
    Removing stm32f4xx_hal_can.o(i.HAL_CAN_DeactivateNotification), (44 bytes).
    Removing stm32f4xx_hal_can.o(i.HAL_CAN_ErrorCallback), (2 bytes).
    Removing stm32f4xx_hal_can.o(i.HAL_CAN_GetError), (6 bytes).
    Removing stm32f4xx_hal_can.o(i.HAL_CAN_GetRxFifoFillLevel), (42 bytes).
    Removing stm32f4xx_hal_can.o(i.HAL_CAN_GetRxMessage), (392 bytes).
    Removing stm32f4xx_hal_can.o(i.HAL_CAN_GetState), (50 bytes).
    Removing stm32f4xx_hal_can.o(i.HAL_CAN_GetTxMailboxesFreeLevel), (58 bytes).
    Removing stm32f4xx_hal_can.o(i.HAL_CAN_GetTxTimestamp), (46 bytes).
    Removing stm32f4xx_hal_can.o(i.HAL_CAN_IRQHandler), (590 bytes).
    Removing stm32f4xx_hal_can.o(i.HAL_CAN_Init), (374 bytes).
    Removing stm32f4xx_hal_can.o(i.HAL_CAN_IsSleepActive), (34 bytes).
    Removing stm32f4xx_hal_can.o(i.HAL_CAN_IsTxMessagePending), (38 bytes).
    Removing stm32f4xx_hal_can.o(i.HAL_CAN_MspDeInit), (2 bytes).
    Removing stm32f4xx_hal_can.o(i.HAL_CAN_MspInit), (2 bytes).
    Removing stm32f4xx_hal_can.o(i.HAL_CAN_RequestSleep), (46 bytes).
    Removing stm32f4xx_hal_can.o(i.HAL_CAN_ResetError), (38 bytes).
    Removing stm32f4xx_hal_can.o(i.HAL_CAN_RxFifo0FullCallback), (2 bytes).
    Removing stm32f4xx_hal_can.o(i.HAL_CAN_RxFifo0MsgPendingCallback), (2 bytes).
    Removing stm32f4xx_hal_can.o(i.HAL_CAN_RxFifo1FullCallback), (2 bytes).
    Removing stm32f4xx_hal_can.o(i.HAL_CAN_RxFifo1MsgPendingCallback), (2 bytes).
    Removing stm32f4xx_hal_can.o(i.HAL_CAN_SleepCallback), (2 bytes).
    Removing stm32f4xx_hal_can.o(i.HAL_CAN_Start), (96 bytes).
    Removing stm32f4xx_hal_can.o(i.HAL_CAN_Stop), (108 bytes).
    Removing stm32f4xx_hal_can.o(i.HAL_CAN_TxMailbox0AbortCallback), (2 bytes).
    Removing stm32f4xx_hal_can.o(i.HAL_CAN_TxMailbox0CompleteCallback), (2 bytes).
    Removing stm32f4xx_hal_can.o(i.HAL_CAN_TxMailbox1AbortCallback), (2 bytes).
    Removing stm32f4xx_hal_can.o(i.HAL_CAN_TxMailbox1CompleteCallback), (2 bytes).
    Removing stm32f4xx_hal_can.o(i.HAL_CAN_TxMailbox2AbortCallback), (2 bytes).
    Removing stm32f4xx_hal_can.o(i.HAL_CAN_TxMailbox2CompleteCallback), (2 bytes).
    Removing stm32f4xx_hal_can.o(i.HAL_CAN_WakeUp), (92 bytes).
    Removing stm32f4xx_hal_can.o(i.HAL_CAN_WakeUpFromRxMsgCallback), (2 bytes).
    Removing bsp_led.o(.rev16_text), (4 bytes).
    Removing bsp_led.o(.revsh_text), (4 bytes).
    Removing bsp_led.o(.rrx_text), (6 bytes).
    Removing bsp_button.o(.rev16_text), (4 bytes).
    Removing bsp_button.o(.revsh_text), (4 bytes).
    Removing bsp_button.o(.rrx_text), (6 bytes).
    Removing bsp_button.o(i.Button_Scan), (40 bytes).
    Removing bsp_rcc.o(.rev16_text), (4 bytes).
    Removing bsp_rcc.o(.revsh_text), (4 bytes).
    Removing bsp_rcc.o(.rrx_text), (6 bytes).
    Removing bsp_rcc.o(i.HSE_SetSysClock), (114 bytes).
    Removing bsp_rcc.o(i.HSI_SetSysClock), (114 bytes).
    Removing bsp_rcc.o(i.MCO1_GPIO_Config), (18 bytes).
    Removing bsp_rcc.o(i.MCO2_GPIO_Config), (18 bytes).
    Removing bsp_rcc.o(i.MCO_Test), (12 bytes).
    Removing bsp_uart_debug.o(.rev16_text), (4 bytes).
    Removing bsp_uart_debug.o(.revsh_text), (4 bytes).
    Removing bsp_uart_debug.o(.rrx_text), (6 bytes).
    Removing bsp_uart_debug.o(i.Debug_Uart_SendString), (36 bytes).
    Removing bsp_uart_debug.o(i.fgetc), (28 bytes).
    Removing bsp_uart_debug.o(i.fputc), (28 bytes).
    Removing bsp_timer.o(.rev16_text), (4 bytes).
    Removing bsp_timer.o(.revsh_text), (4 bytes).
    Removing bsp_timer.o(.rrx_text), (6 bytes).
    Removing bsp_timer.o(i.TIM_Mode_Config), (84 bytes).
    Removing bsp_timer.o(i.TIMx_Configuration), (12 bytes).
    Removing bsp_timer.o(i.TIMx_NVIC_Configuration), (20 bytes).
    Removing bsp_internalflash.o(.rev16_text), (4 bytes).
    Removing bsp_internalflash.o(.revsh_text), (4 bytes).
    Removing bsp_internalflash.o(.rrx_text), (6 bytes).
    Removing bsp_internalflash.o(i.InternalFlash_Test), (168 bytes).
    Removing iap.o(.rev16_text), (4 bytes).
    Removing iap.o(.revsh_text), (4 bytes).
    Removing iap.o(.rrx_text), (6 bytes).
    Removing iap.o(i.Jump_Dfu_BootLoader), (148 bytes).
    Removing iap.o(i.NVIC_SetVectorTable), (16 bytes).
    Removing common.o(.rev16_text), (4 bytes).
    Removing common.o(.revsh_text), (4 bytes).
    Removing common.o(.rrx_text), (6 bytes).
    Removing common.o(i.U8Buffercmp), (36 bytes).
    Removing common.o(i.UARTx_PRINTF), (248 bytes).
    Removing common.o(i.itoa), (98 bytes).
    Removing multi_timer.o(i.multi_timer_stop), (40 bytes).
    Removing multi_timer_user.o(.rev16_text), (4 bytes).
    Removing multi_timer_user.o(.revsh_text), (4 bytes).
    Removing multi_timer_user.o(.rrx_text), (6 bytes).
    Removing multi_button.o(i.button_stop), (40 bytes).
    Removing multi_button.o(i.get_button_event), (8 bytes).
    Removing multi_button_user.o(.rev16_text), (4 bytes).
    Removing multi_button_user.o(.revsh_text), (4 bytes).
    Removing multi_button_user.o(.rrx_text), (6 bytes).
    Removing main.o(.rev16_text), (4 bytes).
    Removing main.o(.revsh_text), (4 bytes).
    Removing main.o(.rrx_text), (6 bytes).
    Removing main.o(.data), (4 bytes).
    Removing stm32f4xx_it.o(.rev16_text), (4 bytes).
    Removing stm32f4xx_it.o(.revsh_text), (4 bytes).
    Removing stm32f4xx_it.o(.rrx_text), (6 bytes).
    Removing board.o(.rev16_text), (4 bytes).
    Removing board.o(.revsh_text), (4 bytes).
    Removing board.o(.rrx_text), (6 bytes).
    Removing board.o(i.App_Task), (2 bytes).

1006 unused section(s) (total 89654 bytes) removed from the image.

==============================================================================

Image Symbol Table

    Local Symbols

    Symbol Name                              Value     Ov Type        Size  Object(Section)

    ../clib/microlib/division.c              0x00000000   Number         0  uldiv.o ABSOLUTE
    ../clib/microlib/init/entry.s            0x00000000   Number         0  entry10b.o ABSOLUTE
    ../clib/microlib/init/entry.s            0x00000000   Number         0  entry7b.o ABSOLUTE
    ../clib/microlib/init/entry.s            0x00000000   Number         0  entry7a.o ABSOLUTE
    ../clib/microlib/init/entry.s            0x00000000   Number         0  entry5.o ABSOLUTE
    ../clib/microlib/init/entry.s            0x00000000   Number         0  entry8a.o ABSOLUTE
    ../clib/microlib/init/entry.s            0x00000000   Number         0  entry9b.o ABSOLUTE
    ../clib/microlib/init/entry.s            0x00000000   Number         0  entry2.o ABSOLUTE
    ../clib/microlib/init/entry.s            0x00000000   Number         0  entry11a.o ABSOLUTE
    ../clib/microlib/init/entry.s            0x00000000   Number         0  entry11b.o ABSOLUTE
    ../clib/microlib/init/entry.s            0x00000000   Number         0  entry.o ABSOLUTE
    ../clib/microlib/init/entry.s            0x00000000   Number         0  entry8b.o ABSOLUTE
    ../clib/microlib/init/entry.s            0x00000000   Number         0  entry9a.o ABSOLUTE
    ../clib/microlib/init/entry.s            0x00000000   Number         0  entry10a.o ABSOLUTE
    ../clib/microlib/longlong.c              0x00000000   Number         0  llushr.o ABSOLUTE
    ../clib/microlib/longlong.c              0x00000000   Number         0  llshl.o ABSOLUTE
    ../clib/microlib/string/memcpy.c         0x00000000   Number         0  memcpya.o ABSOLUTE
    ../clib/microlib/string/memcpy.c         0x00000000   Number         0  memcpyb.o ABSOLUTE
    ../clib/microlib/string/memset.c         0x00000000   Number         0  memseta.o ABSOLUTE
    ..\Libraries\CMSIS\Device\ST\STM32F4xx\Source\Templates\arm\startup_stm32f429xx.s 0x00000000   Number         0  startup_stm32f429xx.o ABSOLUTE
    ..\Libraries\CMSIS\Device\ST\STM32F4xx\Source\Templates\system_stm32f4xx.c 0x00000000   Number         0  system_stm32f4xx.o ABSOLUTE
    ..\Libraries\STM32F4xx_HAL_Driver\Src\stm32f4xx_hal.c 0x00000000   Number         0  stm32f4xx_hal.o ABSOLUTE
    ..\Libraries\STM32F4xx_HAL_Driver\Src\stm32f4xx_hal_adc.c 0x00000000   Number         0  stm32f4xx_hal_adc.o ABSOLUTE
    ..\Libraries\STM32F4xx_HAL_Driver\Src\stm32f4xx_hal_adc_ex.c 0x00000000   Number         0  stm32f4xx_hal_adc_ex.o ABSOLUTE
    ..\Libraries\STM32F4xx_HAL_Driver\Src\stm32f4xx_hal_can.c 0x00000000   Number         0  stm32f4xx_hal_can.o ABSOLUTE
    ..\Libraries\STM32F4xx_HAL_Driver\Src\stm32f4xx_hal_cec.c 0x00000000   Number         0  stm32f4xx_hal_cec.o ABSOLUTE
    ..\Libraries\STM32F4xx_HAL_Driver\Src\stm32f4xx_hal_cortex.c 0x00000000   Number         0  stm32f4xx_hal_cortex.o ABSOLUTE
    ..\Libraries\STM32F4xx_HAL_Driver\Src\stm32f4xx_hal_dma.c 0x00000000   Number         0  stm32f4xx_hal_dma.o ABSOLUTE
    ..\Libraries\STM32F4xx_HAL_Driver\Src\stm32f4xx_hal_dma2d.c 0x00000000   Number         0  stm32f4xx_hal_dma2d.o ABSOLUTE
    ..\Libraries\STM32F4xx_HAL_Driver\Src\stm32f4xx_hal_dma_ex.c 0x00000000   Number         0  stm32f4xx_hal_dma_ex.o ABSOLUTE
    ..\Libraries\STM32F4xx_HAL_Driver\Src\stm32f4xx_hal_flash.c 0x00000000   Number         0  stm32f4xx_hal_flash.o ABSOLUTE
    ..\Libraries\STM32F4xx_HAL_Driver\Src\stm32f4xx_hal_flash_ex.c 0x00000000   Number         0  stm32f4xx_hal_flash_ex.o ABSOLUTE
    ..\Libraries\STM32F4xx_HAL_Driver\Src\stm32f4xx_hal_flash_ramfunc.c 0x00000000   Number         0  stm32f4xx_hal_flash_ramfunc.o ABSOLUTE
    ..\Libraries\STM32F4xx_HAL_Driver\Src\stm32f4xx_hal_gpio.c 0x00000000   Number         0  stm32f4xx_hal_gpio.o ABSOLUTE
    ..\Libraries\STM32F4xx_HAL_Driver\Src\stm32f4xx_hal_hash_ex.c 0x00000000   Number         0  stm32f4xx_hal_hash_ex.o ABSOLUTE
    ..\Libraries\STM32F4xx_HAL_Driver\Src\stm32f4xx_hal_i2c.c 0x00000000   Number         0  stm32f4xx_hal_i2c.o ABSOLUTE
    ..\Libraries\STM32F4xx_HAL_Driver\Src\stm32f4xx_hal_i2c_ex.c 0x00000000   Number         0  stm32f4xx_hal_i2c_ex.o ABSOLUTE
    ..\Libraries\STM32F4xx_HAL_Driver\Src\stm32f4xx_hal_i2s.c 0x00000000   Number         0  stm32f4xx_hal_i2s.o ABSOLUTE
    ..\Libraries\STM32F4xx_HAL_Driver\Src\stm32f4xx_hal_i2s_ex.c 0x00000000   Number         0  stm32f4xx_hal_i2s_ex.o ABSOLUTE
    ..\Libraries\STM32F4xx_HAL_Driver\Src\stm32f4xx_hal_iwdg.c 0x00000000   Number         0  stm32f4xx_hal_iwdg.o ABSOLUTE
    ..\Libraries\STM32F4xx_HAL_Driver\Src\stm32f4xx_hal_lptim.c 0x00000000   Number         0  stm32f4xx_hal_lptim.o ABSOLUTE
    ..\Libraries\STM32F4xx_HAL_Driver\Src\stm32f4xx_hal_ltdc.c 0x00000000   Number         0  stm32f4xx_hal_ltdc.o ABSOLUTE
    ..\Libraries\STM32F4xx_HAL_Driver\Src\stm32f4xx_hal_ltdc_ex.c 0x00000000   Number         0  stm32f4xx_hal_ltdc_ex.o ABSOLUTE
    ..\Libraries\STM32F4xx_HAL_Driver\Src\stm32f4xx_hal_pwr.c 0x00000000   Number         0  stm32f4xx_hal_pwr.o ABSOLUTE
    ..\Libraries\STM32F4xx_HAL_Driver\Src\stm32f4xx_hal_pwr_ex.c 0x00000000   Number         0  stm32f4xx_hal_pwr_ex.o ABSOLUTE
    ..\Libraries\STM32F4xx_HAL_Driver\Src\stm32f4xx_hal_rcc.c 0x00000000   Number         0  stm32f4xx_hal_rcc.o ABSOLUTE
    ..\Libraries\STM32F4xx_HAL_Driver\Src\stm32f4xx_hal_rcc_ex.c 0x00000000   Number         0  stm32f4xx_hal_rcc_ex.o ABSOLUTE
    ..\Libraries\STM32F4xx_HAL_Driver\Src\stm32f4xx_hal_rng.c 0x00000000   Number         0  stm32f4xx_hal_rng.o ABSOLUTE
    ..\Libraries\STM32F4xx_HAL_Driver\Src\stm32f4xx_hal_rtc.c 0x00000000   Number         0  stm32f4xx_hal_rtc.o ABSOLUTE
    ..\Libraries\STM32F4xx_HAL_Driver\Src\stm32f4xx_hal_rtc_ex.c 0x00000000   Number         0  stm32f4xx_hal_rtc_ex.o ABSOLUTE
    ..\Libraries\STM32F4xx_HAL_Driver\Src\stm32f4xx_hal_sd.c 0x00000000   Number         0  stm32f4xx_hal_sd.o ABSOLUTE
    ..\Libraries\STM32F4xx_HAL_Driver\Src\stm32f4xx_hal_sdram.c 0x00000000   Number         0  stm32f4xx_hal_sdram.o ABSOLUTE
    ..\Libraries\STM32F4xx_HAL_Driver\Src\stm32f4xx_hal_spdifrx.c 0x00000000   Number         0  stm32f4xx_hal_spdifrx.o ABSOLUTE
    ..\Libraries\STM32F4xx_HAL_Driver\Src\stm32f4xx_hal_spi.c 0x00000000   Number         0  stm32f4xx_hal_spi.o ABSOLUTE
    ..\Libraries\STM32F4xx_HAL_Driver\Src\stm32f4xx_hal_sram.c 0x00000000   Number         0  stm32f4xx_hal_sram.o ABSOLUTE
    ..\Libraries\STM32F4xx_HAL_Driver\Src\stm32f4xx_hal_tim.c 0x00000000   Number         0  stm32f4xx_hal_tim.o ABSOLUTE
    ..\Libraries\STM32F4xx_HAL_Driver\Src\stm32f4xx_hal_tim_ex.c 0x00000000   Number         0  stm32f4xx_hal_tim_ex.o ABSOLUTE
    ..\Libraries\STM32F4xx_HAL_Driver\Src\stm32f4xx_hal_uart.c 0x00000000   Number         0  stm32f4xx_hal_uart.o ABSOLUTE
    ..\Libraries\STM32F4xx_HAL_Driver\Src\stm32f4xx_ll_fmc.c 0x00000000   Number         0  stm32f4xx_ll_fmc.o ABSOLUTE
    ..\Libraries\STM32F4xx_HAL_Driver\Src\stm32f4xx_ll_sdmmc.c 0x00000000   Number         0  stm32f4xx_ll_sdmmc.o ABSOLUTE
    ..\User\BSP\button\bsp_button.c          0x00000000   Number         0  bsp_button.o ABSOLUTE
    ..\User\BSP\debug\bsp_uart_debug.c       0x00000000   Number         0  bsp_uart_debug.o ABSOLUTE
    ..\User\BSP\iap\iap.c                    0x00000000   Number         0  iap.o ABSOLUTE
    ..\User\BSP\internalflash\bsp_internalflash.c 0x00000000   Number         0  bsp_internalflash.o ABSOLUTE
    ..\User\BSP\led\bsp_led.c                0x00000000   Number         0  bsp_led.o ABSOLUTE
    ..\User\BSP\rcc\bsp_rcc.c                0x00000000   Number         0  bsp_rcc.o ABSOLUTE
    ..\User\BSP\tim\bsp_timer.c              0x00000000   Number         0  bsp_timer.o ABSOLUTE
    ..\User\Common\common.c                  0x00000000   Number         0  common.o ABSOLUTE
    ..\User\Module\MultiButton\multi_button.c 0x00000000   Number         0  multi_button.o ABSOLUTE
    ..\User\Module\MultiButton\multi_button_user.c 0x00000000   Number         0  multi_button_user.o ABSOLUTE
    ..\User\Module\MultiTimer\multi_timer.c  0x00000000   Number         0  multi_timer.o ABSOLUTE
    ..\User\Module\MultiTimer\multi_timer_user.c 0x00000000   Number         0  multi_timer_user.o ABSOLUTE
    ..\User\board.c                          0x00000000   Number         0  board.o ABSOLUTE
    ..\User\main.c                           0x00000000   Number         0  main.o ABSOLUTE
    ..\User\stm32f4xx_it.c                   0x00000000   Number         0  stm32f4xx_it.o ABSOLUTE
    ..\\Libraries\\CMSIS\\Device\\ST\\STM32F4xx\\Source\\Templates\\system_stm32f4xx.c 0x00000000   Number         0  system_stm32f4xx.o ABSOLUTE
    ..\\Libraries\\STM32F4xx_HAL_Driver\\Src\\stm32f4xx_hal.c 0x00000000   Number         0  stm32f4xx_hal.o ABSOLUTE
    ..\\Libraries\\STM32F4xx_HAL_Driver\\Src\\stm32f4xx_hal_adc.c 0x00000000   Number         0  stm32f4xx_hal_adc.o ABSOLUTE
    ..\\Libraries\\STM32F4xx_HAL_Driver\\Src\\stm32f4xx_hal_adc_ex.c 0x00000000   Number         0  stm32f4xx_hal_adc_ex.o ABSOLUTE
    ..\\Libraries\\STM32F4xx_HAL_Driver\\Src\\stm32f4xx_hal_can.c 0x00000000   Number         0  stm32f4xx_hal_can.o ABSOLUTE
    ..\\Libraries\\STM32F4xx_HAL_Driver\\Src\\stm32f4xx_hal_cec.c 0x00000000   Number         0  stm32f4xx_hal_cec.o ABSOLUTE
    ..\\Libraries\\STM32F4xx_HAL_Driver\\Src\\stm32f4xx_hal_cortex.c 0x00000000   Number         0  stm32f4xx_hal_cortex.o ABSOLUTE
    ..\\Libraries\\STM32F4xx_HAL_Driver\\Src\\stm32f4xx_hal_dma.c 0x00000000   Number         0  stm32f4xx_hal_dma.o ABSOLUTE
    ..\\Libraries\\STM32F4xx_HAL_Driver\\Src\\stm32f4xx_hal_dma2d.c 0x00000000   Number         0  stm32f4xx_hal_dma2d.o ABSOLUTE
    ..\\Libraries\\STM32F4xx_HAL_Driver\\Src\\stm32f4xx_hal_dma_ex.c 0x00000000   Number         0  stm32f4xx_hal_dma_ex.o ABSOLUTE
    ..\\Libraries\\STM32F4xx_HAL_Driver\\Src\\stm32f4xx_hal_flash.c 0x00000000   Number         0  stm32f4xx_hal_flash.o ABSOLUTE
    ..\\Libraries\\STM32F4xx_HAL_Driver\\Src\\stm32f4xx_hal_flash_ex.c 0x00000000   Number         0  stm32f4xx_hal_flash_ex.o ABSOLUTE
    ..\\Libraries\\STM32F4xx_HAL_Driver\\Src\\stm32f4xx_hal_flash_ramfunc.c 0x00000000   Number         0  stm32f4xx_hal_flash_ramfunc.o ABSOLUTE
    ..\\Libraries\\STM32F4xx_HAL_Driver\\Src\\stm32f4xx_hal_gpio.c 0x00000000   Number         0  stm32f4xx_hal_gpio.o ABSOLUTE
    ..\\Libraries\\STM32F4xx_HAL_Driver\\Src\\stm32f4xx_hal_hash_ex.c 0x00000000   Number         0  stm32f4xx_hal_hash_ex.o ABSOLUTE
    ..\\Libraries\\STM32F4xx_HAL_Driver\\Src\\stm32f4xx_hal_i2c.c 0x00000000   Number         0  stm32f4xx_hal_i2c.o ABSOLUTE
    ..\\Libraries\\STM32F4xx_HAL_Driver\\Src\\stm32f4xx_hal_i2c_ex.c 0x00000000   Number         0  stm32f4xx_hal_i2c_ex.o ABSOLUTE
    ..\\Libraries\\STM32F4xx_HAL_Driver\\Src\\stm32f4xx_hal_i2s.c 0x00000000   Number         0  stm32f4xx_hal_i2s.o ABSOLUTE
    ..\\Libraries\\STM32F4xx_HAL_Driver\\Src\\stm32f4xx_hal_i2s_ex.c 0x00000000   Number         0  stm32f4xx_hal_i2s_ex.o ABSOLUTE
    ..\\Libraries\\STM32F4xx_HAL_Driver\\Src\\stm32f4xx_hal_iwdg.c 0x00000000   Number         0  stm32f4xx_hal_iwdg.o ABSOLUTE
    ..\\Libraries\\STM32F4xx_HAL_Driver\\Src\\stm32f4xx_hal_lptim.c 0x00000000   Number         0  stm32f4xx_hal_lptim.o ABSOLUTE
    ..\\Libraries\\STM32F4xx_HAL_Driver\\Src\\stm32f4xx_hal_ltdc.c 0x00000000   Number         0  stm32f4xx_hal_ltdc.o ABSOLUTE
    ..\\Libraries\\STM32F4xx_HAL_Driver\\Src\\stm32f4xx_hal_ltdc_ex.c 0x00000000   Number         0  stm32f4xx_hal_ltdc_ex.o ABSOLUTE
    ..\\Libraries\\STM32F4xx_HAL_Driver\\Src\\stm32f4xx_hal_pwr.c 0x00000000   Number         0  stm32f4xx_hal_pwr.o ABSOLUTE
    ..\\Libraries\\STM32F4xx_HAL_Driver\\Src\\stm32f4xx_hal_pwr_ex.c 0x00000000   Number         0  stm32f4xx_hal_pwr_ex.o ABSOLUTE
    ..\\Libraries\\STM32F4xx_HAL_Driver\\Src\\stm32f4xx_hal_rcc.c 0x00000000   Number         0  stm32f4xx_hal_rcc.o ABSOLUTE
    ..\\Libraries\\STM32F4xx_HAL_Driver\\Src\\stm32f4xx_hal_rcc_ex.c 0x00000000   Number         0  stm32f4xx_hal_rcc_ex.o ABSOLUTE
    ..\\Libraries\\STM32F4xx_HAL_Driver\\Src\\stm32f4xx_hal_rng.c 0x00000000   Number         0  stm32f4xx_hal_rng.o ABSOLUTE
    ..\\Libraries\\STM32F4xx_HAL_Driver\\Src\\stm32f4xx_hal_rtc.c 0x00000000   Number         0  stm32f4xx_hal_rtc.o ABSOLUTE
    ..\\Libraries\\STM32F4xx_HAL_Driver\\Src\\stm32f4xx_hal_rtc_ex.c 0x00000000   Number         0  stm32f4xx_hal_rtc_ex.o ABSOLUTE
    ..\\Libraries\\STM32F4xx_HAL_Driver\\Src\\stm32f4xx_hal_sd.c 0x00000000   Number         0  stm32f4xx_hal_sd.o ABSOLUTE
    ..\\Libraries\\STM32F4xx_HAL_Driver\\Src\\stm32f4xx_hal_sdram.c 0x00000000   Number         0  stm32f4xx_hal_sdram.o ABSOLUTE
    ..\\Libraries\\STM32F4xx_HAL_Driver\\Src\\stm32f4xx_hal_spdifrx.c 0x00000000   Number         0  stm32f4xx_hal_spdifrx.o ABSOLUTE
    ..\\Libraries\\STM32F4xx_HAL_Driver\\Src\\stm32f4xx_hal_spi.c 0x00000000   Number         0  stm32f4xx_hal_spi.o ABSOLUTE
    ..\\Libraries\\STM32F4xx_HAL_Driver\\Src\\stm32f4xx_hal_sram.c 0x00000000   Number         0  stm32f4xx_hal_sram.o ABSOLUTE
    ..\\Libraries\\STM32F4xx_HAL_Driver\\Src\\stm32f4xx_hal_tim.c 0x00000000   Number         0  stm32f4xx_hal_tim.o ABSOLUTE
    ..\\Libraries\\STM32F4xx_HAL_Driver\\Src\\stm32f4xx_hal_tim_ex.c 0x00000000   Number         0  stm32f4xx_hal_tim_ex.o ABSOLUTE
    ..\\Libraries\\STM32F4xx_HAL_Driver\\Src\\stm32f4xx_hal_uart.c 0x00000000   Number         0  stm32f4xx_hal_uart.o ABSOLUTE
    ..\\Libraries\\STM32F4xx_HAL_Driver\\Src\\stm32f4xx_ll_fmc.c 0x00000000   Number         0  stm32f4xx_ll_fmc.o ABSOLUTE
    ..\\Libraries\\STM32F4xx_HAL_Driver\\Src\\stm32f4xx_ll_sdmmc.c 0x00000000   Number         0  stm32f4xx_ll_sdmmc.o ABSOLUTE
    ..\\User\\BSP\\button\\bsp_button.c      0x00000000   Number         0  bsp_button.o ABSOLUTE
    ..\\User\\BSP\\debug\\bsp_uart_debug.c   0x00000000   Number         0  bsp_uart_debug.o ABSOLUTE
    ..\\User\\BSP\\iap\\iap.c                0x00000000   Number         0  iap.o ABSOLUTE
    ..\\User\\BSP\\internalflash\\bsp_internalflash.c 0x00000000   Number         0  bsp_internalflash.o ABSOLUTE
    ..\\User\\BSP\\led\\bsp_led.c            0x00000000   Number         0  bsp_led.o ABSOLUTE
    ..\\User\\BSP\\rcc\\bsp_rcc.c            0x00000000   Number         0  bsp_rcc.o ABSOLUTE
    ..\\User\\BSP\\tim\\bsp_timer.c          0x00000000   Number         0  bsp_timer.o ABSOLUTE
    ..\\User\\Common\\common.c               0x00000000   Number         0  common.o ABSOLUTE
    ..\\User\\Module\\MultiButton\\multi_button_user.c 0x00000000   Number         0  multi_button_user.o ABSOLUTE
    ..\\User\\Module\\MultiTimer\\multi_timer_user.c 0x00000000   Number         0  multi_timer_user.o ABSOLUTE
    ..\\User\\board.c                        0x00000000   Number         0  board.o ABSOLUTE
    ..\\User\\main.c                         0x00000000   Number         0  main.o ABSOLUTE
    ..\\User\\stm32f4xx_it.c                 0x00000000   Number         0  stm32f4xx_it.o ABSOLUTE
    dc.s                                     0x00000000   Number         0  dc.o ABSOLUTE
    handlers.s                               0x00000000   Number         0  handlers.o ABSOLUTE
    init.s                                   0x00000000   Number         0  init.o ABSOLUTE
    RESET                                    0x08000000   Section      428  startup_stm32f429xx.o(RESET)
    .ARM.Collect$$$$00000000                 0x080001ac   Section        0  entry.o(.ARM.Collect$$$$00000000)
    .ARM.Collect$$$$00000001                 0x080001ac   Section        4  entry2.o(.ARM.Collect$$$$00000001)
    .ARM.Collect$$$$00000004                 0x080001b0   Section        4  entry5.o(.ARM.Collect$$$$00000004)
    .ARM.Collect$$$$00000008                 0x080001b4   Section        0  entry7b.o(.ARM.Collect$$$$00000008)
    .ARM.Collect$$$$0000000A                 0x080001b4   Section        0  entry8b.o(.ARM.Collect$$$$0000000A)
    .ARM.Collect$$$$0000000B                 0x080001b4   Section        8  entry9a.o(.ARM.Collect$$$$0000000B)
    .ARM.Collect$$$$0000000D                 0x080001bc   Section        0  entry10a.o(.ARM.Collect$$$$0000000D)
    .ARM.Collect$$$$0000000F                 0x080001bc   Section        0  entry11a.o(.ARM.Collect$$$$0000000F)
    .ARM.Collect$$$$00002712                 0x080001bc   Section        4  entry2.o(.ARM.Collect$$$$00002712)
    __lit__00000000                          0x080001bc   Data           4  entry2.o(.ARM.Collect$$$$00002712)
    .text                                    0x080001c0   Section       36  startup_stm32f429xx.o(.text)
    $v0                                      0x080001c0   Number         0  startup_stm32f429xx.o(.text)
    .text                                    0x080001e4   Section        0  uldiv.o(.text)
    .text                                    0x08000246   Section        0  memseta.o(.text)
    .text                                    0x0800026a   Section        0  llshl.o(.text)
    .text                                    0x08000288   Section        0  llushr.o(.text)
    .text                                    0x080002a8   Section       36  init.o(.text)
    i.BSP_Init                               0x080002cc   Section        0  board.o(i.BSP_Init)
    i.BTN1_DOUBLE_Click_Handler              0x080002f0   Section        0  multi_button_user.o(i.BTN1_DOUBLE_Click_Handler)
    i.BTN1_SINGLE_Click_Handler              0x08000304   Section        0  multi_button_user.o(i.BTN1_SINGLE_Click_Handler)
    i.BusFault_Handler                       0x08000320   Section        0  stm32f4xx_it.o(i.BusFault_Handler)
    i.Button_GPIO_Config                     0x08000324   Section        0  bsp_button.o(i.Button_GPIO_Config)
    i.DMA2_Stream3_IRQHandler                0x08000398   Section        0  stm32f4xx_it.o(i.DMA2_Stream3_IRQHandler)
    i.DMA2_Stream6_IRQHandler                0x0800039a   Section        0  stm32f4xx_it.o(i.DMA2_Stream6_IRQHandler)
    i.DebugMon_Handler                       0x0800039c   Section        0  stm32f4xx_it.o(i.DebugMon_Handler)
    i.Debug_Uart_Config                      0x080003a0   Section        0  bsp_uart_debug.o(i.Debug_Uart_Config)
    i.Debug_Uart_Init                        0x080003dc   Section        0  bsp_uart_debug.o(i.Debug_Uart_Init)
    i.EXTI0_IRQHandler                       0x08000490   Section        0  stm32f4xx_it.o(i.EXTI0_IRQHandler)
    i.FLASH_Erase_Sector                     0x08000494   Section        0  stm32f4xx_hal_flash_ex.o(i.FLASH_Erase_Sector)
    i.FLASH_FlushCaches                      0x080004f4   Section        0  stm32f4xx_hal_flash_ex.o(i.FLASH_FlushCaches)
    i.FLASH_MassErase                        0x0800056c   Section        0  stm32f4xx_hal_flash_ex.o(i.FLASH_MassErase)
    FLASH_MassErase                          0x0800056d   Thumb Code    80  stm32f4xx_hal_flash_ex.o(i.FLASH_MassErase)
    i.FLASH_Program_Byte                     0x080005c0   Section        0  stm32f4xx_hal_flash.o(i.FLASH_Program_Byte)
    FLASH_Program_Byte                       0x080005c1   Thumb Code    32  stm32f4xx_hal_flash.o(i.FLASH_Program_Byte)
    i.FLASH_Program_DoubleWord               0x080005e4   Section        0  stm32f4xx_hal_flash.o(i.FLASH_Program_DoubleWord)
    FLASH_Program_DoubleWord                 0x080005e5   Thumb Code    40  stm32f4xx_hal_flash.o(i.FLASH_Program_DoubleWord)
    i.FLASH_Program_HalfWord                 0x08000610   Section        0  stm32f4xx_hal_flash.o(i.FLASH_Program_HalfWord)
    FLASH_Program_HalfWord                   0x08000611   Thumb Code    36  stm32f4xx_hal_flash.o(i.FLASH_Program_HalfWord)
    i.FLASH_Program_Word                     0x08000638   Section        0  stm32f4xx_hal_flash.o(i.FLASH_Program_Word)
    FLASH_Program_Word                       0x08000639   Thumb Code    36  stm32f4xx_hal_flash.o(i.FLASH_Program_Word)
    i.FLASH_SetErrorCode                     0x08000660   Section        0  stm32f4xx_hal_flash.o(i.FLASH_SetErrorCode)
    FLASH_SetErrorCode                       0x08000661   Thumb Code   172  stm32f4xx_hal_flash.o(i.FLASH_SetErrorCode)
    i.FLASH_WaitForLastOperation             0x08000714   Section        0  stm32f4xx_hal_flash.o(i.FLASH_WaitForLastOperation)
    i.GetMultiTimer_Ticks                    0x08000778   Section        0  bsp_timer.o(i.GetMultiTimer_Ticks)
    i.GetSector                              0x08000784   Section        0  bsp_internalflash.o(i.GetSector)
    GetSector                                0x08000785   Thumb Code   182  bsp_internalflash.o(i.GetSector)
    i.HAL_FLASHEx_Erase                      0x08000868   Section        0  stm32f4xx_hal_flash_ex.o(i.HAL_FLASHEx_Erase)
    i.HAL_FLASH_Lock                         0x08000918   Section        0  stm32f4xx_hal_flash.o(i.HAL_FLASH_Lock)
    i.HAL_FLASH_Program                      0x0800092c   Section        0  stm32f4xx_hal_flash.o(i.HAL_FLASH_Program)
    i.HAL_FLASH_Unlock                       0x080009c4   Section        0  stm32f4xx_hal_flash.o(i.HAL_FLASH_Unlock)
    i.HAL_GPIO_Init                          0x080009f8   Section        0  stm32f4xx_hal_gpio.o(i.HAL_GPIO_Init)
    i.HAL_GPIO_ReadPin                       0x08000c14   Section        0  stm32f4xx_hal_gpio.o(i.HAL_GPIO_ReadPin)
    i.HAL_GetTick                            0x08000c24   Section        0  stm32f4xx_hal.o(i.HAL_GetTick)
    i.HAL_IncTick                            0x08000c30   Section        0  stm32f4xx_hal.o(i.HAL_IncTick)
    i.HAL_InitTick                           0x08000c48   Section        0  stm32f4xx_hal.o(i.HAL_InitTick)
    i.HAL_NVIC_EnableIRQ                     0x08000c94   Section        0  stm32f4xx_hal_cortex.o(i.HAL_NVIC_EnableIRQ)
    i.HAL_NVIC_SetPriority                   0x08000cae   Section        0  stm32f4xx_hal_cortex.o(i.HAL_NVIC_SetPriority)
    i.HAL_PWREx_EnableOverDrive              0x08000d2c   Section        0  stm32f4xx_hal_pwr_ex.o(i.HAL_PWREx_EnableOverDrive)
    i.HAL_RCC_ClockConfig                    0x08000db8   Section        0  stm32f4xx_hal_rcc.o(i.HAL_RCC_ClockConfig)
    i.HAL_RCC_GetHCLKFreq                    0x08000f38   Section        0  stm32f4xx_hal_rcc.o(i.HAL_RCC_GetHCLKFreq)
    i.HAL_RCC_GetPCLK1Freq                   0x08000f44   Section        0  stm32f4xx_hal_rcc.o(i.HAL_RCC_GetPCLK1Freq)
    i.HAL_RCC_GetPCLK2Freq                   0x08000f64   Section        0  stm32f4xx_hal_rcc.o(i.HAL_RCC_GetPCLK2Freq)
    i.HAL_RCC_GetSysClockFreq                0x08000f84   Section        0  stm32f4xx_hal_rcc.o(i.HAL_RCC_GetSysClockFreq)
    i.HAL_RCC_OscConfig                      0x08001034   Section        0  stm32f4xx_hal_rcc.o(i.HAL_RCC_OscConfig)
    i.HAL_SYSTICK_Config                     0x0800147c   Section        0  stm32f4xx_hal_cortex.o(i.HAL_SYSTICK_Config)
    i.HAL_TIMEx_BreakCallback                0x080014b0   Section        0  stm32f4xx_hal_tim_ex.o(i.HAL_TIMEx_BreakCallback)
    i.HAL_TIMEx_CommutationCallback          0x080014b2   Section        0  stm32f4xx_hal_tim_ex.o(i.HAL_TIMEx_CommutationCallback)
    i.HAL_TIM_Base_Init                      0x080014b4   Section        0  stm32f4xx_hal_tim.o(i.HAL_TIM_Base_Init)
    i.HAL_TIM_Base_MspInit                   0x080014e8   Section        0  stm32f4xx_hal_tim.o(i.HAL_TIM_Base_MspInit)
    i.HAL_TIM_Base_Start_IT                  0x080014ea   Section        0  stm32f4xx_hal_tim.o(i.HAL_TIM_Base_Start_IT)
    i.HAL_TIM_IC_CaptureCallback             0x08001508   Section        0  stm32f4xx_hal_tim.o(i.HAL_TIM_IC_CaptureCallback)
    i.HAL_TIM_IRQHandler                     0x0800150a   Section        0  stm32f4xx_hal_tim.o(i.HAL_TIM_IRQHandler)
    i.HAL_TIM_OC_DelayElapsedCallback        0x080016a0   Section        0  stm32f4xx_hal_tim.o(i.HAL_TIM_OC_DelayElapsedCallback)
    i.HAL_TIM_PWM_PulseFinishedCallback      0x080016a2   Section        0  stm32f4xx_hal_tim.o(i.HAL_TIM_PWM_PulseFinishedCallback)
    i.HAL_TIM_PeriodElapsedCallback          0x080016a4   Section        0  bsp_timer.o(i.HAL_TIM_PeriodElapsedCallback)
    i.HAL_TIM_TriggerCallback                0x080016e4   Section        0  stm32f4xx_hal_tim.o(i.HAL_TIM_TriggerCallback)
    i.HAL_UART_Init                          0x080016e6   Section        0  stm32f4xx_hal_uart.o(i.HAL_UART_Init)
    i.HAL_UART_MspInit                       0x08001758   Section        0  stm32f4xx_hal_uart.o(i.HAL_UART_MspInit)
    i.HardFault_Handler                      0x0800175a   Section        0  stm32f4xx_it.o(i.HardFault_Handler)
    i.IAP_Load_App                           0x08001760   Section        0  iap.o(i.IAP_Load_App)
    i.IAP_Proc                               0x08001784   Section        0  iap.o(i.IAP_Proc)
    i.IAP_WriteAppToFlash                    0x080017cc   Section        0  iap.o(i.IAP_WriteAppToFlash)
    i.InternalFlashEraseSector               0x08001838   Section        0  bsp_internalflash.o(i.InternalFlashEraseSector)
    i.InternalFlash_EraseWriteData           0x08001880   Section        0  bsp_internalflash.o(i.InternalFlash_EraseWriteData)
    i.InternalFlash_ReadData                 0x080018c8   Section        0  bsp_internalflash.o(i.InternalFlash_ReadData)
    i.InternalFlash_Test2                    0x080018e4   Section        0  bsp_internalflash.o(i.InternalFlash_Test2)
    i.InternalFlash_WriteData                0x08001920   Section        0  bsp_internalflash.o(i.InternalFlash_WriteData)
    i.LED_GPIO_Config                        0x08001960   Section        0  bsp_led.o(i.LED_GPIO_Config)
    i.MMM_Init                               0x08001a10   Section        0  multi_timer_user.o(i.MMM_Init)
    i.MemManage_Handler                      0x08001a58   Section        0  stm32f4xx_it.o(i.MemManage_Handler)
    i.MultiButton_Init                       0x08001a5c   Section        0  multi_button_user.o(i.MultiButton_Init)
    i.MultiTimer_DebugUart_CallBack          0x08001aa0   Section        0  multi_timer_user.o(i.MultiTimer_DebugUart_CallBack)
    i.MultiTimer_TIM_Init                    0x08001abc   Section        0  bsp_timer.o(i.MultiTimer_TIM_Init)
    i.MultiTimer_TIM_Mode_Config             0x08001ac8   Section        0  bsp_timer.o(i.MultiTimer_TIM_Mode_Config)
    MultiTimer_TIM_Mode_Config               0x08001ac9   Thumb Code    68  bsp_timer.o(i.MultiTimer_TIM_Mode_Config)
    i.MultiTimer_TIM_NVIC_Configuration      0x08001b18   Section        0  bsp_timer.o(i.MultiTimer_TIM_NVIC_Configuration)
    MultiTimer_TIM_NVIC_Configuration        0x08001b19   Thumb Code    20  bsp_timer.o(i.MultiTimer_TIM_NVIC_Configuration)
    i.MultiTimer_Task_1_CallBack             0x08001b2c   Section        0  multi_timer_user.o(i.MultiTimer_Task_1_CallBack)
    i.NMI_Handler                            0x08001b5c   Section        0  stm32f4xx_it.o(i.NMI_Handler)
    i.NVIC_GetPriorityGrouping               0x08001b60   Section        0  stm32f4xx_hal_cortex.o(i.NVIC_GetPriorityGrouping)
    NVIC_GetPriorityGrouping                 0x08001b61   Thumb Code    10  stm32f4xx_hal_cortex.o(i.NVIC_GetPriorityGrouping)
    i.NVIC_SetPriority                       0x08001b70   Section        0  stm32f4xx_hal_cortex.o(i.NVIC_SetPriority)
    NVIC_SetPriority                         0x08001b71   Thumb Code    32  stm32f4xx_hal_cortex.o(i.NVIC_SetPriority)
    i.PendSV_Handler                         0x08001b98   Section        0  stm32f4xx_it.o(i.PendSV_Handler)
    i.SDIO_IRQHandler                        0x08001b9a   Section        0  stm32f4xx_it.o(i.SDIO_IRQHandler)
    i.SVC_Handler                            0x08001b9c   Section        0  stm32f4xx_it.o(i.SVC_Handler)
    i.SysTick_Handler                        0x08001b9e   Section        0  stm32f4xx_it.o(i.SysTick_Handler)
    i.SystemClock_Config                     0x08001ba6   Section        0  bsp_rcc.o(i.SystemClock_Config)
    i.SystemInit                             0x08001c14   Section        0  system_stm32f4xx.o(i.SystemInit)
    i.TIM6_DAC_IRQHandler                    0x08001c78   Section        0  bsp_timer.o(i.TIM6_DAC_IRQHandler)
    i.TIM7_IRQHandler                        0x08001c88   Section        0  bsp_timer.o(i.TIM7_IRQHandler)
    i.TIM_Base_SetConfig                     0x08001c98   Section        0  stm32f4xx_hal_tim.o(i.TIM_Base_SetConfig)
    i.Timer_MultiButton_CallBack             0x08001d7c   Section        0  multi_timer_user.o(i.Timer_MultiButton_CallBack)
    i.UART_SetConfig                         0x08001d9c   Section        0  stm32f4xx_hal_uart.o(i.UART_SetConfig)
    UART_SetConfig                           0x08001d9d   Thumb Code   864  stm32f4xx_hal_uart.o(i.UART_SetConfig)
    i.USART1_IRQHandler                      0x08002104   Section        0  bsp_uart_debug.o(i.USART1_IRQHandler)
    i.UsageFault_Handler                     0x08002168   Section        0  stm32f4xx_it.o(i.UsageFault_Handler)
    i.__scatterload_copy                     0x0800216c   Section       14  handlers.o(i.__scatterload_copy)
    i.__scatterload_null                     0x0800217a   Section        2  handlers.o(i.__scatterload_null)
    i.__scatterload_zeroinit                 0x0800217c   Section       14  handlers.o(i.__scatterload_zeroinit)
    i.button_attach                          0x0800218a   Section        0  multi_button.o(i.button_attach)
    i.button_handler                         0x08002194   Section        0  multi_button.o(i.button_handler)
    i.button_init                            0x080023d2   Section        0  multi_button.o(i.button_init)
    i.button_start                           0x08002410   Section        0  multi_button.o(i.button_start)
    i.button_ticks                           0x0800243c   Section        0  multi_button.o(i.button_ticks)
    i.main                                   0x08002458   Section        0  main.o(i.main)
    i.multi_timer_install_ticks              0x08002464   Section        0  multi_timer.o(i.multi_timer_install_ticks)
    i.multi_timer_start                      0x08002474   Section        0  multi_timer.o(i.multi_timer_start)
    i.multi_timer_yield                      0x08002504   Section        0  multi_timer.o(i.multi_timer_yield)
    i.pU8ToU32                               0x0800254c   Section        0  common.o(i.pU8ToU32)
    i.read_button_GPIO                       0x08002574   Section        0  multi_button_user.o(i.read_button_GPIO)
    .constdata                               0x08002598   Section       24  system_stm32f4xx.o(.constdata)
    .constdata                               0x080025b0   Section        4  board.o(.constdata)
    .data                                    0x20000000   Section        4  system_stm32f4xx.o(.data)
    .data                                    0x20000004   Section        9  stm32f4xx_hal.o(.data)
    .data                                    0x20000010   Section        8  bsp_uart_debug.o(.data)
    .data                                    0x20000018   Section        8  bsp_timer.o(.data)
    .data                                    0x20000020   Section        8  multi_timer.o(.data)
    p_timer_list_                            0x20000020   Data           4  multi_timer.o(.data)
    platformTicksFunction                    0x20000024   Data           4  multi_timer.o(.data)
    .data                                    0x20000028   Section        4  multi_button.o(.data)
    head_handle                              0x20000028   Data           4  multi_button.o(.data)
    .data                                    0x2000002c   Section        1  multi_button_user.o(.data)
    .bss                                     0x20000030   Section       32  stm32f4xx_hal_flash.o(.bss)
    .bss                                     0x20000050   Section    131136  bsp_uart_debug.o(.bss)
    .bss                                     0x20020090   Section      120  bsp_timer.o(.bss)
    .bss                                     0x20020108   Section       40  bsp_internalflash.o(.bss)
    EraseInitStruct                          0x20020108   Data          20  bsp_internalflash.o(.bss)
    EraseInitStruct                          0x2002011c   Data          20  bsp_internalflash.o(.bss)
    .bss                                     0x20020130   Section     2048  iap.o(.bss)
    .bss                                     0x20020930   Section       72  multi_timer_user.o(.bss)
    .bss                                     0x20020978   Section       44  multi_button_user.o(.bss)
    STACK                                    0x200209a8   Section     1024  startup_stm32f429xx.o(STACK)

    Global Symbols

    Symbol Name                              Value     Ov Type        Size  Object(Section)

    BuildAttributes$$THM_ISAv4$E$P$D$K$B$S$7EM$VFPi3$EXTD16$VFPS$VFMA$PE$A:L22UL41UL21$X:L11$S22US41US21$IEEE1$IW$USESV6$~STKCKD$USESV7$~SHL$OSPACE$EBA8$MICROLIB$REQ8$PRES8$EABIv2 0x00000000   Number         0  anon$$obj.o ABSOLUTE
    __ARM_use_no_argv                        0x00000000   Number         0  main.o ABSOLUTE
    __cpp_initialize__aeabi_                  - Undefined Weak Reference
    __cxa_finalize                            - Undefined Weak Reference
    __decompress                              - Undefined Weak Reference
    _clock_init                               - Undefined Weak Reference
    _microlib_exit                            - Undefined Weak Reference
    __Vectors_Size                           0x000001ac   Number         0  startup_stm32f429xx.o ABSOLUTE
    __Vectors                                0x08000000   Data           4  startup_stm32f429xx.o(RESET)
    __Vectors_End                            0x080001ac   Data           0  startup_stm32f429xx.o(RESET)
    __main                                   0x080001ad   Thumb Code     0  entry.o(.ARM.Collect$$$$00000000)
    _main_stk                                0x080001ad   Thumb Code     0  entry2.o(.ARM.Collect$$$$00000001)
    _main_scatterload                        0x080001b1   Thumb Code     0  entry5.o(.ARM.Collect$$$$00000004)
    __main_after_scatterload                 0x080001b5   Thumb Code     0  entry5.o(.ARM.Collect$$$$00000004)
    _main_clock                              0x080001b5   Thumb Code     0  entry7b.o(.ARM.Collect$$$$00000008)
    _main_cpp_init                           0x080001b5   Thumb Code     0  entry8b.o(.ARM.Collect$$$$0000000A)
    _main_init                               0x080001b5   Thumb Code     0  entry9a.o(.ARM.Collect$$$$0000000B)
    __rt_final_cpp                           0x080001bd   Thumb Code     0  entry10a.o(.ARM.Collect$$$$0000000D)
    __rt_final_exit                          0x080001bd   Thumb Code     0  entry11a.o(.ARM.Collect$$$$0000000F)
    Reset_Handler                            0x080001c1   Thumb Code     8  startup_stm32f429xx.o(.text)
    ADC_IRQHandler                           0x080001db   Thumb Code     0  startup_stm32f429xx.o(.text)
    CAN1_RX0_IRQHandler                      0x080001db   Thumb Code     0  startup_stm32f429xx.o(.text)
    CAN1_RX1_IRQHandler                      0x080001db   Thumb Code     0  startup_stm32f429xx.o(.text)
    CAN1_SCE_IRQHandler                      0x080001db   Thumb Code     0  startup_stm32f429xx.o(.text)
    CAN1_TX_IRQHandler                       0x080001db   Thumb Code     0  startup_stm32f429xx.o(.text)
    CAN2_RX0_IRQHandler                      0x080001db   Thumb Code     0  startup_stm32f429xx.o(.text)
    CAN2_RX1_IRQHandler                      0x080001db   Thumb Code     0  startup_stm32f429xx.o(.text)
    CAN2_SCE_IRQHandler                      0x080001db   Thumb Code     0  startup_stm32f429xx.o(.text)
    CAN2_TX_IRQHandler                       0x080001db   Thumb Code     0  startup_stm32f429xx.o(.text)
    DCMI_IRQHandler                          0x080001db   Thumb Code     0  startup_stm32f429xx.o(.text)
    DMA1_Stream0_IRQHandler                  0x080001db   Thumb Code     0  startup_stm32f429xx.o(.text)
    DMA1_Stream1_IRQHandler                  0x080001db   Thumb Code     0  startup_stm32f429xx.o(.text)
    DMA1_Stream2_IRQHandler                  0x080001db   Thumb Code     0  startup_stm32f429xx.o(.text)
    DMA1_Stream3_IRQHandler                  0x080001db   Thumb Code     0  startup_stm32f429xx.o(.text)
    DMA1_Stream4_IRQHandler                  0x080001db   Thumb Code     0  startup_stm32f429xx.o(.text)
    DMA1_Stream5_IRQHandler                  0x080001db   Thumb Code     0  startup_stm32f429xx.o(.text)
    DMA1_Stream6_IRQHandler                  0x080001db   Thumb Code     0  startup_stm32f429xx.o(.text)
    DMA1_Stream7_IRQHandler                  0x080001db   Thumb Code     0  startup_stm32f429xx.o(.text)
    DMA2D_IRQHandler                         0x080001db   Thumb Code     0  startup_stm32f429xx.o(.text)
    DMA2_Stream0_IRQHandler                  0x080001db   Thumb Code     0  startup_stm32f429xx.o(.text)
    DMA2_Stream1_IRQHandler                  0x080001db   Thumb Code     0  startup_stm32f429xx.o(.text)
    DMA2_Stream2_IRQHandler                  0x080001db   Thumb Code     0  startup_stm32f429xx.o(.text)
    DMA2_Stream4_IRQHandler                  0x080001db   Thumb Code     0  startup_stm32f429xx.o(.text)
    DMA2_Stream5_IRQHandler                  0x080001db   Thumb Code     0  startup_stm32f429xx.o(.text)
    DMA2_Stream7_IRQHandler                  0x080001db   Thumb Code     0  startup_stm32f429xx.o(.text)
    ETH_IRQHandler                           0x080001db   Thumb Code     0  startup_stm32f429xx.o(.text)
    ETH_WKUP_IRQHandler                      0x080001db   Thumb Code     0  startup_stm32f429xx.o(.text)
    EXTI15_10_IRQHandler                     0x080001db   Thumb Code     0  startup_stm32f429xx.o(.text)
    EXTI1_IRQHandler                         0x080001db   Thumb Code     0  startup_stm32f429xx.o(.text)
    EXTI2_IRQHandler                         0x080001db   Thumb Code     0  startup_stm32f429xx.o(.text)
    EXTI3_IRQHandler                         0x080001db   Thumb Code     0  startup_stm32f429xx.o(.text)
    EXTI4_IRQHandler                         0x080001db   Thumb Code     0  startup_stm32f429xx.o(.text)
    EXTI9_5_IRQHandler                       0x080001db   Thumb Code     0  startup_stm32f429xx.o(.text)
    FLASH_IRQHandler                         0x080001db   Thumb Code     0  startup_stm32f429xx.o(.text)
    FMC_IRQHandler                           0x080001db   Thumb Code     0  startup_stm32f429xx.o(.text)
    FPU_IRQHandler                           0x080001db   Thumb Code     0  startup_stm32f429xx.o(.text)
    HASH_RNG_IRQHandler                      0x080001db   Thumb Code     0  startup_stm32f429xx.o(.text)
    I2C1_ER_IRQHandler                       0x080001db   Thumb Code     0  startup_stm32f429xx.o(.text)
    I2C1_EV_IRQHandler                       0x080001db   Thumb Code     0  startup_stm32f429xx.o(.text)
    I2C2_ER_IRQHandler                       0x080001db   Thumb Code     0  startup_stm32f429xx.o(.text)
    I2C2_EV_IRQHandler                       0x080001db   Thumb Code     0  startup_stm32f429xx.o(.text)
    I2C3_ER_IRQHandler                       0x080001db   Thumb Code     0  startup_stm32f429xx.o(.text)
    I2C3_EV_IRQHandler                       0x080001db   Thumb Code     0  startup_stm32f429xx.o(.text)
    LTDC_ER_IRQHandler                       0x080001db   Thumb Code     0  startup_stm32f429xx.o(.text)
    LTDC_IRQHandler                          0x080001db   Thumb Code     0  startup_stm32f429xx.o(.text)
    OTG_FS_IRQHandler                        0x080001db   Thumb Code     0  startup_stm32f429xx.o(.text)
    OTG_FS_WKUP_IRQHandler                   0x080001db   Thumb Code     0  startup_stm32f429xx.o(.text)
    OTG_HS_EP1_IN_IRQHandler                 0x080001db   Thumb Code     0  startup_stm32f429xx.o(.text)
    OTG_HS_EP1_OUT_IRQHandler                0x080001db   Thumb Code     0  startup_stm32f429xx.o(.text)
    OTG_HS_IRQHandler                        0x080001db   Thumb Code     0  startup_stm32f429xx.o(.text)
    OTG_HS_WKUP_IRQHandler                   0x080001db   Thumb Code     0  startup_stm32f429xx.o(.text)
    PVD_IRQHandler                           0x080001db   Thumb Code     0  startup_stm32f429xx.o(.text)
    RCC_IRQHandler                           0x080001db   Thumb Code     0  startup_stm32f429xx.o(.text)
    RTC_Alarm_IRQHandler                     0x080001db   Thumb Code     0  startup_stm32f429xx.o(.text)
    RTC_WKUP_IRQHandler                      0x080001db   Thumb Code     0  startup_stm32f429xx.o(.text)
    SAI1_IRQHandler                          0x080001db   Thumb Code     0  startup_stm32f429xx.o(.text)
    SPI1_IRQHandler                          0x080001db   Thumb Code     0  startup_stm32f429xx.o(.text)
    SPI2_IRQHandler                          0x080001db   Thumb Code     0  startup_stm32f429xx.o(.text)
    SPI3_IRQHandler                          0x080001db   Thumb Code     0  startup_stm32f429xx.o(.text)
    SPI4_IRQHandler                          0x080001db   Thumb Code     0  startup_stm32f429xx.o(.text)
    SPI5_IRQHandler                          0x080001db   Thumb Code     0  startup_stm32f429xx.o(.text)
    SPI6_IRQHandler                          0x080001db   Thumb Code     0  startup_stm32f429xx.o(.text)
    TAMP_STAMP_IRQHandler                    0x080001db   Thumb Code     0  startup_stm32f429xx.o(.text)
    TIM1_BRK_TIM9_IRQHandler                 0x080001db   Thumb Code     0  startup_stm32f429xx.o(.text)
    TIM1_CC_IRQHandler                       0x080001db   Thumb Code     0  startup_stm32f429xx.o(.text)
    TIM1_TRG_COM_TIM11_IRQHandler            0x080001db   Thumb Code     0  startup_stm32f429xx.o(.text)
    TIM1_UP_TIM10_IRQHandler                 0x080001db   Thumb Code     0  startup_stm32f429xx.o(.text)
    TIM2_IRQHandler                          0x080001db   Thumb Code     0  startup_stm32f429xx.o(.text)
    TIM3_IRQHandler                          0x080001db   Thumb Code     0  startup_stm32f429xx.o(.text)
    TIM4_IRQHandler                          0x080001db   Thumb Code     0  startup_stm32f429xx.o(.text)
    TIM5_IRQHandler                          0x080001db   Thumb Code     0  startup_stm32f429xx.o(.text)
    TIM8_BRK_TIM12_IRQHandler                0x080001db   Thumb Code     0  startup_stm32f429xx.o(.text)
    TIM8_CC_IRQHandler                       0x080001db   Thumb Code     0  startup_stm32f429xx.o(.text)
    TIM8_TRG_COM_TIM14_IRQHandler            0x080001db   Thumb Code     0  startup_stm32f429xx.o(.text)
    TIM8_UP_TIM13_IRQHandler                 0x080001db   Thumb Code     0  startup_stm32f429xx.o(.text)
    UART4_IRQHandler                         0x080001db   Thumb Code     0  startup_stm32f429xx.o(.text)
    UART5_IRQHandler                         0x080001db   Thumb Code     0  startup_stm32f429xx.o(.text)
    UART7_IRQHandler                         0x080001db   Thumb Code     0  startup_stm32f429xx.o(.text)
    UART8_IRQHandler                         0x080001db   Thumb Code     0  startup_stm32f429xx.o(.text)
    USART2_IRQHandler                        0x080001db   Thumb Code     0  startup_stm32f429xx.o(.text)
    USART3_IRQHandler                        0x080001db   Thumb Code     0  startup_stm32f429xx.o(.text)
    USART6_IRQHandler                        0x080001db   Thumb Code     0  startup_stm32f429xx.o(.text)
    WWDG_IRQHandler                          0x080001db   Thumb Code     0  startup_stm32f429xx.o(.text)
    __aeabi_uldivmod                         0x080001e5   Thumb Code    98  uldiv.o(.text)
    __aeabi_memset                           0x08000247   Thumb Code    14  memseta.o(.text)
    __aeabi_memset4                          0x08000247   Thumb Code     0  memseta.o(.text)
    __aeabi_memset8                          0x08000247   Thumb Code     0  memseta.o(.text)
    __aeabi_memclr                           0x08000255   Thumb Code     4  memseta.o(.text)
    __aeabi_memclr4                          0x08000255   Thumb Code     0  memseta.o(.text)
    __aeabi_memclr8                          0x08000255   Thumb Code     0  memseta.o(.text)
    _memset$wrapper                          0x08000259   Thumb Code    18  memseta.o(.text)
    __aeabi_llsl                             0x0800026b   Thumb Code    30  llshl.o(.text)
    _ll_shift_l                              0x0800026b   Thumb Code     0  llshl.o(.text)
    __aeabi_llsr                             0x08000289   Thumb Code    32  llushr.o(.text)
    _ll_ushift_r                             0x08000289   Thumb Code     0  llushr.o(.text)
    __scatterload                            0x080002a9   Thumb Code    28  init.o(.text)
    __scatterload_rt2                        0x080002a9   Thumb Code     0  init.o(.text)
    BSP_Init                                 0x080002cd   Thumb Code    30  board.o(i.BSP_Init)
    BTN1_DOUBLE_Click_Handler                0x080002f1   Thumb Code    14  multi_button_user.o(i.BTN1_DOUBLE_Click_Handler)
    BTN1_SINGLE_Click_Handler                0x08000305   Thumb Code    22  multi_button_user.o(i.BTN1_SINGLE_Click_Handler)
    BusFault_Handler                         0x08000321   Thumb Code     4  stm32f4xx_it.o(i.BusFault_Handler)
    Button_GPIO_Config                       0x08000325   Thumb Code   102  bsp_button.o(i.Button_GPIO_Config)
    DMA2_Stream3_IRQHandler                  0x08000399   Thumb Code     2  stm32f4xx_it.o(i.DMA2_Stream3_IRQHandler)
    DMA2_Stream6_IRQHandler                  0x0800039b   Thumb Code     2  stm32f4xx_it.o(i.DMA2_Stream6_IRQHandler)
    DebugMon_Handler                         0x0800039d   Thumb Code     2  stm32f4xx_it.o(i.DebugMon_Handler)
    Debug_Uart_Config                        0x080003a1   Thumb Code    52  bsp_uart_debug.o(i.Debug_Uart_Config)
    Debug_Uart_Init                          0x080003dd   Thumb Code   172  bsp_uart_debug.o(i.Debug_Uart_Init)
    EXTI0_IRQHandler                         0x08000491   Thumb Code     2  stm32f4xx_it.o(i.EXTI0_IRQHandler)
    FLASH_Erase_Sector                       0x08000495   Thumb Code    92  stm32f4xx_hal_flash_ex.o(i.FLASH_Erase_Sector)
    FLASH_FlushCaches                        0x080004f5   Thumb Code   114  stm32f4xx_hal_flash_ex.o(i.FLASH_FlushCaches)
    FLASH_WaitForLastOperation               0x08000715   Thumb Code    90  stm32f4xx_hal_flash.o(i.FLASH_WaitForLastOperation)
    GetMultiTimer_Ticks                      0x08000779   Thumb Code     6  bsp_timer.o(i.GetMultiTimer_Ticks)
    HAL_FLASHEx_Erase                        0x08000869   Thumb Code   166  stm32f4xx_hal_flash_ex.o(i.HAL_FLASHEx_Erase)
    HAL_FLASH_Lock                           0x08000919   Thumb Code    16  stm32f4xx_hal_flash.o(i.HAL_FLASH_Lock)
    HAL_FLASH_Program                        0x0800092d   Thumb Code   142  stm32f4xx_hal_flash.o(i.HAL_FLASH_Program)
    HAL_FLASH_Unlock                         0x080009c5   Thumb Code    38  stm32f4xx_hal_flash.o(i.HAL_FLASH_Unlock)
    HAL_GPIO_Init                            0x080009f9   Thumb Code   486  stm32f4xx_hal_gpio.o(i.HAL_GPIO_Init)
    HAL_GPIO_ReadPin                         0x08000c15   Thumb Code    16  stm32f4xx_hal_gpio.o(i.HAL_GPIO_ReadPin)
    HAL_GetTick                              0x08000c25   Thumb Code     6  stm32f4xx_hal.o(i.HAL_GetTick)
    HAL_IncTick                              0x08000c31   Thumb Code    16  stm32f4xx_hal.o(i.HAL_IncTick)
    HAL_InitTick                             0x08000c49   Thumb Code    64  stm32f4xx_hal.o(i.HAL_InitTick)
    HAL_NVIC_EnableIRQ                       0x08000c95   Thumb Code    26  stm32f4xx_hal_cortex.o(i.HAL_NVIC_EnableIRQ)
    HAL_NVIC_SetPriority                     0x08000caf   Thumb Code   124  stm32f4xx_hal_cortex.o(i.HAL_NVIC_SetPriority)
    HAL_PWREx_EnableOverDrive                0x08000d2d   Thumb Code   128  stm32f4xx_hal_pwr_ex.o(i.HAL_PWREx_EnableOverDrive)
    HAL_RCC_ClockConfig                      0x08000db9   Thumb Code   366  stm32f4xx_hal_rcc.o(i.HAL_RCC_ClockConfig)
    HAL_RCC_GetHCLKFreq                      0x08000f39   Thumb Code     6  stm32f4xx_hal_rcc.o(i.HAL_RCC_GetHCLKFreq)
    HAL_RCC_GetPCLK1Freq                     0x08000f45   Thumb Code    22  stm32f4xx_hal_rcc.o(i.HAL_RCC_GetPCLK1Freq)
    HAL_RCC_GetPCLK2Freq                     0x08000f65   Thumb Code    22  stm32f4xx_hal_rcc.o(i.HAL_RCC_GetPCLK2Freq)
    HAL_RCC_GetSysClockFreq                  0x08000f85   Thumb Code   162  stm32f4xx_hal_rcc.o(i.HAL_RCC_GetSysClockFreq)
    HAL_RCC_OscConfig                        0x08001035   Thumb Code  1086  stm32f4xx_hal_rcc.o(i.HAL_RCC_OscConfig)
    HAL_SYSTICK_Config                       0x0800147d   Thumb Code    52  stm32f4xx_hal_cortex.o(i.HAL_SYSTICK_Config)
    HAL_TIMEx_BreakCallback                  0x080014b1   Thumb Code     2  stm32f4xx_hal_tim_ex.o(i.HAL_TIMEx_BreakCallback)
    HAL_TIMEx_CommutationCallback            0x080014b3   Thumb Code     2  stm32f4xx_hal_tim_ex.o(i.HAL_TIMEx_CommutationCallback)
    HAL_TIM_Base_Init                        0x080014b5   Thumb Code    52  stm32f4xx_hal_tim.o(i.HAL_TIM_Base_Init)
    HAL_TIM_Base_MspInit                     0x080014e9   Thumb Code     2  stm32f4xx_hal_tim.o(i.HAL_TIM_Base_MspInit)
    HAL_TIM_Base_Start_IT                    0x080014eb   Thumb Code    30  stm32f4xx_hal_tim.o(i.HAL_TIM_Base_Start_IT)
    HAL_TIM_IC_CaptureCallback               0x08001509   Thumb Code     2  stm32f4xx_hal_tim.o(i.HAL_TIM_IC_CaptureCallback)
    HAL_TIM_IRQHandler                       0x0800150b   Thumb Code   406  stm32f4xx_hal_tim.o(i.HAL_TIM_IRQHandler)
    HAL_TIM_OC_DelayElapsedCallback          0x080016a1   Thumb Code     2  stm32f4xx_hal_tim.o(i.HAL_TIM_OC_DelayElapsedCallback)
    HAL_TIM_PWM_PulseFinishedCallback        0x080016a3   Thumb Code     2  stm32f4xx_hal_tim.o(i.HAL_TIM_PWM_PulseFinishedCallback)
    HAL_TIM_PeriodElapsedCallback            0x080016a5   Thumb Code    46  bsp_timer.o(i.HAL_TIM_PeriodElapsedCallback)
    HAL_TIM_TriggerCallback                  0x080016e5   Thumb Code     2  stm32f4xx_hal_tim.o(i.HAL_TIM_TriggerCallback)
    HAL_UART_Init                            0x080016e7   Thumb Code   114  stm32f4xx_hal_uart.o(i.HAL_UART_Init)
    HAL_UART_MspInit                         0x08001759   Thumb Code     2  stm32f4xx_hal_uart.o(i.HAL_UART_MspInit)
    HardFault_Handler                        0x0800175b   Thumb Code     4  stm32f4xx_it.o(i.HardFault_Handler)
    IAP_Load_App                             0x08001761   Thumb Code    32  iap.o(i.IAP_Load_App)
    IAP_Proc                                 0x08001785   Thumb Code    58  iap.o(i.IAP_Proc)
    IAP_WriteAppToFlash                      0x080017cd   Thumb Code   100  iap.o(i.IAP_WriteAppToFlash)
    InternalFlashEraseSector                 0x08001839   Thumb Code    66  bsp_internalflash.o(i.InternalFlashEraseSector)
    InternalFlash_EraseWriteData             0x08001881   Thumb Code    72  bsp_internalflash.o(i.InternalFlash_EraseWriteData)
    InternalFlash_ReadData                   0x080018c9   Thumb Code    26  bsp_internalflash.o(i.InternalFlash_ReadData)
    InternalFlash_Test2                      0x080018e5   Thumb Code    54  bsp_internalflash.o(i.InternalFlash_Test2)
    InternalFlash_WriteData                  0x08001921   Thumb Code    64  bsp_internalflash.o(i.InternalFlash_WriteData)
    LED_GPIO_Config                          0x08001961   Thumb Code   168  bsp_led.o(i.LED_GPIO_Config)
    MMM_Init                                 0x08001a11   Thumb Code    52  multi_timer_user.o(i.MMM_Init)
    MemManage_Handler                        0x08001a59   Thumb Code     4  stm32f4xx_it.o(i.MemManage_Handler)
    MultiButton_Init                         0x08001a5d   Thumb Code    48  multi_button_user.o(i.MultiButton_Init)
    MultiTimer_DebugUart_CallBack            0x08001aa1   Thumb Code    22  multi_timer_user.o(i.MultiTimer_DebugUart_CallBack)
    MultiTimer_TIM_Init                      0x08001abd   Thumb Code    12  bsp_timer.o(i.MultiTimer_TIM_Init)
    MultiTimer_Task_1_CallBack               0x08001b2d   Thumb Code    38  multi_timer_user.o(i.MultiTimer_Task_1_CallBack)
    NMI_Handler                              0x08001b5d   Thumb Code     2  stm32f4xx_it.o(i.NMI_Handler)
    PendSV_Handler                           0x08001b99   Thumb Code     2  stm32f4xx_it.o(i.PendSV_Handler)
    SDIO_IRQHandler                          0x08001b9b   Thumb Code     2  stm32f4xx_it.o(i.SDIO_IRQHandler)
    SVC_Handler                              0x08001b9d   Thumb Code     2  stm32f4xx_it.o(i.SVC_Handler)
    SysTick_Handler                          0x08001b9f   Thumb Code     8  stm32f4xx_it.o(i.SysTick_Handler)
    SystemClock_Config                       0x08001ba7   Thumb Code   110  bsp_rcc.o(i.SystemClock_Config)
    SystemInit                               0x08001c15   Thumb Code    82  system_stm32f4xx.o(i.SystemInit)
    TIM6_DAC_IRQHandler                      0x08001c79   Thumb Code    10  bsp_timer.o(i.TIM6_DAC_IRQHandler)
    TIM7_IRQHandler                          0x08001c89   Thumb Code    10  bsp_timer.o(i.TIM7_IRQHandler)
    TIM_Base_SetConfig                       0x08001c99   Thumb Code   184  stm32f4xx_hal_tim.o(i.TIM_Base_SetConfig)
    Timer_MultiButton_CallBack               0x08001d7d   Thumb Code    28  multi_timer_user.o(i.Timer_MultiButton_CallBack)
    USART1_IRQHandler                        0x08002105   Thumb Code    78  bsp_uart_debug.o(i.USART1_IRQHandler)
    UsageFault_Handler                       0x08002169   Thumb Code     4  stm32f4xx_it.o(i.UsageFault_Handler)
    __scatterload_copy                       0x0800216d   Thumb Code    14  handlers.o(i.__scatterload_copy)
    __scatterload_null                       0x0800217b   Thumb Code     2  handlers.o(i.__scatterload_null)
    __scatterload_zeroinit                   0x0800217d   Thumb Code    14  handlers.o(i.__scatterload_zeroinit)
    button_attach                            0x0800218b   Thumb Code    10  multi_button.o(i.button_attach)
    button_handler                           0x08002195   Thumb Code   574  multi_button.o(i.button_handler)
    button_init                              0x080023d3   Thumb Code    60  multi_button.o(i.button_init)
    button_start                             0x08002411   Thumb Code    38  multi_button.o(i.button_start)
    button_ticks                             0x0800243d   Thumb Code    22  multi_button.o(i.button_ticks)
    main                                     0x08002459   Thumb Code    12  main.o(i.main)
    multi_timer_install_ticks                0x08002465   Thumb Code    10  multi_timer.o(i.multi_timer_install_ticks)
    multi_timer_start                        0x08002475   Thumb Code   134  multi_timer.o(i.multi_timer_start)
    multi_timer_yield                        0x08002505   Thumb Code    64  multi_timer.o(i.multi_timer_yield)
    pU8ToU32                                 0x0800254d   Thumb Code    40  common.o(i.pU8ToU32)
    read_button_GPIO                         0x08002575   Thumb Code    30  multi_button_user.o(i.read_button_GPIO)
    AHBPrescTable                            0x08002598   Data          16  system_stm32f4xx.o(.constdata)
    APBPrescTable                            0x080025a8   Data           8  system_stm32f4xx.o(.constdata)
    version                                  0x080025b0   Data           4  board.o(.constdata)
    Region$$Table$$Base                      0x080025b4   Number         0  anon$$obj.o(Region$$Table)
    Region$$Table$$Limit                     0x080025d4   Number         0  anon$$obj.o(Region$$Table)
    SystemCoreClock                          0x20000000   Data           4  system_stm32f4xx.o(.data)
    uwTick                                   0x20000004   Data           4  stm32f4xx_hal.o(.data)
    uwTickPrio                               0x20000008   Data           4  stm32f4xx_hal.o(.data)
    uwTickFreq                               0x2000000c   Data           1  stm32f4xx_hal.o(.data)
    DebugUartReveiveData                     0x20000010   Data           8  bsp_uart_debug.o(.data)
    MultiTimer_ticks                         0x20000018   Data           8  bsp_timer.o(.data)
    btn1_id                                  0x2000002c   Data           1  multi_button_user.o(.data)
    pFlash                                   0x20000030   Data          32  stm32f4xx_hal_flash.o(.bss)
    DebugUartHandler                         0x20000050   Data          64  bsp_uart_debug.o(.bss)
    DebugUartReceiveBuffer                   0x20000090   Data       131072  bsp_uart_debug.o(.bss)
    TIM_TimeBaseStructure                    0x20020090   Data          60  bsp_timer.o(.bss)
    TIM_MultiTimerStructure                  0x200200cc   Data          60  bsp_timer.o(.bss)
    g_iapbuf                                 0x20020130   Data        2048  iap.o(.bss)
    Task_1                                   0x20020930   Data          24  multi_timer_user.o(.bss)
    Timer_MultiButton_Handler                0x20020948   Data          24  multi_timer_user.o(.bss)
    Timer_DebugUart_Handler                  0x20020960   Data          24  multi_timer_user.o(.bss)
    btn1                                     0x20020978   Data          44  multi_button_user.o(.bss)
    __initial_sp                             0x20020da8   Data           0  startup_stm32f429xx.o(STACK)



==============================================================================

Memory Map of the image

  Image Entry point : 0x080001ad

  Load Region LR_IROM1 (Base: 0x08000000, Size: 0x00002604, Max: 0x000f0000, ABSOLUTE)

    Execution Region ER_IROM1 (Base: 0x08000000, Size: 0x000025d4, Max: 0x000f0000, ABSOLUTE)

    Base Addr    Size         Type   Attr      Idx    E Section Name        Object

    0x08000000   0x000001ac   Data   RO            3    RESET               startup_stm32f429xx.o
    0x080001ac   0x00000000   Code   RO         6980  * .ARM.Collect$$$$00000000  mc_w.l(entry.o)
    0x080001ac   0x00000004   Code   RO         6991    .ARM.Collect$$$$00000001  mc_w.l(entry2.o)
    0x080001b0   0x00000004   Code   RO         6994    .ARM.Collect$$$$00000004  mc_w.l(entry5.o)
    0x080001b4   0x00000000   Code   RO         6996    .ARM.Collect$$$$00000008  mc_w.l(entry7b.o)
    0x080001b4   0x00000000   Code   RO         6998    .ARM.Collect$$$$0000000A  mc_w.l(entry8b.o)
    0x080001b4   0x00000008   Code   RO         6999    .ARM.Collect$$$$0000000B  mc_w.l(entry9a.o)
    0x080001bc   0x00000000   Code   RO         7001    .ARM.Collect$$$$0000000D  mc_w.l(entry10a.o)
    0x080001bc   0x00000000   Code   RO         7003    .ARM.Collect$$$$0000000F  mc_w.l(entry11a.o)
    0x080001bc   0x00000004   Code   RO         6992    .ARM.Collect$$$$00002712  mc_w.l(entry2.o)
    0x080001c0   0x00000024   Code   RO            4    .text               startup_stm32f429xx.o
    0x080001e4   0x00000062   Code   RO         6983    .text               mc_w.l(uldiv.o)
    0x08000246   0x00000024   Code   RO         6987    .text               mc_w.l(memseta.o)
    0x0800026a   0x0000001e   Code   RO         7005    .text               mc_w.l(llshl.o)
    0x08000288   0x00000020   Code   RO         7007    .text               mc_w.l(llushr.o)
    0x080002a8   0x00000024   Code   RO         7009    .text               mc_w.l(init.o)
    0x080002cc   0x00000024   Code   RO         6909    i.BSP_Init          board.o
    0x080002f0   0x00000014   Code   RO         6730    i.BTN1_DOUBLE_Click_Handler  multi_button_user.o
    0x08000304   0x0000001c   Code   RO         6731    i.BTN1_SINGLE_Click_Handler  multi_button_user.o
    0x08000320   0x00000004   Code   RO         6806    i.BusFault_Handler  stm32f4xx_it.o
    0x08000324   0x00000074   Code   RO         6148    i.Button_GPIO_Config  bsp_button.o
    0x08000398   0x00000002   Code   RO         6807    i.DMA2_Stream3_IRQHandler  stm32f4xx_it.o
    0x0800039a   0x00000002   Code   RO         6808    i.DMA2_Stream6_IRQHandler  stm32f4xx_it.o
    0x0800039c   0x00000002   Code   RO         6809    i.DebugMon_Handler  stm32f4xx_it.o
    0x0800039e   0x00000002   PAD
    0x080003a0   0x0000003c   Code   RO         6281    i.Debug_Uart_Config  bsp_uart_debug.o
    0x080003dc   0x000000b4   Code   RO         6282    i.Debug_Uart_Init   bsp_uart_debug.o
    0x08000490   0x00000002   Code   RO         6810    i.EXTI0_IRQHandler  stm32f4xx_it.o
    0x08000492   0x00000002   PAD
    0x08000494   0x00000060   Code   RO         1333    i.FLASH_Erase_Sector  stm32f4xx_hal_flash_ex.o
    0x080004f4   0x00000078   Code   RO         1334    i.FLASH_FlushCaches  stm32f4xx_hal_flash_ex.o
    0x0800056c   0x00000054   Code   RO         1335    i.FLASH_MassErase   stm32f4xx_hal_flash_ex.o
    0x080005c0   0x00000024   Code   RO         1215    i.FLASH_Program_Byte  stm32f4xx_hal_flash.o
    0x080005e4   0x0000002c   Code   RO         1216    i.FLASH_Program_DoubleWord  stm32f4xx_hal_flash.o
    0x08000610   0x00000028   Code   RO         1217    i.FLASH_Program_HalfWord  stm32f4xx_hal_flash.o
    0x08000638   0x00000028   Code   RO         1218    i.FLASH_Program_Word  stm32f4xx_hal_flash.o
    0x08000660   0x000000b4   Code   RO         1219    i.FLASH_SetErrorCode  stm32f4xx_hal_flash.o
    0x08000714   0x00000064   Code   RO         1220    i.FLASH_WaitForLastOperation  stm32f4xx_hal_flash.o
    0x08000778   0x0000000c   Code   RO         6345    i.GetMultiTimer_Ticks  bsp_timer.o
    0x08000784   0x000000e4   Code   RO         6423    i.GetSector         bsp_internalflash.o
    0x08000868   0x000000b0   Code   RO         1350    i.HAL_FLASHEx_Erase  stm32f4xx_hal_flash_ex.o
    0x08000918   0x00000014   Code   RO         1224    i.HAL_FLASH_Lock    stm32f4xx_hal_flash.o
    0x0800092c   0x00000098   Code   RO         1229    i.HAL_FLASH_Program  stm32f4xx_hal_flash.o
    0x080009c4   0x00000034   Code   RO         1231    i.HAL_FLASH_Unlock  stm32f4xx_hal_flash.o
    0x080009f8   0x0000021c   Code   RO         1504    i.HAL_GPIO_Init     stm32f4xx_hal_gpio.o
    0x08000c14   0x00000010   Code   RO         1506    i.HAL_GPIO_ReadPin  stm32f4xx_hal_gpio.o
    0x08000c24   0x0000000c   Code   RO          266    i.HAL_GetTick       stm32f4xx_hal.o
    0x08000c30   0x00000018   Code   RO          270    i.HAL_IncTick       stm32f4xx_hal.o
    0x08000c48   0x0000004c   Code   RO          272    i.HAL_InitTick      stm32f4xx_hal.o
    0x08000c94   0x0000001a   Code   RO          736    i.HAL_NVIC_EnableIRQ  stm32f4xx_hal_cortex.o
    0x08000cae   0x0000007c   Code   RO          742    i.HAL_NVIC_SetPriority  stm32f4xx_hal_cortex.o
    0x08000d2a   0x00000002   PAD
    0x08000d2c   0x0000008c   Code   RO         2533    i.HAL_PWREx_EnableOverDrive  stm32f4xx_hal_pwr_ex.o
    0x08000db8   0x00000180   Code   RO         2600    i.HAL_RCC_ClockConfig  stm32f4xx_hal_rcc.o
    0x08000f38   0x0000000c   Code   RO         2605    i.HAL_RCC_GetHCLKFreq  stm32f4xx_hal_rcc.o
    0x08000f44   0x00000020   Code   RO         2607    i.HAL_RCC_GetPCLK1Freq  stm32f4xx_hal_rcc.o
    0x08000f64   0x00000020   Code   RO         2608    i.HAL_RCC_GetPCLK2Freq  stm32f4xx_hal_rcc.o
    0x08000f84   0x000000b0   Code   RO         2609    i.HAL_RCC_GetSysClockFreq  stm32f4xx_hal_rcc.o
    0x08001034   0x00000448   Code   RO         2612    i.HAL_RCC_OscConfig  stm32f4xx_hal_rcc.o
    0x0800147c   0x00000034   Code   RO          747    i.HAL_SYSTICK_Config  stm32f4xx_hal_cortex.o
    0x080014b0   0x00000002   Code   RO         4756    i.HAL_TIMEx_BreakCallback  stm32f4xx_hal_tim_ex.o
    0x080014b2   0x00000002   Code   RO         4757    i.HAL_TIMEx_CommutationCallback  stm32f4xx_hal_tim_ex.o
    0x080014b4   0x00000034   Code   RO         4117    i.HAL_TIM_Base_Init  stm32f4xx_hal_tim.o
    0x080014e8   0x00000002   Code   RO         4119    i.HAL_TIM_Base_MspInit  stm32f4xx_hal_tim.o
    0x080014ea   0x0000001e   Code   RO         4122    i.HAL_TIM_Base_Start_IT  stm32f4xx_hal_tim.o
    0x08001508   0x00000002   Code   RO         4146    i.HAL_TIM_IC_CaptureCallback  stm32f4xx_hal_tim.o
    0x0800150a   0x00000196   Code   RO         4159    i.HAL_TIM_IRQHandler  stm32f4xx_hal_tim.o
    0x080016a0   0x00000002   Code   RO         4162    i.HAL_TIM_OC_DelayElapsedCallback  stm32f4xx_hal_tim.o
    0x080016a2   0x00000002   Code   RO         4189    i.HAL_TIM_PWM_PulseFinishedCallback  stm32f4xx_hal_tim.o
    0x080016a4   0x00000040   Code   RO         6346    i.HAL_TIM_PeriodElapsedCallback  bsp_timer.o
    0x080016e4   0x00000002   Code   RO         4200    i.HAL_TIM_TriggerCallback  stm32f4xx_hal_tim.o
    0x080016e6   0x00000072   Code   RO         5020    i.HAL_UART_Init     stm32f4xx_hal_uart.o
    0x08001758   0x00000002   Code   RO         5022    i.HAL_UART_MspInit  stm32f4xx_hal_uart.o
    0x0800175a   0x00000004   Code   RO         6811    i.HardFault_Handler  stm32f4xx_it.o
    0x0800175e   0x00000002   PAD
    0x08001760   0x00000024   Code   RO         6483    i.IAP_Load_App      iap.o
    0x08001784   0x00000048   Code   RO         6484    i.IAP_Proc          iap.o
    0x080017cc   0x0000006c   Code   RO         6485    i.IAP_WriteAppToFlash  iap.o
    0x08001838   0x00000048   Code   RO         6424    i.InternalFlashEraseSector  bsp_internalflash.o
    0x08001880   0x00000048   Code   RO         6425    i.InternalFlash_EraseWriteData  bsp_internalflash.o
    0x080018c8   0x0000001a   Code   RO         6426    i.InternalFlash_ReadData  bsp_internalflash.o
    0x080018e2   0x00000002   PAD
    0x080018e4   0x0000003c   Code   RO         6428    i.InternalFlash_Test2  bsp_internalflash.o
    0x08001920   0x00000040   Code   RO         6429    i.InternalFlash_WriteData  bsp_internalflash.o
    0x08001960   0x000000b0   Code   RO         6016    i.LED_GPIO_Config   bsp_led.o
    0x08001a10   0x00000048   Code   RO         6626    i.MMM_Init          multi_timer_user.o
    0x08001a58   0x00000004   Code   RO         6812    i.MemManage_Handler  stm32f4xx_it.o
    0x08001a5c   0x00000044   Code   RO         6732    i.MultiButton_Init  multi_button_user.o
    0x08001aa0   0x0000001c   Code   RO         6627    i.MultiTimer_DebugUart_CallBack  multi_timer_user.o
    0x08001abc   0x0000000c   Code   RO         6347    i.MultiTimer_TIM_Init  bsp_timer.o
    0x08001ac8   0x00000050   Code   RO         6348    i.MultiTimer_TIM_Mode_Config  bsp_timer.o
    0x08001b18   0x00000014   Code   RO         6349    i.MultiTimer_TIM_NVIC_Configuration  bsp_timer.o
    0x08001b2c   0x00000030   Code   RO         6628    i.MultiTimer_Task_1_CallBack  multi_timer_user.o
    0x08001b5c   0x00000002   Code   RO         6813    i.NMI_Handler       stm32f4xx_it.o
    0x08001b5e   0x00000002   PAD
    0x08001b60   0x00000010   Code   RO          749    i.NVIC_GetPriorityGrouping  stm32f4xx_hal_cortex.o
    0x08001b70   0x00000028   Code   RO          750    i.NVIC_SetPriority  stm32f4xx_hal_cortex.o
    0x08001b98   0x00000002   Code   RO         6814    i.PendSV_Handler    stm32f4xx_it.o
    0x08001b9a   0x00000002   Code   RO         6815    i.SDIO_IRQHandler   stm32f4xx_it.o
    0x08001b9c   0x00000002   Code   RO         6816    i.SVC_Handler       stm32f4xx_it.o
    0x08001b9e   0x00000008   Code   RO         6817    i.SysTick_Handler   stm32f4xx_it.o
    0x08001ba6   0x0000006e   Code   RO         6232    i.SystemClock_Config  bsp_rcc.o
    0x08001c14   0x00000064   Code   RO           14    i.SystemInit        system_stm32f4xx.o
    0x08001c78   0x00000010   Code   RO         6350    i.TIM6_DAC_IRQHandler  bsp_timer.o
    0x08001c88   0x00000010   Code   RO         6351    i.TIM7_IRQHandler   bsp_timer.o
    0x08001c98   0x000000e4   Code   RO         4201    i.TIM_Base_SetConfig  stm32f4xx_hal_tim.o
    0x08001d7c   0x00000020   Code   RO         6629    i.Timer_MultiButton_CallBack  multi_timer_user.o
    0x08001d9c   0x00000368   Code   RO         5047    i.UART_SetConfig    stm32f4xx_hal_uart.o
    0x08002104   0x00000064   Code   RO         6284    i.USART1_IRQHandler  bsp_uart_debug.o
    0x08002168   0x00000004   Code   RO         6818    i.UsageFault_Handler  stm32f4xx_it.o
    0x0800216c   0x0000000e   Code   RO         7013    i.__scatterload_copy  mc_w.l(handlers.o)
    0x0800217a   0x00000002   Code   RO         7014    i.__scatterload_null  mc_w.l(handlers.o)
    0x0800217c   0x0000000e   Code   RO         7015    i.__scatterload_zeroinit  mc_w.l(handlers.o)
    0x0800218a   0x0000000a   Code   RO         6671    i.button_attach     multi_button.o
    0x08002194   0x0000023e   Code   RO         6672    i.button_handler    multi_button.o
    0x080023d2   0x0000003c   Code   RO         6673    i.button_init       multi_button.o
    0x0800240e   0x00000002   PAD
    0x08002410   0x0000002c   Code   RO         6674    i.button_start      multi_button.o
    0x0800243c   0x0000001c   Code   RO         6676    i.button_ticks      multi_button.o
    0x08002458   0x0000000c   Code   RO         6779    i.main              main.o
    0x08002464   0x00000010   Code   RO         6588    i.multi_timer_install_ticks  multi_timer.o
    0x08002474   0x00000090   Code   RO         6589    i.multi_timer_start  multi_timer.o
    0x08002504   0x00000048   Code   RO         6591    i.multi_timer_yield  multi_timer.o
    0x0800254c   0x00000028   Code   RO         6543    i.pU8ToU32          common.o
    0x08002574   0x00000024   Code   RO         6733    i.read_button_GPIO  multi_button_user.o
    0x08002598   0x00000018   Data   RO           15    .constdata          system_stm32f4xx.o
    0x080025b0   0x00000004   Data   RO         6910    .constdata          board.o
    0x080025b4   0x00000020   Data   RO         7011    Region$$Table       anon$$obj.o


    Execution Region RW_IRAM1 (Base: 0x20000000, Size: 0x00020da8, Max: 0x00030000, ABSOLUTE)

    Base Addr    Size         Type   Attr      Idx    E Section Name        Object

    0x20000000   0x00000004   Data   RW           16    .data               system_stm32f4xx.o
    0x20000004   0x00000009   Data   RW          278    .data               stm32f4xx_hal.o
    0x2000000d   0x00000003   PAD
    0x20000010   0x00000008   Data   RW         6288    .data               bsp_uart_debug.o
    0x20000018   0x00000008   Data   RW         6356    .data               bsp_timer.o
    0x20000020   0x00000008   Data   RW         6592    .data               multi_timer.o
    0x20000028   0x00000004   Data   RW         6678    .data               multi_button.o
    0x2000002c   0x00000001   Data   RW         6735    .data               multi_button_user.o
    0x2000002d   0x00000003   PAD
    0x20000030   0x00000020   Zero   RW         1232    .bss                stm32f4xx_hal_flash.o
    0x20000050   0x00020040   Zero   RW         6287    .bss                bsp_uart_debug.o
    0x20020090   0x00000078   Zero   RW         6355    .bss                bsp_timer.o
    0x20020108   0x00000028   Zero   RW         6430    .bss                bsp_internalflash.o
    0x20020130   0x00000800   Zero   RW         6488    .bss                iap.o
    0x20020930   0x00000048   Zero   RW         6630    .bss                multi_timer_user.o
    0x20020978   0x0000002c   Zero   RW         6734    .bss                multi_button_user.o
    0x200209a4   0x00000004   PAD
    0x200209a8   0x00000400   Zero   RW            1    STACK               startup_stm32f429xx.o


==============================================================================

Image component sizes


      Code (inc. data)   RO Data    RW Data    ZI Data      Debug   Object Name

        36          6          4          0          0        961   board.o
       116         14          0          0          0        985   bsp_button.o
       522         58          0          0         40       6228   bsp_internalflash.o
       176          8          0          0          0       2910   bsp_led.o
       110          0          0          0          0        725   bsp_rcc.o
       220         48          0          8        120       4313   bsp_timer.o
       340         38          0          8     131136       3305   bsp_uart_debug.o
        40          0          0          0          0        919   common.o
       216         26          0          0       2048       7423   iap.o
        12          0          0          0          0        471   main.o
       716         18          0          4          0       4669   multi_button.o
       152         38          0          1         44       2721   multi_button_user.o
       232         24          0          8          0       3408   multi_timer.o
       180         40          0          0         72       2668   multi_timer_user.o
        36          8        428          0       1024        968   startup_stm32f429xx.o
       112         26          0          9          0       3402   stm32f4xx_hal.o
       258         14          0          0          0      30200   stm32f4xx_hal_cortex.o
       664         62          0          0         32       6098   stm32f4xx_hal_flash.o
       476         24          0          0          0       3354   stm32f4xx_hal_flash_ex.o
       556         54          0          0          0       2383   stm32f4xx_hal_gpio.o
       140         12          0          0          0       1308   stm32f4xx_hal_pwr_ex.o
      1732         84          0          0          0       5612   stm32f4xx_hal_rcc.o
       726         44          0          0          0       6390   stm32f4xx_hal_tim.o
         4          0          0          0          0       1610   stm32f4xx_hal_tim_ex.o
       988          8          0          0          0       2443   stm32f4xx_hal_uart.o
        40          0          0          0          0       6095   stm32f4xx_it.o
       100         18         24          4          0     752311   system_stm32f4xx.o

    ----------------------------------------------------------------------
      8914        672        488         48     134520     863880   Object Totals
         0          0         32          0          0          0   (incl. Generated)
        14          0          0          6          4          0   (incl. Padding)

    ----------------------------------------------------------------------

      Code (inc. data)   RO Data    RW Data    ZI Data      Debug   Library Member Name

         0          0          0          0          0          0   entry.o
         0          0          0          0          0          0   entry10a.o
         0          0          0          0          0          0   entry11a.o
         8          4          0          0          0          0   entry2.o
         4          0          0          0          0          0   entry5.o
         0          0          0          0          0          0   entry7b.o
         0          0          0          0          0          0   entry8b.o
         8          4          0          0          0          0   entry9a.o
        30          0          0          0          0          0   handlers.o
        36          8          0          0          0         68   init.o
        30          0          0          0          0         68   llshl.o
        32          0          0          0          0         68   llushr.o
        36          0          0          0          0        108   memseta.o
        98          0          0          0          0         92   uldiv.o

    ----------------------------------------------------------------------
       282         16          0          0          0        404   Library Totals
         0          0          0          0          0          0   (incl. Padding)

    ----------------------------------------------------------------------

      Code (inc. data)   RO Data    RW Data    ZI Data      Debug   Library Name

       282         16          0          0          0        404   mc_w.l

    ----------------------------------------------------------------------
       282         16          0          0          0        404   Library Totals

    ----------------------------------------------------------------------

==============================================================================


      Code (inc. data)   RO Data    RW Data    ZI Data      Debug   

      9196        688        488         48     134520     855084   Grand Totals
      9196        688        488         48     134520     855084   ELF Image Totals
      9196        688        488         48          0          0   ROM Totals

==============================================================================

    Total RO  Size (Code + RO Data)                 9684 (   9.46kB)
    Total RW  Size (RW Data + ZI Data)            134568 ( 131.41kB)
    Total ROM Size (Code + RO Data + RW Data)       9732 (   9.50kB)

==============================================================================

